----------------------------------------------------------------------
Density Report Summary:
----------------------------------------------------------------------
Window = {{0 0 58.1 38.8}}
---------------------------------------------------------------------------
Layer     Density(%)     Color1(%)      Color2(%)      Color1_vs_Color2    
---------------------------------------------------------------------------
M1        14.4611        
M2        34.506         24.8734        0              100                 
M3        37.627         29.2293        0              100                 
M4        42.8584        
M5        44.9476        
M6        62.348         
M7        14.3426        
----------------------------------------------------------------------
Detailed Density Report:
----------------------------------------------------------------------

Layer : M1
-----------------------------------------------------------------------------------------------
Window[(x1,y1) (x2,y2)]       Density(%)     color1(%)      color2(%)      color1_vs_color2(%) 
-----------------------------------------------------------------------------------------------
(0,0) (58.1,38.8)             14.4611        0              0              0                   

Layer : M1
-----------------------------------------------------------------------------------------------
Window[(x1,y1) (x2,y2)]       Density(%)     color1(%)      color2(%)      color1_vs_color2(%) 
-----------------------------------------------------------------------------------------------
(0,0) (58.1,38.8)             14.4611        0              0              0                   

Layer : M2
-----------------------------------------------------------------------------------------------
Window[(x1,y1) (x2,y2)]       Density(%)     color1(%)      color2(%)      color1_vs_color2(%) 
-----------------------------------------------------------------------------------------------
(25,0) (58.1,38.8)            34.5795        24.8097        0              100                 
(0,0) (50,38.8)               34.8977        24.2794        0              100                 

Layer : M2
-----------------------------------------------------------------------------------------------
Window[(x1,y1) (x2,y2)]       Density(%)     color1(%)      color2(%)      color1_vs_color2(%) 
-----------------------------------------------------------------------------------------------
(0,0) (58.1,38.8)             34.506         24.8734        0              100                 

Layer : M3
-----------------------------------------------------------------------------------------------
Window[(x1,y1) (x2,y2)]       Density(%)     color1(%)      color2(%)      color1_vs_color2(%) 
-----------------------------------------------------------------------------------------------
(25,0) (58.1,38.8)            37.4573        28.5873        0              100                 
(0,0) (50,38.8)               37.7758        28.8979        0              100                 

Layer : M3
-----------------------------------------------------------------------------------------------
Window[(x1,y1) (x2,y2)]       Density(%)     color1(%)      color2(%)      color1_vs_color2(%) 
-----------------------------------------------------------------------------------------------
(0,0) (58.1,38.8)             37.627         29.2293        0              100                 

Layer : M4
-----------------------------------------------------------------------------------------------
Window[(x1,y1) (x2,y2)]       Density(%)     color1(%)      color2(%)      color1_vs_color2(%) 
-----------------------------------------------------------------------------------------------
(25,0) (58.1,38.8)            42.8904        0              0              0                   
(0,0) (50,38.8)               42.9508        0              0              0                   

Layer : M4
-----------------------------------------------------------------------------------------------
Window[(x1,y1) (x2,y2)]       Density(%)     color1(%)      color2(%)      color1_vs_color2(%) 
-----------------------------------------------------------------------------------------------
(0,0) (58.1,38.8)             42.8584        0              0              0                   

Layer : M5
-----------------------------------------------------------------------------------------------
Window[(x1,y1) (x2,y2)]       Density(%)     color1(%)      color2(%)      color1_vs_color2(%) 
-----------------------------------------------------------------------------------------------
(0,0) (50,38.8)               45.2714        0              0              0                   
(25,0) (58.1,38.8)            45.3215        0              0              0                   

Layer : M5
-----------------------------------------------------------------------------------------------
Window[(x1,y1) (x2,y2)]       Density(%)     color1(%)      color2(%)      color1_vs_color2(%) 
-----------------------------------------------------------------------------------------------
(0,0) (58.1,38.8)             44.9476        0              0              0                   

Layer : M6
-----------------------------------------------------------------------------------------------
Window[(x1,y1) (x2,y2)]       Density(%)     color1(%)      color2(%)      color1_vs_color2(%) 
-----------------------------------------------------------------------------------------------
(25,0) (58.1,38.8)            62.4861        0              0              0                   
(0,0) (50,38.8)               62.9032        0              0              0                   

Layer : M6
-----------------------------------------------------------------------------------------------
Window[(x1,y1) (x2,y2)]       Density(%)     color1(%)      color2(%)      color1_vs_color2(%) 
-----------------------------------------------------------------------------------------------
(0,0) (58.1,38.8)             62.348         0              0              0                   

Layer : M7
-----------------------------------------------------------------------------------------------
Window[(x1,y1) (x2,y2)]       Density(%)     color1(%)      color2(%)      color1_vs_color2(%) 
-----------------------------------------------------------------------------------------------
*(0,0) (50,38.8)              12.7226        0              0              0                   
*(25,0) (58.1,38.8)           13.8695        0              0              0                   

Layer : M7
-----------------------------------------------------------------------------------------------
Window[(x1,y1) (x2,y2)]       Density(%)     color1(%)      color2(%)      color1_vs_color2(%) 
-----------------------------------------------------------------------------------------------
(0,0) (58.1,38.8)             14.3426        0              0              0                   

