----------------------------------------------------------------------
Density Report Summary:
----------------------------------------------------------------------
Window = {{0 0 58.1 38.8}}
--------------------
Layer     Density(%)     
--------------------
M1        14.4611        
M2        9.6326         
M3        8.39773        
M4        8.06655        
M5        5.90955        
M6        18.1399        
M7        14.3426        
----------------------------------------------------------------------
Detailed Density Report:
----------------------------------------------------------------------

Layer : M1
----------------------------------------
Window[(x1,y1) (x2,y2)]       Density(%)     
----------------------------------------
(0,0) (58.1,38.8)             14.4611        

Layer : M1
----------------------------------------
Window[(x1,y1) (x2,y2)]       Density(%)     
----------------------------------------
(0,0) (58.1,38.8)             14.4611        

Layer : M2
----------------------------------------
Window[(x1,y1) (x2,y2)]       Density(%)     
----------------------------------------
*(25,0) (58.1,38.8)           9.76981        
*(0,0) (50,38.8)              10.6183        

Layer : M2
----------------------------------------
Window[(x1,y1) (x2,y2)]       Density(%)     
----------------------------------------
(0,0) (58.1,38.8)             9.6326         

Layer : M3
----------------------------------------
Window[(x1,y1) (x2,y2)]       Density(%)     
----------------------------------------
*(25,0) (58.1,38.8)           8.87006        
*(0,0) (50,38.8)              8.87784        

Layer : M3
----------------------------------------
Window[(x1,y1) (x2,y2)]       Density(%)     
----------------------------------------
(0,0) (58.1,38.8)             8.39773        

Layer : M4
----------------------------------------
Window[(x1,y1) (x2,y2)]       Density(%)     
----------------------------------------
*(0,0) (50,38.8)              7.54415        
*(25,0) (58.1,38.8)           9.08395        

Layer : M4
----------------------------------------
Window[(x1,y1) (x2,y2)]       Density(%)     
----------------------------------------
(0,0) (58.1,38.8)             8.06655        

Layer : M5
----------------------------------------
Window[(x1,y1) (x2,y2)]       Density(%)     
----------------------------------------
*(0,0) (50,38.8)              6.43819        
*(25,0) (58.1,38.8)           6.91085        

Layer : M5
----------------------------------------
Window[(x1,y1) (x2,y2)]       Density(%)     
----------------------------------------
(0,0) (58.1,38.8)             5.90955        

Layer : M6
----------------------------------------
Window[(x1,y1) (x2,y2)]       Density(%)     
----------------------------------------
(25,0) (58.1,38.8)            18.4792        
(0,0) (50,38.8)               18.5989        

Layer : M6
----------------------------------------
Window[(x1,y1) (x2,y2)]       Density(%)     
----------------------------------------
(0,0) (58.1,38.8)             18.1399        

Layer : M7
----------------------------------------
Window[(x1,y1) (x2,y2)]       Density(%)     
----------------------------------------
*(0,0) (50,38.8)              12.7226        
*(25,0) (58.1,38.8)           13.8695        

Layer : M7
----------------------------------------
Window[(x1,y1) (x2,y2)]       Density(%)     
----------------------------------------
(0,0) (58.1,38.8)             14.3426        

