


                              Fusion Compiler (TM)

                  Version V-2023.12 for linux64 - Nov 23, 2023
  This release has significant feature enhancements. Please review the Release
                       Notes associated with this release.

                    Copyright (c) 1988 - 2023 Synopsys, Inc.
   This software and the associated documentation are proprietary to Synopsys,
 Inc. This software may only be used in accordance with the terms and conditions
 of a written license agreement with Synopsys, Inc. All other use, reproduction,
   or distribution of this software is strictly prohibited.  Licensed Products
     communicate with Synopsys servers for the purpose of providing software
    updates, detecting software piracy and verifying that customers are using
    Licensed Products in conformity with the applicable License Key for such
  Licensed Products. Synopsys will use information gathered in connection with
    this process to deliver software updates and pursue software pirates and
                                   infringers.

 Inclusivity & Diversity - Visit SolvNetPlus to read the "Synopsys Statement on
            Inclusivity and Diversity" (Refer to article 000036315 at
                        https://solvnetplus.synopsys.com)
 
Error: This script has expired. Please contact Aditya/Amir/Wei-Chih.
Loading user preference file /home/student/.synopsys_fc_gui/preferences.tcl
#####################################################################
#####                          Task 0                           #####
#####################################################################
#### Sourcing main setup script
source -echo  ../../../setup/main_setup.tcl
#####################################################################
###           Main Setup Script for Fusion Compiler
#####################################################################
set LabRootDir			"[pwd]/../../../.."     ; # root dir for the labs
set LabDir				"${LabRootDir}/lab" ; # directory for lab exercises
set SrcDir				"${LabRootDir}/src"  ; # directory for source files (RTL, SDC)
#set TechLibDir			"${LabRootDir}/tech" ; # technology library path
set TechLibDir			"/eda/synopsys/files/FC_Labs/common" ; # technology library path
set SetupDir			"${LabDir}/setup"   ; # directory with setup files
set TechLibName			"saed14rvt"			 ; # define library name
set CellPrefix			"SAEDRVT14"			 ; # define cell prefix
set TechNodeName		"saed14nm"			 ; # define technology node name
set MetalStack			"1p9m"				 ; # define metal stack
#set RefNdmType			"frame_only"		 ; # define reference ndm type: "frame_only" or "frame_timing"
set RefNdmType			"frame_timing"		 ; # define reference ndm type: "frame_only" or "frame_timing"
set RefLibDir			"${TechLibDir}/ndm" ; # reference library path
set RefLib				"${RefLibDir}/${TechLibName}_${RefNdmType}.ndm" ; # reference library
set TechFileDir    		"${TechLibDir}/tf"  ; # directory with technology file(s)
set TechFile			"${TechFileDir}/${TechNodeName}_${MetalStack}.tf" ; # technology file
#set TechNdm				""
set LibertyDir			"${TechLibDir}/liberty" ; # 
set TlupDir				"${TechLibDir}/tlup" ; # 
set TlupMinFile			"${TlupDir}/${TechNodeName}_${MetalStack}_Cmin.tlup" ; # 
set TlupNomFile			"${TlupDir}/${TechNodeName}_${MetalStack}_Cnom.tlup" ; # 
set TlupMaxFile			"${TlupDir}/${TechNodeName}_${MetalStack}_Cmax.tlup" ; # 
set NxtGrdDir			"${TechLibDir}/nxtgrd" ; # 
set NxtGrdMinFile		"${NxtGrdDir}/${TechNodeName}_${MetalStack}_Cmin.nxtgrd" ; # 
set NxtGrdNomFile		"${NxtGrdDir}/${TechNodeName}_${MetalStack}_Cnom.nxtgrd" ; # 
set NxtGrdMaxFile		"${NxtGrdDir}/${TechNodeName}_${MetalStack}_Cmax.nxtgrd" ; # 
set MapDir				"${TechLibDir}/map" ; # 
set GdsDir				"${TechLibDir}/gds" ; # 
set RunsetDir			"${TechLibDir}/runsets" ; # 
set GdsFile				"${GdsDir}/saed14rvt.gds" ; # 
set GdsMapFile			"${MapDir}/saed14nm_1p9m_gdsout_mw.map" ; # 
set LayerMapFile		"${MapDir}/${TechNodeName}_tf_itf_tluplus.map" ; # 
set DrcRunsetFile		"${RunsetDir}/saed14nm_1p9m_drc_rules.rs" ; # 
set MetalFillRunsetFile	"${RunsetDir}/saed14nm_1p9m_mfill_rules.rs" ; # 
set RtlDir				"${SrcDir}/rtl" ; # directory with source files
set SystemVerilogDir	"${RtlDir}/sverilog" ; # directory containing SystemVerilog HDL source files
set VerilogDir			"${RtlDir}/verilog" ; # directory containing Verilog HDL source files
set VhdlDir				"${RtlDir}/vhdl" ; # directory containing VHDL source files
set SdcDir				"${SrcDir}/sdc" ; # directory with constraint files
set ResultsDir			"${LabDir}/results" ; # directory for outcomes of the lab
set SolutionDir			"${LabDir}/solution" ; # backup directory for outcomes of the lab
set ReportsDir			"${LabDir}/reports" ; # directory for report files
echo					${SetupDir}
/home/student/Documents/kdz/ASIC/labs/Lab_5/asic_lab5/lab/tasks/task0/work/../../../../lab/setup
source 					${SetupDir}/utilities.tcl
#### Sourcing project specyfic setup script
source -echo  ${SetupDir}/design_setup.tcl
#####################################################################
###                           Design Setup Script for Fusion Compiler
#####################################################################
set DesignName				"dut_toplevel"			; # define design name # 
set DesignLibrary			"${DesignName}.dlib"	; # define design library name # 
set WorkDir					"[pwd]"					; # define current working directory # 
set TechFlowType			"tf"					; # set "tf" for TECH_FILE-based flow or set "ndm" for TECH_NDM-based flow. # 
set ParasiticModel			"tlup"					; # set "tlup" for using TLUP files or  set "nxtgrd" for using NXTGRD files. # 
set HDL						"sverilog"				; # set "sverilog", "verilog" or "vhdl" for reading SystemVerilog, Verilog or VHDL RTL, respectively.
set SdcFile					"${SdcDir}/${DesignName}.sdc" ; # specify file with design constraints # 
set NormalModeSdcFile		"${SdcDir}/${DesignName}_normal.sdc" ; # specify file with design constraints for normal mode 
set PowerSaveModeSdcFile	"${SdcDir}/${DesignName}_power_save.sdc" ; # specify file with design constraints for low power mode 
set PVT_FF					"ff0p88v125c"			; # set FF PVT
set PVT_TT					"tt0p8v25c"				; # set TT PVT
set PVT_SS					"ss0p72vm40c"			; # set SS PVT
set DB_FF					"${LibertyDir}/${TechLibName}_${PVT_FF}.db"
set DB_TT					"${LibertyDir}/${TechLibName}_${PVT_TT}.db"
set DB_SS					"${LibertyDir}/${TechLibName}_${PVT_SS}.db"
set ClockName               "clk"
set CoreUtilization         0.65
set CoreOffset              5
set CoreShape               "R"
set CoreSideRatio           [list 2.5 1.5]
set FlipFirstRow            "true"
set BlockPinLayers          [list "M3" "M4"]
set BlockPinSides           [list 1 2 3]
set BlockPinSpacing         1
set BlockPinWidth           0.11
set BlockPinLength          0.11
set ClockPinLayers          "M5"
set ClockPinSides           4
set TapCellDistance			40
#Configure host file/options
set_host_options -max_cores 12
1
#####################################################################
#### Creating Design Library
if {[string equal frame_timing ${RefNdmType}]} {
	if {[string equal tf ${TechFlowType}]} {
		create_lib ${ResultsDir}/${DesignLibrary} -technology $TechFile -ref_libs ${RefLib}
	} elseif {[string equal ndm ${TechFlowType}]} {
		lappend RefLib ${TechNdm}
		create_lib ${ResultsDir}/${DesignLibrary} -use_technology_lib ${TechNdm} -ref_libs ${RefLib} 
	} else {
		echo "Error: Valid values for the 'TechFlowType' variable are 'tf' or 'ndm'. Please correct the variable value."
	}
} elseif {[string equal frame_only ${RefNdmType}]} {
	#### Specifying the link libraries
	set_app_var link_library "${DB_FF} ${DB_TT} ${DB_SS}"
	create_lib ${ResultsDir}/${DesignLibrary} -technology $TechFile -ref_libs ${RefLib}
} else {
	echo "Error: Valid values for the 'RefNdmType' variable are 'frame_timing' or 'frame_only'. Please correct the variable value."
}
Information: Loading technology file '/eda/synopsys/files/FC_Labs/common/tf/saed14nm_1p9m.tf' (FILE-007)
{dut_toplevel.dlib}
#### Reporting reference libraries
report_ref_libs
****************************************
Report : Reference Library Report
Library: dut_toplevel.dlib
Version: V-2023.12
Date   : Wed Jun 18 10:42:38 2025
****************************************

    Name                   Path                                                              Location
    -------------------------------------------------------------------------------------------------
*+  saed14rvt_frame_timing /eda/synopsys/files/FC_Labs/common/ndm/saed14rvt_frame_timing.ndm /eda/synopsys/files/FC_Labs/common/ndm/saed14rvt_frame_timing.ndm
    "*" = Library currently open
    "+" = Library has technology information
1
#### Reading RTL
# Analyze the HDL
# Suppress known warnings 
##suppress_message VER-130
if {[string equal sverilog ${HDL}]} {
	analyze -format sverilog [glob ${SystemVerilogDir}/*.svh]
	analyze -format sverilog [glob ${SystemVerilogDir}/*.sv]
} elseif {[string equal verilog ${HDL}]} {
	analyze -format verilog [glob ${VerilogDir}/*.v]	
} elseif {[string equal vhdl ${HDL}]} {
	analyze -format vhdl [glob ${VhdlDir}/*.vhd]
} else {
	echo "Error: HDL variable's value is neither 'sverilog' nor 'verilog' nor 'vhdl'. Please correct the variable value."
}
Information: By default, the HDL template library is 'WORK' (LBR-??).
Running PRESTO HDLC
Compiling source file /home/student/Documents/kdz/ASIC/labs/Lab_5/asic_lab5/lab/tasks/task0/work/../../../../src/rtl/sverilog/dut_params_pkg.svh
Warning:  /home/student/Documents/kdz/ASIC/labs/Lab_5/asic_lab5/lab/tasks/task0/work/../../../../src/rtl/sverilog/dut_params_pkg.svh:6: Parameter keyword used in local parameter declaration. (VER-329)
Presto compilation completed successfully.
Elapsed = 00:00:00.00, CPU = 00:00:00.00
Running PRESTO HDLC
Compiling source file /home/student/Documents/kdz/ASIC/labs/Lab_5/asic_lab5/lab/tasks/task0/work/../../../../src/rtl/sverilog/dut_multiplier_18x18_comb.sv
Compiling source file /home/student/Documents/kdz/ASIC/labs/Lab_5/asic_lab5/lab/tasks/task0/work/../../../../src/rtl/sverilog/dut_arbiter.sv
Compiling source file /home/student/Documents/kdz/ASIC/labs/Lab_5/asic_lab5/lab/tasks/task0/work/../../../../src/rtl/sverilog/dut_toplevel.sv
Compiling source file /home/student/Documents/kdz/ASIC/labs/Lab_5/asic_lab5/lab/tasks/task0/work/../../../../src/rtl/sverilog/dut_processing_control.sv
Compiling source file /home/student/Documents/kdz/ASIC/labs/Lab_5/asic_lab5/lab/tasks/task0/work/../../../../src/rtl/sverilog/dut_input_channel_control.sv
Compiling source file /home/student/Documents/kdz/ASIC/labs/Lab_5/asic_lab5/lab/tasks/task0/work/../../../../src/rtl/sverilog/dut_fifo.sv
Compiling source file /home/student/Documents/kdz/ASIC/labs/Lab_5/asic_lab5/lab/tasks/task0/work/../../../../src/rtl/sverilog/dut_multiplier_9x9_comb.sv
Compiling source file /home/student/Documents/kdz/ASIC/labs/Lab_5/asic_lab5/lab/tasks/task0/work/../../../../src/rtl/sverilog/dut_output_control.sv
Compiling source file /home/student/Documents/kdz/ASIC/labs/Lab_5/asic_lab5/lab/tasks/task0/work/../../../../src/rtl/sverilog/dut_math_wrapper.sv
Presto compilation completed successfully.
Elapsed = 00:00:00.02, CPU = 00:00:00.02
1
# Unsuppress after analyze stage
##unsuppress_message VER-130
# Elaborate
elaborate ${DesignName}
Presto compilation completed successfully. (dut_toplevel)
Information: Elaborating HDL template WORK:dut_processing_control instantiated from 'dut_toplevel' with the parameters {ARB_MODES_NUM=2}. (ELAB-193)

Inferred memory devices in process
	in routine dut_processing_control_ARB_MODES_NUM2 line 102 in file
		'/home/student/Documents/kdz/ASIC/labs/Lab_5/asic_lab5/lab/tasks/task0/work/../../../../src/rtl/sverilog/dut_processing_control.sv'.
========================================================================================
|        Register Name         |   Type    | Width | Bus | MB | AR | AS | SR | SS | ST |
========================================================================================
| proc_req_in_prev_cycle_r_reg | Flip-flop |   1   |  N  | N  | Y  | N  | N  | N  | N  |
========================================================================================

Inferred memory devices in process
	in routine dut_processing_control_ARB_MODES_NUM2 line 132 in file
		'/home/student/Documents/kdz/ASIC/labs/Lab_5/asic_lab5/lab/tasks/task0/work/../../../../src/rtl/sverilog/dut_processing_control.sv'.
====================================================================================
|      Register Name       |   Type    | Width | Bus | MB | AR | AS | SR | SS | ST |
====================================================================================
| in2_arb_mode_id_en_r_reg | Flip-flop |   1   |  N  | N  | Y  | N  | N  | N  | N  |
|       in0_en_r_reg       | Flip-flop |   1   |  N  | N  | Y  | N  | N  | N  | N  |
| in0_arb_mode_id_en_r_reg | Flip-flop |   1   |  N  | N  | Y  | N  | N  | N  | N  |
|       in1_en_r_reg       | Flip-flop |   1   |  N  | N  | Y  | N  | N  | N  | N  |
| in1_arb_mode_id_en_r_reg | Flip-flop |   1   |  N  | N  | Y  | N  | N  | N  | N  |
|       in2_en_r_reg       | Flip-flop |   1   |  N  | N  | Y  | N  | N  | N  | N  |
====================================================================================

Inferred memory devices in process
	in routine dut_processing_control_ARB_MODES_NUM2 line 167 in file
		'/home/student/Documents/kdz/ASIC/labs/Lab_5/asic_lab5/lab/tasks/task0/work/../../../../src/rtl/sverilog/dut_processing_control.sv'.
===============================================================================
|    Register Name    |   Type    | Width | Bus | MB | AR | AS | SR | SS | ST |
===============================================================================
|   proc_ack_r_reg    | Flip-flop |   1   |  N  | N  | Y  | N  | N  | N  | N  |
===============================================================================
Presto compilation completed successfully. (dut_processing_control_ARB_MODES_NUM2)
Information: Elaborating HDL template WORK:dut_input_channel_control instantiated from 'dut_toplevel' with the parameters {DATA_WIDTH=36}. (ELAB-193)

Inferred memory devices in process
	in routine dut_input_channel_control_DATA_WIDTH36 line 99 in file
		'/home/student/Documents/kdz/ASIC/labs/Lab_5/asic_lab5/lab/tasks/task0/work/../../../../src/rtl/sverilog/dut_input_channel_control.sv'.
===============================================================================
|    Register Name    |   Type    | Width | Bus | MB | AR | AS | SR | SS | ST |
===============================================================================
| in_valid_arb_r_reg  | Flip-flop |   1   |  N  | N  | Y  | N  | N  | N  | N  |
===============================================================================

Inferred memory devices in process
	in routine dut_input_channel_control_DATA_WIDTH36 line 121 in file
		'/home/student/Documents/kdz/ASIC/labs/Lab_5/asic_lab5/lab/tasks/task0/work/../../../../src/rtl/sverilog/dut_input_channel_control.sv'.
==================================================================================
|     Register Name      |   Type    | Width | Bus | MB | AR | AS | SR | SS | ST |
==================================================================================
| in_data_last_arb_r_reg | Flip-flop |   1   |  N  | N  | Y  | N  | N  | N  | N  |
|   in_data_arb_r_reg    | Flip-flop |  36   |  Y  | Y  | Y  | N  | N  | N  | N  |
==================================================================================
Presto compilation completed successfully. (dut_input_channel_control_DATA_WIDTH36)
Information: Elaborating HDL template WORK:dut_arbiter instantiated from 'dut_toplevel' with the parameters {DATA_WIDTH=36,IN_INTERFACE_ID_WIDTH=2,ARB_MODES_NUM=2}. (ELAB-193)
Warning:  /home/student/Documents/kdz/ASIC/labs/Lab_5/asic_lab5/lab/tasks/task0/work/../../../../src/rtl/sverilog/dut_arbiter.sv:117: DEFAULT branch of CASE statement cannot be reached. (ELAB-311)
Warning:  /home/student/Documents/kdz/ASIC/labs/Lab_5/asic_lab5/lab/tasks/task0/work/../../../../src/rtl/sverilog/dut_arbiter.sv:142: DEFAULT branch of CASE statement cannot be reached. (ELAB-311)
Warning:  /home/student/Documents/kdz/ASIC/labs/Lab_5/asic_lab5/lab/tasks/task0/work/../../../../src/rtl/sverilog/dut_arbiter.sv:167: DEFAULT branch of CASE statement cannot be reached. (ELAB-311)

Statistics for case statements in always block at line 100 in file
	'/home/student/Documents/kdz/ASIC/labs/Lab_5/asic_lab5/lab/tasks/task0/work/../../../../src/rtl/sverilog/dut_arbiter.sv'
===============================================
|           Line           |  full/ parallel  |
===============================================
|           102            |    auto/auto     |
===============================================

Statistics for case statements in always block at line 125 in file
	'/home/student/Documents/kdz/ASIC/labs/Lab_5/asic_lab5/lab/tasks/task0/work/../../../../src/rtl/sverilog/dut_arbiter.sv'
===============================================
|           Line           |  full/ parallel  |
===============================================
|           127            |    auto/auto     |
===============================================

Statistics for case statements in always block at line 150 in file
	'/home/student/Documents/kdz/ASIC/labs/Lab_5/asic_lab5/lab/tasks/task0/work/../../../../src/rtl/sverilog/dut_arbiter.sv'
===============================================
|           Line           |  full/ parallel  |
===============================================
|           152            |    auto/auto     |
===============================================
  state register: arb_last_data_source_id_r

Inferred memory devices in process
	in routine dut_arbiter_DATA_WIDTH36_IN_INTERFACE_ID_WIDTH2_ARB_MODES_NUM2 line 222 in file
		'/home/student/Documents/kdz/ASIC/labs/Lab_5/asic_lab5/lab/tasks/task0/work/../../../../src/rtl/sverilog/dut_arbiter.sv'.
=========================================================================================
|         Register Name         |   Type    | Width | Bus | MB | AR | AS | SR | SS | ST |
=========================================================================================
| arb_last_data_source_id_r_reg | Flip-flop |   2   |  Y  | Y  | Y  | N  | N  | N  | N  |
=========================================================================================
Presto compilation completed successfully. (dut_arbiter_DATA_WIDTH36_IN_INTERFACE_ID_WIDTH2_ARB_MODES_NUM2)
Information: Elaborating HDL template WORK:dut_math_wrapper instantiated from 'dut_toplevel' with the parameters {DATA_WIDTH=36,IN_INTERFACE_ID_WIDTH=2}. (ELAB-193)

Inferred memory devices in process
	in routine dut_math_wrapper_DATA_WIDTH36_IN_INTERFACE_ID_WIDTH2 line 75 in file
		'/home/student/Documents/kdz/ASIC/labs/Lab_5/asic_lab5/lab/tasks/task0/work/../../../../src/rtl/sverilog/dut_math_wrapper.sv'.
=================================================================================
|     Register Name     |   Type    | Width | Bus | MB | AR | AS | SR | SS | ST |
=================================================================================
| unconsumed_data_r_reg | Flip-flop |   1   |  N  | N  | Y  | N  | N  | N  | N  |
|    new_data_r_reg     | Flip-flop |   1   |  N  | N  | Y  | N  | N  | N  | N  |
=================================================================================

Inferred memory devices in process
	in routine dut_math_wrapper_DATA_WIDTH36_IN_INTERFACE_ID_WIDTH2 line 88 in file
		'/home/student/Documents/kdz/ASIC/labs/Lab_5/asic_lab5/lab/tasks/task0/work/../../../../src/rtl/sverilog/dut_math_wrapper.sv'.
====================================================================================
|      Register Name       |   Type    | Width | Bus | MB | AR | AS | SR | SS | ST |
====================================================================================
|   out_data_last_r_reg    | Flip-flop |   1   |  N  | N  | Y  | N  | N  | N  | N  |
|      out_data_r_reg      | Flip-flop |  36   |  Y  | Y  | Y  | N  | N  | N  | N  |
| out_data_source_id_r_reg | Flip-flop |   2   |  Y  | Y  | Y  | N  | N  | N  | N  |
====================================================================================
Presto compilation completed successfully. (dut_math_wrapper_DATA_WIDTH36_IN_INTERFACE_ID_WIDTH2)
Information: Elaborating HDL template WORK:dut_fifo instantiated from 'dut_toplevel' with the parameters {FIFO_HEIGHT=4,FIFO_WIDTH=39}. (ELAB-193)
Warning:  /home/student/Documents/kdz/ASIC/labs/Lab_5/asic_lab5/lab/tasks/task0/work/../../../../src/rtl/sverilog/dut_fifo.sv:161: signed to unsigned part selection occurs. (VER-318)

Inferred memory devices in process
	in routine dut_fifo_FIFO_HEIGHT4_FIFO_WIDTH39 line 100 in file
		'/home/student/Documents/kdz/ASIC/labs/Lab_5/asic_lab5/lab/tasks/task0/work/../../../../src/rtl/sverilog/dut_fifo.sv'.
===============================================================================
|    Register Name    |   Type    | Width | Bus | MB | AR | AS | SR | SS | ST |
===============================================================================
|   fifo_wptr_r_reg   | Flip-flop |   3   |  Y  | Y  | Y  | N  | N  | N  | N  |
===============================================================================

Inferred memory devices in process
	in routine dut_fifo_FIFO_HEIGHT4_FIFO_WIDTH39 line 124 in file
		'/home/student/Documents/kdz/ASIC/labs/Lab_5/asic_lab5/lab/tasks/task0/work/../../../../src/rtl/sverilog/dut_fifo.sv'.
===============================================================================
|    Register Name    |   Type    | Width | Bus | MB | AR | AS | SR | SS | ST |
===============================================================================
|   fifo_rptr_r_reg   | Flip-flop |   3   |  Y  | Y  | Y  | N  | N  | N  | N  |
===============================================================================

Inferred memory devices in process
	in routine dut_fifo_FIFO_HEIGHT4_FIFO_WIDTH39 line 167 in file
		'/home/student/Documents/kdz/ASIC/labs/Lab_5/asic_lab5/lab/tasks/task0/work/../../../../src/rtl/sverilog/dut_fifo.sv'.
===============================================================================
|    Register Name    |   Type    | Width | Bus | MB | AR | AS | SR | SS | ST |
===============================================================================
|   fifo_data_r_reg   | Flip-flop |  156  |  Y  | Y  | Y  | N  | N  | N  | N  |
===============================================================================
Presto compilation completed successfully. (dut_fifo_FIFO_HEIGHT4_FIFO_WIDTH39)
Information: Elaborating HDL template WORK:dut_output_control instantiated from 'dut_toplevel' with the parameters {DATA_WIDTH=36,IN_INTERFACE_ID_WIDTH=2}. (ELAB-193)

Inferred memory devices in process
	in routine dut_output_control_DATA_WIDTH36_IN_INTERFACE_ID_WIDTH2 line 100 in file
		'/home/student/Documents/kdz/ASIC/labs/Lab_5/asic_lab5/lab/tasks/task0/work/../../../../src/rtl/sverilog/dut_output_control.sv'.
====================================================================================
|      Register Name       |   Type    | Width | Bus | MB | AR | AS | SR | SS | ST |
====================================================================================
| out_last_data_sent_r_reg | Flip-flop |   1   |  N  | N  | Y  | N  | N  | N  | N  |
====================================================================================
Presto compilation completed successfully. (dut_output_control_DATA_WIDTH36_IN_INTERFACE_ID_WIDTH2)
Information: Elaborating HDL template WORK:dut_multiplier_18x18_comb instantiated from 'dut_math_wrapper_DATA_WIDTH36_IN_INTERFACE_ID_WIDTH2'. (ELAB-193)
Presto compilation completed successfully. (dut_multiplier_18x18_comb)
Information: Elaborating HDL template WORK:dut_multiplier_9x9_comb instantiated from 'dut_multiplier_18x18_comb'. (ELAB-193)
Presto compilation completed successfully. (dut_multiplier_9x9_comb)
Number of modules read: 9
Top level ports:        170
Total in all modules
  Ports:                816
  Nets:                 1506
  Instances:            429
Elapsed = 00:00:00.17, CPU = 00:00:00.16
1
# Set top module in the design
set_top_module ${DesignName}
Information: User units loaded from library 'saed14rvt_frame_timing' (LNK-040)
Information: Added key list 'DesignWare' to design 'dut_toplevel'. (DWS-0216)
Elapsed = 00:00:00.36, CPU = 00:00:00.32
1
# Save block after RTL analysis and ealboration
save_block -as ${DesignName}/rtl_read
Information: Saving 'dut_toplevel.dlib:dut_toplevel.design' to 'dut_toplevel.dlib:dut_toplevel/rtl_read.design'. (DES-028)
1
get_blocks -all
{dut_toplevel.dlib:dut_toplevel.design dut_toplevel.dlib:dut_toplevel/rtl_read.design}
list_blocks
Lib dut_toplevel.dlib /home/student/Documents/kdz/ASIC/labs/Lab_5/asic_lab5/lab/results/dut_toplevel.dlib tech current
  *>  0 dut_toplevel.design Jun-18-10:42 current
  -   0 dut_toplevel/rtl_read.design Jun-18-10:42
2
save_block
Information: Saving block 'dut_toplevel.dlib:dut_toplevel.design'
1
save_lib
Saving library 'dut_toplevel.dlib'
1
copy_lib -to_lib ${SolutionDir}/${DesignLibrary}
Information: Copying from library "dut_toplevel.dlib" to "/home/student/Documents/kdz/ASIC/labs/Lab_5/asic_lab5/lab/tasks/task0/work/../../../../lab/solution/dut_toplevel.dlib".
{dut_toplevel.dlib}
close_blocks
Closing block 'dut_toplevel.dlib:dut_toplevel.design'
1
close_lib
Closing library 'dut_toplevel.dlib'
1
#####################################################################
exit
Maximum memory usage for this session: 518.34 MB
Maximum memory usage for this session including child processes: 518.34 MB
CPU usage for this session:      7 seconds (  0.00 hours)
Elapsed time for this session:      7 seconds (  0.00 hours)
Thank you for using Fusion Compiler.
