****************************************
Report : qor
Design : dut_toplevel
Version: V-2023.12
Date   : Wed Jun  4 15:48:13 2025
****************************************


Scenario           'Normal_Fast'
Timing Path Group  'clk'
----------------------------------------
Worst Hold Violation:              0.00
Total Hold Violation:              0.00
No. of Hold Violations:               0
----------------------------------------

Scenario           'Normal_Slow'
Timing Path Group  'clk'
----------------------------------------
Levels of Logic:                     45
Critical Path Length:              1.82
Critical Path Slack:              -0.13
Critical Path Clk Period:          2.00
Total Negative Slack:             -0.38
No. of Violating Paths:               5
----------------------------------------

Scenario           'Normal_Typical'
Timing Path Group  'clk'
----------------------------------------
Levels of Logic:                     45
Critical Path Length:              1.31
Critical Path Slack:               0.38
Critical Path Clk Period:          2.00
Total Negative Slack:              0.00
No. of Violating Paths:               0
Worst Hold Violation:              0.00
Total Hold Violation:              0.00
No. of Hold Violations:               0
----------------------------------------

Scenario           'PowerSave_Fast'
Timing Path Group  'clk'
----------------------------------------
Worst Hold Violation:              0.00
Total Hold Violation:              0.00
No. of Hold Violations:               0
----------------------------------------

Scenario           'PowerSave_Slow'
Timing Path Group  'clk'
----------------------------------------
Levels of Logic:                     45
Critical Path Length:              1.88
Critical Path Slack:               7.45
Critical Path Clk Period:         10.00
Total Negative Slack:              0.00
No. of Violating Paths:               0
----------------------------------------

Scenario           'PowerSave_Typical'
Timing Path Group  'clk'
----------------------------------------
Levels of Logic:                     45
Critical Path Length:              1.34
Critical Path Slack:               7.98
Critical Path Clk Period:         10.00
Total Negative Slack:              0.00
No. of Violating Paths:               0
Worst Hold Violation:              0.00
Total Hold Violation:              0.00
No. of Hold Violations:               0
----------------------------------------


Cell Count
----------------------------------------
Hierarchical Cell Count:              0
Hierarchical Port Count:              0
Leaf Cell Count:                   1174
Buf/Inv Cell Count:                  21
Buf Cell Count:                       0
Inv Cell Count:                      21
Combinational Cell Count:           835
   Single-bit Isolation Cell Count:                        0
   Multi-bit Isolation Cell Count:                         0
   Isolation Cell Banking Ratio:                           0.00%
   Single-bit Level Shifter Cell Count:                    0
   Multi-bit Level Shifter Cell Count:                     0
   Level Shifter Cell Banking Ratio:                       0.00%
   Single-bit ELS Cell Count:                              0
   Multi-bit ELS Cell Count:                               0
   ELS Cell Banking Ratio:                                 0.00%
Sequential Cell Count:              339
   Integrated Clock-Gating Cell Count:                     11
   Sequential Macro Cell Count:                            0
   Single-bit Sequential Cell Count:                       328
   Multi-bit Sequential Cell Count:                        0
   Sequential Cell Banking Ratio:                          0.00%
   BitsPerflop:                                            1.00
Macro Count:                          0
----------------------------------------


Area
----------------------------------------
Combinational Area:              473.79
Noncombinational Area:           431.21
Buf/Inv Area:                      3.73
Total Buffer Area:                 0.00
Total Inverter Area:               3.73
Macro/Black Box Area:              0.00
Net Area:                             0
Net XLength:                    7477.07
Net YLength:                    5708.40
----------------------------------------
Cell Area (netlist):                            905.01
Cell Area (netlist and physical only):         1027.02
Net Length:                    13185.47


Design Rules
----------------------------------------
Total Number of Nets:              1607
Nets with Violations:                 1
Max Trans Violations:                 0
Max Cap Violations:                   1
----------------------------------------

1
