Information: Corner Typical: no PVT mismatches. (PVT-032)
Information: Corner Slow: no PVT mismatches. (PVT-032)
Information: Corner Fast: no PVT mismatches. (PVT-032)
****************************************
Report : power
        -significant_digits 2
Design : dut_toplevel
Version: V-2023.12
Date   : Wed Jun  4 15:48:11 2025
****************************************
Information: Activity propagation will be performed for scenario Normal_Slow.
Information: Activity propagation will be performed for scenario PowerSave_Fast.
Information: Doing activity propagation for mode 'Normal' and corner 'Slow' with effort level 'medium'. (POW-024)
Information: Timer-derived activity data is cached on scenario Normal_Slow (POW-052)
Infomation: Fast mode activity propagation power.rtl_activity_annotation setup is ignored. Always use accurate mode.
Information: Running switching activity propagation with 12 threads!

 **** Information : No. of simulation cycles = 6 ****
Information: Doing activity propagation for mode 'PowerSave' and corner 'Fast' with effort level 'medium'. (POW-024)
Information: Timer-derived activity data is cached on scenario PowerSave_Fast (POW-052)
Infomation: Fast mode activity propagation power.rtl_activity_annotation setup is ignored. Always use accurate mode.
Information: Running switching activity propagation with 12 threads!

 **** Information : No. of simulation cycles = 6 ****
Information: Propagated activity on scenario Normal_Fast identical to that on Normal_Slow (POW-006)
Information: Propagated activity on scenario Normal_Typical identical to that on Normal_Fast (POW-006)
Information: Propagated activity on scenario PowerSave_Slow identical to that on PowerSave_Fast (POW-006)
Information: Propagated activity on scenario PowerSave_Typical identical to that on PowerSave_Fast (POW-006)
Information: The stitching and editing of coupling caps is turned OFF for design 'dut_toplevel.dlib:dut_toplevel/final_floorplan.design'. (TIM-125)
Information: Design Average RC for design dut_toplevel  (NEX-011)
Information: r = 2.669977 ohm/um, via_r = 0.910159 ohm/cut, c = 0.129621 ff/um, cc = 0.000000 ff/um (X dir) (NEX-017)
Information: r = 2.056739 ohm/um, via_r = 1.198392 ohm/cut, c = 0.124582 ff/um, cc = 0.000000 ff/um (Y dir) (NEX-017)
Information: The RC mode used is VR for design 'dut_toplevel'. (NEX-022)
Information: Update timing completed net estimation for all the timing graph nets (TIM-111)
Information: Net estimation statistics: timing graph nets = 1604, routed nets = 0, across physical hierarchy nets = 0, parasitics cached nets = 1604, delay annotated nets = 0, parasitics annotated nets = 0, multi-voltage nets = 0. (TIM-112)
************************************************************
Timer Settings:
Delay Calculation Style:                   auto
Signal Integrity Analysis:                 disabled
Timing Window Analysis:                    disabled
Advanced Waveform Propagation:             disabled
Variation Type:                            fixed_derate
Clock Reconvergence Pessimism Removal:     disabled
Advanced Receiver Model:                   disabled
LLE:                                       disabled
ML Acceleration:                           off
************************************************************
Mode: Normal
Corner: Fast
Scenario: Normal_Fast
Voltage: 0.88
Temperature: 125.00

Voltage Unit         : 1V
Capacitance Unit     : 1fF
Time Unit            : 1ns
Temperature Unit     : 1C
Dynamic Power Unit   : 1pW
Leakage Power Unit   : 1pW

Switched supply net power scaling:
scaling for leakage power

Supply nets:
VDD (power) probability 1.00 (default)
VSS (ground) probability 1.00 (default)
Warning: Power table extrapolation (extrapolation mode) for port A2 on cell ctmi_2164 for parameter Tinp. Lowest table value = 0.003000, highest table value = 0.133000, value = 0.002422 (POW-046)
Warning: Power table extrapolation (extrapolation mode) for port A1 on cell ctmi_2149 for parameter Tinp. Lowest table value = 0.003000, highest table value = 0.133000, value = 0.002842 (POW-046)
Warning: Power table extrapolation (extrapolation mode) for port B1 on cell ctmi_2149 for parameter Tinp. Lowest table value = 0.003000, highest table value = 0.133000, value = 0.002670 (POW-046)
Warning: Power table extrapolation (extrapolation mode) for port X on cell ctmi_2149 for parameter Tinp. Lowest table value = 0.003000, highest table value = 0.133000, value = 0.002842 (POW-046)
Warning: Power table extrapolation (extrapolation mode) for port A1 on cell ctmi_2151 for parameter Tinp. Lowest table value = 0.003000, highest table value = 0.133000, value = 0.002460 (POW-046)
Warning: Power table extrapolation (extrapolation mode) for port B1 on cell ctmi_2151 for parameter Tinp. Lowest table value = 0.003000, highest table value = 0.133000, value = 0.002403 (POW-046)
Warning: Power table extrapolation (extrapolation mode) for port B2 on cell ctmi_2164 for parameter Tinp. Lowest table value = 0.003000, highest table value = 0.133000, value = 0.002613 (POW-046)
Warning: Power table extrapolation (extrapolation mode) for port A2 on cell ctmi_2213 for parameter Tinp. Lowest table value = 0.003000, highest table value = 0.133000, value = 0.002384 (POW-046)
Warning: Power table extrapolation (extrapolation mode) for port X on cell ctmi_2164 for parameter Tinp. Lowest table value = 0.003000, highest table value = 0.133000, value = 0.002422 (POW-046)
Warning: Power table extrapolation (extrapolation mode) for port X on cell ctmi_2151 for parameter Tinp. Lowest table value = 0.003000, highest table value = 0.133000, value = 0.002460 (POW-046)

  Cell Internal Power    = 9.27e+07 pW ( 78.8%)
  Net Switching Power    = 2.49e+07 pW ( 21.2%)
Total Dynamic Power      = 1.18e+08 pW (100.0%)

Cell Leakage Power       = N/A


  Attributes
  ----------
      u  -  User defined power group
      i  -  Includes clock pin internal power

Power Group         Internal Power        Switching Power          Leakage Power            Total Power    (   %  )    Attrs
-----------------------------------------------------------------------------------------------------------------------------
io_pad                    0.00e+00               0.00e+00                    N/A               0.00e+00    (  0.0%)         
memory                    0.00e+00               0.00e+00                    N/A               0.00e+00    (  0.0%)         
black_box                 0.00e+00               0.00e+00                    N/A               0.00e+00    (  0.0%)         
clock_network             8.06e+07               8.13e+06                    N/A               8.87e+07    ( 75.4%)        i
register                  7.67e+06               2.58e+06                    N/A               1.03e+07    (  8.7%)         
sequential                0.00e+00               0.00e+00                    N/A               0.00e+00    (  0.0%)         
combinational             4.46e+06               1.42e+07                    N/A               1.86e+07    ( 15.9%)         
-----------------------------------------------------------------------------------------------------------------------------
Total                     9.27e+07 pW            2.49e+07 pW                 N/A               1.18e+08 pW
Mode: Normal
Corner: Slow
Scenario: Normal_Slow
Voltage: 0.72
Temperature: -40.00

Voltage Unit         : 1V
Capacitance Unit     : 1fF
Time Unit            : 1ns
Temperature Unit     : 1C
Dynamic Power Unit   : 1pW
Leakage Power Unit   : 1pW

Switched supply net power scaling:
scaling for leakage power

Supply nets:
VDD (power) probability 1.00 (default)
VSS (ground) probability 1.00 (default)

  Cell Internal Power    = 2.63e+07 pW ( 62.1%)
  Net Switching Power    = 1.60e+07 pW ( 37.9%)
Total Dynamic Power      = 4.23e+07 pW (100.0%)

Cell Leakage Power       = 1.60e+04 pW


  Attributes
  ----------
      u  -  User defined power group
      i  -  Includes clock pin internal power

Power Group         Internal Power        Switching Power          Leakage Power            Total Power    (   %  )    Attrs
-----------------------------------------------------------------------------------------------------------------------------
io_pad                    0.00e+00               0.00e+00               0.00e+00               0.00e+00    (  0.0%)         
memory                    0.00e+00               0.00e+00               0.00e+00               0.00e+00    (  0.0%)         
black_box                 0.00e+00               0.00e+00               0.00e+00               0.00e+00    (  0.0%)         
clock_network             1.93e+07               5.21e+06               2.50e+02               2.45e+07    ( 58.0%)        i
register                  3.78e+06               1.83e+06               9.35e+03               5.62e+06    ( 13.3%)         
sequential                0.00e+00               0.00e+00               0.00e+00               0.00e+00    (  0.0%)         
combinational             3.15e+06               8.97e+06               6.39e+03               1.21e+07    ( 28.7%)         
-----------------------------------------------------------------------------------------------------------------------------
Total                     2.63e+07 pW            1.60e+07 pW            1.60e+04 pW            4.23e+07 pW
Mode: Normal
Corner: Typical
Scenario: Normal_Typical
Voltage: 0.80
Temperature: 25.00

Voltage Unit         : 1V
Capacitance Unit     : 1fF
Time Unit            : 1ns
Temperature Unit     : 1C
Dynamic Power Unit   : 1pW
Leakage Power Unit   : 1pW

Switched supply net power scaling:
scaling for leakage power

Supply nets:
VDD (power) probability 1.00 (default)
VSS (ground) probability 1.00 (default)

  Cell Internal Power    = 3.99e+07 pW ( 66.1%)
  Net Switching Power    = 2.04e+07 pW ( 33.9%)
Total Dynamic Power      = 6.03e+07 pW (100.0%)

Cell Leakage Power       = 2.88e+05 pW


  Attributes
  ----------
      u  -  User defined power group
      i  -  Includes clock pin internal power

Power Group         Internal Power        Switching Power          Leakage Power            Total Power    (   %  )    Attrs
-----------------------------------------------------------------------------------------------------------------------------
io_pad                    0.00e+00               0.00e+00               0.00e+00               0.00e+00    (  0.0%)         
memory                    0.00e+00               0.00e+00               0.00e+00               0.00e+00    (  0.0%)         
black_box                 0.00e+00               0.00e+00               0.00e+00               0.00e+00    (  0.0%)         
clock_network             3.12e+07               6.65e+06               3.55e+03               3.79e+07    ( 62.5%)        i
register                  5.07e+06               2.24e+06               1.40e+05               7.45e+06    ( 12.3%)         
sequential                0.00e+00               0.00e+00               0.00e+00               0.00e+00    (  0.0%)         
combinational             3.62e+06               1.15e+07               1.44e+05               1.53e+07    ( 25.2%)         
-----------------------------------------------------------------------------------------------------------------------------
Total                     3.99e+07 pW            2.04e+07 pW            2.88e+05 pW            6.06e+07 pW
Mode: PowerSave
Corner: Fast
Scenario: PowerSave_Fast
Voltage: 0.88
Temperature: 125.00

Voltage Unit         : 1V
Capacitance Unit     : 1fF
Time Unit            : 1ns
Temperature Unit     : 1C
Dynamic Power Unit   : 1pW
Leakage Power Unit   : 1pW

Switched supply net power scaling:
scaling for leakage power

Supply nets:
VDD (power) probability 1.00 (default)
VSS (ground) probability 1.00 (default)

  Cell Internal Power    = 3.54e+07 pW ( 87.7%)
  Net Switching Power    = 4.98e+06 pW ( 12.3%)
Total Dynamic Power      = 4.04e+07 pW (100.0%)

Cell Leakage Power       = N/A


  Attributes
  ----------
      u  -  User defined power group
      i  -  Includes clock pin internal power

Power Group         Internal Power        Switching Power          Leakage Power            Total Power    (   %  )    Attrs
-----------------------------------------------------------------------------------------------------------------------------
io_pad                    0.00e+00               0.00e+00                    N/A               0.00e+00    (  0.0%)         
memory                    0.00e+00               0.00e+00                    N/A               0.00e+00    (  0.0%)         
black_box                 0.00e+00               0.00e+00                    N/A               0.00e+00    (  0.0%)         
clock_network             3.26e+07               1.63e+06                    N/A               3.42e+07    ( 84.7%)        i
register                  1.95e+06               5.16e+05                    N/A               2.46e+06    (  6.1%)         
sequential                0.00e+00               0.00e+00                    N/A               0.00e+00    (  0.0%)         
combinational             8.92e+05               2.84e+06                    N/A               3.73e+06    (  9.2%)         
-----------------------------------------------------------------------------------------------------------------------------
Total                     3.54e+07 pW            4.98e+06 pW                 N/A               4.04e+07 pW
Mode: PowerSave
Corner: Slow
Scenario: PowerSave_Slow
Voltage: 0.72
Temperature: -40.00

Voltage Unit         : 1V
Capacitance Unit     : 1fF
Time Unit            : 1ns
Temperature Unit     : 1C
Dynamic Power Unit   : 1pW
Leakage Power Unit   : 1pW

Switched supply net power scaling:
scaling for leakage power

Supply nets:
VDD (power) probability 1.00 (default)
VSS (ground) probability 1.00 (default)

  Cell Internal Power    = 5.16e+06 pW ( 61.7%)
  Net Switching Power    = 3.20e+06 pW ( 38.3%)
Total Dynamic Power      = 8.36e+06 pW (100.0%)

Cell Leakage Power       = 1.60e+04 pW


  Attributes
  ----------
      u  -  User defined power group
      i  -  Includes clock pin internal power

Power Group         Internal Power        Switching Power          Leakage Power            Total Power    (   %  )    Attrs
-----------------------------------------------------------------------------------------------------------------------------
io_pad                    0.00e+00               0.00e+00               0.00e+00               0.00e+00    (  0.0%)         
memory                    0.00e+00               0.00e+00               0.00e+00               0.00e+00    (  0.0%)         
black_box                 0.00e+00               0.00e+00               0.00e+00               0.00e+00    (  0.0%)         
clock_network             3.77e+06               1.04e+06               2.50e+02               4.82e+06    ( 57.5%)        i
register                  7.57e+05               3.66e+05               9.35e+03               1.13e+06    ( 13.5%)         
sequential                0.00e+00               0.00e+00               0.00e+00               0.00e+00    (  0.0%)         
combinational             6.30e+05               1.79e+06               6.39e+03               2.43e+06    ( 29.0%)         
-----------------------------------------------------------------------------------------------------------------------------
Total                     5.16e+06 pW            3.20e+06 pW            1.60e+04 pW            8.38e+06 pW
Mode: PowerSave
Corner: Typical
Scenario: PowerSave_Typical
Voltage: 0.80
Temperature: 25.00

Voltage Unit         : 1V
Capacitance Unit     : 1fF
Time Unit            : 1ns
Temperature Unit     : 1C
Dynamic Power Unit   : 1pW
Leakage Power Unit   : 1pW

Switched supply net power scaling:
scaling for leakage power

Supply nets:
VDD (power) probability 1.00 (default)
VSS (ground) probability 1.00 (default)

  Cell Internal Power    = 1.00e+07 pW ( 71.0%)
  Net Switching Power    = 4.09e+06 pW ( 29.0%)
Total Dynamic Power      = 1.41e+07 pW (100.0%)

Cell Leakage Power       = 2.88e+05 pW


  Attributes
  ----------
      u  -  User defined power group
      i  -  Includes clock pin internal power

Power Group         Internal Power        Switching Power          Leakage Power            Total Power    (   %  )    Attrs
-----------------------------------------------------------------------------------------------------------------------------
io_pad                    0.00e+00               0.00e+00               0.00e+00               0.00e+00    (  0.0%)         
memory                    0.00e+00               0.00e+00               0.00e+00               0.00e+00    (  0.0%)         
black_box                 0.00e+00               0.00e+00               0.00e+00               0.00e+00    (  0.0%)         
clock_network             8.23e+06               1.33e+06               3.55e+03               9.56e+06    ( 66.4%)        i
register                  1.08e+06               4.49e+05               1.40e+05               1.66e+06    ( 11.6%)         
sequential                0.00e+00               0.00e+00               0.00e+00               0.00e+00    (  0.0%)         
combinational             7.24e+05               2.31e+06               1.44e+05               3.18e+06    ( 22.0%)         
-----------------------------------------------------------------------------------------------------------------------------
Total                     1.00e+07 pW            4.09e+06 pW            2.88e+05 pW            1.44e+07 pW
1
