****************************************
Report : qor
Design : dut_toplevel
Version: V-2023.12
Date   : Wed Jun 11 00:18:24 2025
****************************************


Scenario           'Normal_Fast'
Timing Path Group  'clk'
----------------------------------------
Worst Hold Violation:              0.00
Total Hold Violation:              0.00
No. of Hold Violations:               0
----------------------------------------

Scenario           'Normal_Slow'
Timing Path Group  'clk'
----------------------------------------
Levels of Logic:                     46
Critical Path Length:              1.69
Critical Path Slack:               0.01
Critical Path Clk Period:          2.00
Total Negative Slack:              0.00
No. of Violating Paths:               0
----------------------------------------

Scenario           'Normal_Typical'
Timing Path Group  'clk'
----------------------------------------
Levels of Logic:                     46
Critical Path Length:              1.22
Critical Path Slack:               0.47
Critical Path Clk Period:          2.00
Total Negative Slack:              0.00
No. of Violating Paths:               0
Worst Hold Violation:              0.00
Total Hold Violation:              0.00
No. of Hold Violations:               0
----------------------------------------

Scenario           'PowerSave_Fast'
Timing Path Group  'clk'
----------------------------------------
Worst Hold Violation:              0.00
Total Hold Violation:              0.00
No. of Hold Violations:               0
----------------------------------------

Scenario           'PowerSave_Slow'
Timing Path Group  'clk'
----------------------------------------
Levels of Logic:                     46
Critical Path Length:              1.75
Critical Path Slack:               7.58
Critical Path Clk Period:         10.00
Total Negative Slack:              0.00
No. of Violating Paths:               0
----------------------------------------

Scenario           'PowerSave_Typical'
Timing Path Group  'clk'
----------------------------------------
Levels of Logic:                     46
Critical Path Length:              1.25
Critical Path Slack:               8.07
Critical Path Clk Period:         10.00
Total Negative Slack:              0.00
No. of Violating Paths:               0
Worst Hold Violation:              0.00
Total Hold Violation:              0.00
No. of Hold Violations:               0
----------------------------------------


Cell Count
----------------------------------------
Hierarchical Cell Count:              0
Hierarchical Port Count:              0
Leaf Cell Count:                   1206
Buf/Inv Cell Count:                  28
Buf Cell Count:                      12
Inv Cell Count:                      16
Combinational Cell Count:           867
   Single-bit Isolation Cell Count:                        0
   Multi-bit Isolation Cell Count:                         0
   Isolation Cell Banking Ratio:                           0.00%
   Single-bit Level Shifter Cell Count:                    0
   Multi-bit Level Shifter Cell Count:                     0
   Level Shifter Cell Banking Ratio:                       0.00%
   Single-bit ELS Cell Count:                              0
   Multi-bit ELS Cell Count:                               0
   ELS Cell Banking Ratio:                                 0.00%
Sequential Cell Count:              339
   Integrated Clock-Gating Cell Count:                     11
   Sequential Macro Cell Count:                            0
   Single-bit Sequential Cell Count:                       328
   Multi-bit Sequential Cell Count:                        0
   Sequential Cell Banking Ratio:                          0.00%
   BitsPerflop:                                            1.00
Macro Count:                          0
----------------------------------------


Area
----------------------------------------
Combinational Area:              482.76
Noncombinational Area:           431.12
Buf/Inv Area:                      6.08
Total Buffer Area:                 3.20
Total Inverter Area:               2.89
Macro/Black Box Area:              0.00
Net Area:                             0
Net XLength:                    4111.34
Net YLength:                    5051.95
----------------------------------------
Cell Area (netlist):                            913.89
Cell Area (netlist and physical only):          913.88
Net Length:                     9163.29


Design Rules
----------------------------------------
Total Number of Nets:              1638
Nets with Violations:                 5
Max Trans Violations:                 0
Max Cap Violations:                   0
----------------------------------------

1
