****************************************
Report : qor
Design : dut_toplevel
Version: V-2023.12
Date   : Wed Jun 11 00:24:24 2025
****************************************


Scenario           'Normal_Fast'
Timing Path Group  'clk'
----------------------------------------
Worst Hold Violation:              0.00
Total Hold Violation:              0.00
No. of Hold Violations:               0
----------------------------------------

Scenario           'Normal_Slow'
Timing Path Group  'clk'
----------------------------------------
Levels of Logic:                     48
Critical Path Length:              1.70
Critical Path Slack:               0.00
Critical Path Clk Period:          2.00
Total Negative Slack:              0.00
No. of Violating Paths:               0
----------------------------------------

Scenario           'Normal_Typical'
Timing Path Group  'clk'
----------------------------------------
Levels of Logic:                     48
Critical Path Length:              1.24
Critical Path Slack:               0.46
Critical Path Clk Period:          2.00
Total Negative Slack:              0.00
No. of Violating Paths:               0
Worst Hold Violation:              0.00
Total Hold Violation:              0.00
No. of Hold Violations:               0
----------------------------------------

Scenario           'PowerSave_Fast'
Timing Path Group  'clk'
----------------------------------------
Worst Hold Violation:              0.00
Total Hold Violation:              0.00
No. of Hold Violations:               0
----------------------------------------

Scenario           'PowerSave_Slow'
Timing Path Group  'clk'
----------------------------------------
Levels of Logic:                     48
Critical Path Length:              1.76
Critical Path Slack:               7.57
Critical Path Clk Period:         10.00
Total Negative Slack:              0.00
No. of Violating Paths:               0
----------------------------------------

Scenario           'PowerSave_Typical'
Timing Path Group  'clk'
----------------------------------------
Levels of Logic:                     48
Critical Path Length:              1.26
Critical Path Slack:               8.06
Critical Path Clk Period:         10.00
Total Negative Slack:              0.00
No. of Violating Paths:               0
Worst Hold Violation:              0.00
Total Hold Violation:              0.00
No. of Hold Violations:               0
----------------------------------------


Cell Count
----------------------------------------
Hierarchical Cell Count:              0
Hierarchical Port Count:              0
Leaf Cell Count:                   1300
Buf/Inv Cell Count:                  88
Buf Cell Count:                      13
Inv Cell Count:                      75
Combinational Cell Count:           961
   Single-bit Isolation Cell Count:                        0
   Multi-bit Isolation Cell Count:                         0
   Isolation Cell Banking Ratio:                           0.00%
   Single-bit Level Shifter Cell Count:                    0
   Multi-bit Level Shifter Cell Count:                     0
   Level Shifter Cell Banking Ratio:                       0.00%
   Single-bit ELS Cell Count:                              0
   Multi-bit ELS Cell Count:                               0
   ELS Cell Banking Ratio:                                 0.00%
Sequential Cell Count:              339
   Integrated Clock-Gating Cell Count:                     11
   Sequential Macro Cell Count:                            0
   Single-bit Sequential Cell Count:                       328
   Multi-bit Sequential Cell Count:                        0
   Sequential Cell Banking Ratio:                          0.00%
   BitsPerflop:                                            1.00
Macro Count:                          0
----------------------------------------


Area
----------------------------------------
Combinational Area:              494.68
Noncombinational Area:           431.12
Buf/Inv Area:                     16.83
Total Buffer Area:                 3.51
Total Inverter Area:              13.32
Macro/Black Box Area:              0.00
Net Area:                             0
Net XLength:                    4078.20
Net YLength:                    5210.94
----------------------------------------
Cell Area (netlist):                            925.80
Cell Area (netlist and physical only):          925.80
Net Length:                     9289.14


Design Rules
----------------------------------------
Total Number of Nets:              1714
Nets with Violations:                 6
Max Trans Violations:                 0
Max Cap Violations:                   0
----------------------------------------

1
