Warning: Scenario Normal_Fast is not configured for setup analysis: skipping. (UIC-058)
Warning: Scenario PowerSave_Fast is not configured for setup analysis: skipping. (UIC-058)
****************************************
Report : timing
        -path_type full
        -delay_type max
        -max_paths 1
        -report_by design
Design : dut_toplevel
Version: V-2023.12
Date   : Wed Jun 11 00:24:24 2025
****************************************

  Startpoint: dut_fifo_INST/fifo_wptr_r_reg[0] (rising edge-triggered flip-flop clocked by clk)
  Endpoint: math_wrapper_INST/out_data_r_reg[34] (rising edge-triggered flip-flop clocked by clk)
  Mode: Normal
  Corner: Slow
  Scenario: Normal_Slow
  Path Group: clk
  Path Type: max

  Point                                            Incr      Path  
  ------------------------------------------------------------------------
  clock clk (rise edge)                            0.00      0.00
  clock network delay (ideal)                      0.00      0.00

  dut_fifo_INST/fifo_wptr_r_reg[0]/CK (SAEDRVT14_FSDPRBQ_V2LP_1)
                                                   0.00      0.00 r
  dut_fifo_INST/fifo_wptr_r_reg[0]/Q (SAEDRVT14_FSDPRBQ_V2LP_1)
                                                   0.08      0.08 r
  phfnr_buf_841/X (SAEDRVT14_INV_S_0P5)            0.02      0.10 f
  ctmi_2073/X (SAEDRVT14_OAI22_0P5)                0.01      0.11 r
  ctmi_2072/X (SAEDRVT14_OAI21_0P5)                0.01      0.13 f
  ctmi_2070/X (SAEDRVT14_AOI21_0P75)               0.02      0.14 r
  ctmi_2076/X (SAEDRVT14_ND2_CDC_1)                0.02      0.16 f
  ctmi_2079/X (SAEDRVT14_OA21B_1)                  0.02      0.18 r
  ctmi_2093/X (SAEDRVT14_NR2_MM_1)                 0.01      0.19 f
  ctmi_745/X (SAEDRVT14_AO21B_0P5)                 0.01      0.20 r
  ctmi_744/X (SAEDRVT14_NR4_2)                     0.08      0.28 f
  ctmi_2142/X (SAEDRVT14_NR2_MM_4)                 0.07      0.35 r
  ctmi_2262/X (SAEDRVT14_AO222_1)                  0.10      0.44 r
  DP_OP_33_12155_941_J1/ctmi_372/X (SAEDRVT14_ND2_CDC_1)
                                                   0.04      0.48 f
  DP_OP_33_12155_941_J1/ctmi_370/X (SAEDRVT14_NR2_1)
                                                   0.02      0.49 r
  phfnr_buf_864/X (SAEDRVT14_INV_S_0P5)            0.01      0.51 f
  DP_OP_33_12155_941_J1/U_400/S (SAEDRVT14_ADDF_V1_1)
                                                   0.05      0.56 r
  DP_OP_33_12155_941_J1/U_694/CO (SAEDRVT14_ADDF_V1_0P5)
                                                   0.03      0.59 r
  DP_OP_33_12155_941_J1/U_697/CO (SAEDRVT14_ADDF_V1_0P5)
                                                   0.03      0.62 r
  DP_OP_33_12155_941_J1/U_701/CO (SAEDRVT14_ADDF_V1_0P5)
                                                   0.03      0.66 r
  DP_OP_33_12155_941_J1/U_704/CO (SAEDRVT14_ADDF_V1_0P5)
                                                   0.03      0.69 r
  DP_OP_33_12155_941_J1/U_708/CO (SAEDRVT14_ADDF_V1_0P5)
                                                   0.03      0.73 r
  DP_OP_33_12155_941_J1/U_711/CO (SAEDRVT14_ADDF_V1_0P5)
                                                   0.03      0.76 r
  DP_OP_33_12155_941_J1/U_715/CO (SAEDRVT14_ADDF_V1_0P5)
                                                   0.03      0.79 r
  DP_OP_33_12155_941_J1/U_718/CO (SAEDRVT14_ADDF_V1_0P5)
                                                   0.03      0.83 r
  DP_OP_33_12155_941_J1/U_722/CO (SAEDRVT14_ADDF_V1_0P5)
                                                   0.03      0.86 r
  DP_OP_33_12155_941_J1/U_725/CO (SAEDRVT14_ADDF_V1_0P5)
                                                   0.03      0.89 r
  DP_OP_33_12155_941_J1/U_729/CO (SAEDRVT14_ADDF_V1_0P5)
                                                   0.04      0.93 r
  DP_OP_33_12155_941_J1/U_732/CO (SAEDRVT14_ADDF_V1_0P5)
                                                   0.04      0.97 r
  DP_OP_33_12155_941_J1/U_736/CO (SAEDRVT14_ADDF_V1_0P5)
                                                   0.03      1.00 r
  DP_OP_33_12155_941_J1/U_739/CO (SAEDRVT14_ADDF_V1_0P5)
                                                   0.03      1.04 r
  DP_OP_33_12155_941_J1/U_743/CO (SAEDRVT14_ADDF_V1_0P5)
                                                   0.03      1.07 r
  DP_OP_33_12155_941_J1/U_746/CO (SAEDRVT14_ADDF_V1_0P5)
                                                   0.04      1.11 r
  DP_OP_33_12155_941_J1/U_750/CO (SAEDRVT14_ADDF_V1_0P5)
                                                   0.04      1.15 r
  DP_OP_33_12155_941_J1/U_753/CO (SAEDRVT14_ADDF_V1_0P5)
                                                   0.04      1.19 r
  DP_OP_33_12155_941_J1/U_757/CO (SAEDRVT14_ADDF_V1_0P5)
                                                   0.04      1.22 r
  DP_OP_33_12155_941_J1/U_760/CO (SAEDRVT14_ADDF_V1_0P5)
                                                   0.04      1.26 r
  DP_OP_33_12155_941_J1/U_764/CO (SAEDRVT14_ADDF_V1_0P5)
                                                   0.04      1.30 r
  DP_OP_33_12155_941_J1/U_767/CO (SAEDRVT14_ADDF_V1_0P5)
                                                   0.03      1.33 r
  DP_OP_33_12155_941_J1/U_771/CO (SAEDRVT14_ADDF_V1_0P5)
                                                   0.04      1.37 r
  DP_OP_33_12155_941_J1/U_774/CO (SAEDRVT14_ADDF_V1_0P5)
                                                   0.03      1.40 r
  DP_OP_33_12155_941_J1/U_778/CO (SAEDRVT14_ADDF_V1_0P5)
                                                   0.03      1.44 r
  DP_OP_33_12155_941_J1/U_781/CO (SAEDRVT14_ADDF_V1_0P5)
                                                   0.03      1.47 r
  DP_OP_33_12155_941_J1/U_785/CO (SAEDRVT14_ADDF_V1_0P5)
                                                   0.03      1.50 r
  DP_OP_33_12155_941_J1/U_788/CO (SAEDRVT14_ADDF_V1_0P5)
                                                   0.03      1.54 r
  DP_OP_33_12155_941_J1/U_792/CO (SAEDRVT14_ADDF_V1_0P5)
                                                   0.03      1.57 r
  DP_OP_33_12155_941_J1/U_795/CO (SAEDRVT14_ADDF_V1_0P5)
                                                   0.03      1.61 r
  DP_OP_33_12155_941_J1/U_799/CO (SAEDRVT14_ADDF_V1_0P5)
                                                   0.03      1.64 r
  DP_OP_33_12155_941_J1/U_802/S (SAEDRVT14_ADDF_V1_0P5)
                                                   0.05      1.69 f
  phfnr_buf_898/X (SAEDRVT14_INV_S_0P5)            0.01      1.70 r
  math_wrapper_INST/out_data_r_reg[34]/D (SAEDRVT14_FSDPRBQ_V2LP_1)
                                                   0.00      1.70 r
  data arrival time                                          1.70

  clock clk (rise edge)                            2.00      2.00
  clock network delay (ideal)                      0.00      2.00
  math_wrapper_INST/out_data_r_reg[34]/CK (SAEDRVT14_FSDPRBQ_V2LP_1)
                                                   0.00      2.00 r
  clock uncertainty                               -0.30      1.70
  library setup time                               0.00      1.70
  data required time                                         1.70
  ------------------------------------------------------------------------
  data required time                                         1.70
  data arrival time                                         -1.70
  ------------------------------------------------------------------------
  slack (MET)                                                0.00


1
