****************************************
Report : design
Design : dut_toplevel
Version: V-2023.12
Date   : Wed Jun  4 15:47:20 2025
****************************************

Total number of std cells in library : 881
Total number of dont_use lib cells   : 18
Total number of dont_touch lib cells : 18
Total number of buffers              : 59
Total number of inverters            : 51
Total number of flip-flops           : 175
Total number of latches              : 45
Total number of ICGs                 : 30

Cell Instance Type  Count         Area
--------------------------------------
TOTAL LEAF CELLS     1691     1026.928
unit                 1171      904.916
Standard cells       1171      904.916
unit                 1171      904.916
Hard macro cells        0        0.000
unit                 1171      904.916
Soft macro cells        0        0.000
unit                 1171      904.916
Always on cells         0        0.000
unit                 1171      904.916
Physical only         520      122.011
unit                 1171      904.916
Fixed cells           520      122.011
unit                 1171      904.916
Moveable cells       1171      904.916
unit                 1171      904.916
Placed cells         1171      904.916
unit                 1171      904.916
Sequential            339      431.124
unit                 1171      904.916
Buffer/inverter        18        3.197
unit                 1171      904.916
ICG cells              11        8.791
unit                 1171      904.916

Logic Hierarchies                    : 0
Design Masters count                 : 47
Total Flat nets count                : 1602
Total FloatingNets count             : 1
Total no of Ports                    : 170
Number of Master Clocks in design    : 2
Number of Generated Clocks in design : 0
Number of Path Groups in design      : 14 (2 of them Non Default)
Number of Scan Chains in design      : 0
List of Modes                        : Normal, PowerSave
List of Corners                      : Fast, Typical, Slow
List of Scenarios                    : Normal_Fast, Normal_Slow, Normal_Typical, PowerSave_Fast, PowerSave_Slow, PowerSave_Typical

Core Area                            : 1632.322
Chip Area                            : 2567.502
Total Site Row Area                  : 1632.322
Number of Blockages                  : 0
Total area of Blockages              : 0.000
Number of Power Domains              : 1
Number of Voltage Areas              : 1
Number of Group Bounds               : 0
Number of Exclusive MoveBounds       : 0
Number of Hard or Soft MoveBounds    : 0
Number of Multibit Registers         : 0
Number of Multibit LS/ISO Cells      : 0
Number of Top Level RP Groups        : 0
Number of Tech Layers                : 64 (54 of them have unknown routing dir.)

Total wire length                    : 0.00 micron
Total number of wires                : 0
Total number of contacts             : 0
1
