Information: Corner Fast: no PVT mismatches. (PVT-032)
Information: Corner Typical: no PVT mismatches. (PVT-032)
Information: Corner Slow: no PVT mismatches. (PVT-032)
****************************************
Report : power
        -significant_digits 2
Design : dut_toplevel
Version: V-2023.12
Date   : Wed Jun  4 15:47:18 2025
****************************************
Information: Activity propagation will be performed for scenario Normal_Fast.
Information: Activity propagation will be performed for scenario PowerSave_Slow.
Information: Doing activity propagation for mode 'Normal' and corner 'Fast' with effort level 'medium'. (POW-024)
Information: Timer-derived activity data is cached on scenario Normal_Fast (POW-052)
Infomation: Fast mode activity propagation power.rtl_activity_annotation setup is ignored. Always use accurate mode.
Information: Running switching activity propagation with 12 threads!

 **** Information : No. of simulation cycles = 6 ****
Information: Doing activity propagation for mode 'PowerSave' and corner 'Slow' with effort level 'medium'. (POW-024)
Information: Timer-derived activity data is cached on scenario PowerSave_Slow (POW-052)
Infomation: Fast mode activity propagation power.rtl_activity_annotation setup is ignored. Always use accurate mode.
Information: Running switching activity propagation with 12 threads!

 **** Information : No. of simulation cycles = 6 ****
Information: Propagated activity on scenario PowerSave_Typical identical to that on PowerSave_Slow (POW-006)
Information: Propagated activity on scenario Normal_Slow identical to that on Normal_Fast (POW-006)
Information: Propagated activity on scenario PowerSave_Fast identical to that on PowerSave_Slow (POW-006)
Information: Propagated activity on scenario Normal_Typical identical to that on Normal_Fast (POW-006)
Information: The stitching and editing of coupling caps is turned OFF for design 'dut_toplevel.dlib:dut_toplevel/manual_floorplan.design'. (TIM-125)
Information: Design Average RC for design dut_toplevel  (NEX-011)
Information: r = 2.637866 ohm/um, via_r = 0.898209 ohm/cut, c = 0.119215 ff/um, cc = 0.000000 ff/um (X dir) (NEX-017)
Information: r = 2.045109 ohm/um, via_r = 1.176629 ohm/cut, c = 0.115596 ff/um, cc = 0.000000 ff/um (Y dir) (NEX-017)
Information: The RC mode used is VR for design 'dut_toplevel'. (NEX-022)
Information: Update timing completed net estimation for all the timing graph nets (TIM-111)
Information: Net estimation statistics: timing graph nets = 1601, routed nets = 0, across physical hierarchy nets = 0, parasitics cached nets = 1601, delay annotated nets = 0, parasitics annotated nets = 0, multi-voltage nets = 0. (TIM-112)
************************************************************
Timer Settings:
Delay Calculation Style:                   auto
Signal Integrity Analysis:                 disabled
Timing Window Analysis:                    disabled
Advanced Waveform Propagation:             disabled
Variation Type:                            fixed_derate
Clock Reconvergence Pessimism Removal:     disabled
Advanced Receiver Model:                   disabled
LLE:                                       disabled
ML Acceleration:                           off
************************************************************
Mode: Normal
Corner: Fast
Scenario: Normal_Fast
Voltage: 0.88
Temperature: 125.00

Voltage Unit         : 1V
Capacitance Unit     : 1fF
Time Unit            : 1ns
Temperature Unit     : 1C
Dynamic Power Unit   : 1pW
Leakage Power Unit   : 1pW

Switched supply net power scaling:
scaling for leakage power

Supply nets:
VDD (power) probability 1.00 (default)
VSS (ground) probability 1.00 (default)
Warning: Power table extrapolation (extrapolation mode) for port A2 on cell ctmi_2195 for parameter Tinp. Lowest table value = 0.003000, highest table value = 0.133000, value = 0.002728 (POW-046)
Warning: Power table extrapolation (extrapolation mode) for port CK on cell dut_input_channel_control_1_INST/in_valid_arb_r_reg for parameter Tinp. Lowest table value = inf, highest table value = inf, value = 0.100000 (POW-046)
Warning: Power table extrapolation (extrapolation mode) for port CK on cell math_wrapper_INST/out_data_r_reg[14] for parameter Tinp. Lowest table value = inf, highest table value = inf, value = 0.100000 (POW-046)
Warning: Power table extrapolation (extrapolation mode) for port CK on cell math_wrapper_INST/out_data_r_reg[13] for parameter Tinp. Lowest table value = inf, highest table value = inf, value = 0.100000 (POW-046)
Warning: Power table extrapolation (extrapolation mode) for port CK on cell math_wrapper_INST/out_data_r_reg[12] for parameter Tinp. Lowest table value = inf, highest table value = inf, value = 0.100000 (POW-046)
Warning: Power table extrapolation (extrapolation mode) for port CK on cell math_wrapper_INST/out_data_r_reg[11] for parameter Tinp. Lowest table value = inf, highest table value = inf, value = 0.100000 (POW-046)
Warning: Power table extrapolation (extrapolation mode) for port D on cell dut_input_channel_control_1_INST/in_data_arb_r_reg[6] for parameter Tinp. Lowest table value = 0.003000, highest table value = 0.133000, value = 0.000057 (POW-046)
Warning: Power table extrapolation (extrapolation mode) for port CK on cell dut_input_channel_control_1_INST/in_data_arb_r_reg[6] for parameter Tinp. Lowest table value = inf, highest table value = inf, value = 0.100000 (POW-046)
Warning: Power table extrapolation (extrapolation mode) for port CK on cell math_wrapper_INST/out_data_r_reg[10] for parameter Tinp. Lowest table value = inf, highest table value = inf, value = 0.100000 (POW-046)
Warning: Power table extrapolation (extrapolation mode) for port D on cell dut_input_channel_control_1_INST/in_data_arb_r_reg[5] for parameter Tinp. Lowest table value = 0.003000, highest table value = 0.133000, value = 0.000057 (POW-046)

  Cell Internal Power    = 9.26e+07 pW ( 79.5%)
  Net Switching Power    = 2.39e+07 pW ( 20.5%)
Total Dynamic Power      = 1.17e+08 pW (100.0%)

Cell Leakage Power       = N/A


  Attributes
  ----------
      u  -  User defined power group
      i  -  Includes clock pin internal power

Power Group         Internal Power        Switching Power          Leakage Power            Total Power    (   %  )    Attrs
-----------------------------------------------------------------------------------------------------------------------------
io_pad                    0.00e+00               0.00e+00                    N/A               0.00e+00    (  0.0%)         
memory                    0.00e+00               0.00e+00                    N/A               0.00e+00    (  0.0%)         
black_box                 0.00e+00               0.00e+00                    N/A               0.00e+00    (  0.0%)         
clock_network             8.05e+07               7.91e+06                    N/A               8.85e+07    ( 75.9%)        i
register                  7.66e+06               2.47e+06                    N/A               1.01e+07    (  8.7%)         
sequential                0.00e+00               0.00e+00                    N/A               0.00e+00    (  0.0%)         
combinational             4.43e+06               1.35e+07                    N/A               1.80e+07    ( 15.4%)         
-----------------------------------------------------------------------------------------------------------------------------
Total                     9.26e+07 pW            2.39e+07 pW                 N/A               1.17e+08 pW
Mode: Normal
Corner: Slow
Scenario: Normal_Slow
Voltage: 0.72
Temperature: -40.00

Voltage Unit         : 1V
Capacitance Unit     : 1fF
Time Unit            : 1ns
Temperature Unit     : 1C
Dynamic Power Unit   : 1pW
Leakage Power Unit   : 1pW

Switched supply net power scaling:
scaling for leakage power

Supply nets:
VDD (power) probability 1.00 (default)
VSS (ground) probability 1.00 (default)

  Cell Internal Power    = 2.63e+07 pW ( 63.2%)
  Net Switching Power    = 1.53e+07 pW ( 36.8%)
Total Dynamic Power      = 4.16e+07 pW (100.0%)

Cell Leakage Power       = 1.59e+04 pW


  Attributes
  ----------
      u  -  User defined power group
      i  -  Includes clock pin internal power

Power Group         Internal Power        Switching Power          Leakage Power            Total Power    (   %  )    Attrs
-----------------------------------------------------------------------------------------------------------------------------
io_pad                    0.00e+00               0.00e+00               0.00e+00               0.00e+00    (  0.0%)         
memory                    0.00e+00               0.00e+00               0.00e+00               0.00e+00    (  0.0%)         
black_box                 0.00e+00               0.00e+00               0.00e+00               0.00e+00    (  0.0%)         
clock_network             1.93e+07               5.03e+06               2.50e+02               2.44e+07    ( 58.6%)        i
register                  3.78e+06               1.74e+06               9.34e+03               5.52e+06    ( 13.3%)         
sequential                0.00e+00               0.00e+00               0.00e+00               0.00e+00    (  0.0%)         
combinational             3.15e+06               8.53e+06               6.30e+03               1.17e+07    ( 28.1%)         
-----------------------------------------------------------------------------------------------------------------------------
Total                     2.63e+07 pW            1.53e+07 pW            1.59e+04 pW            4.16e+07 pW
Mode: Normal
Corner: Typical
Scenario: Normal_Typical
Voltage: 0.80
Temperature: 25.00

Voltage Unit         : 1V
Capacitance Unit     : 1fF
Time Unit            : 1ns
Temperature Unit     : 1C
Dynamic Power Unit   : 1pW
Leakage Power Unit   : 1pW

Switched supply net power scaling:
scaling for leakage power

Supply nets:
VDD (power) probability 1.00 (default)
VSS (ground) probability 1.00 (default)

  Cell Internal Power    = 3.99e+07 pW ( 67.1%)
  Net Switching Power    = 1.96e+07 pW ( 32.9%)
Total Dynamic Power      = 5.94e+07 pW (100.0%)

Cell Leakage Power       = 2.87e+05 pW


  Attributes
  ----------
      u  -  User defined power group
      i  -  Includes clock pin internal power

Power Group         Internal Power        Switching Power          Leakage Power            Total Power    (   %  )    Attrs
-----------------------------------------------------------------------------------------------------------------------------
io_pad                    0.00e+00               0.00e+00               0.00e+00               0.00e+00    (  0.0%)         
memory                    0.00e+00               0.00e+00               0.00e+00               0.00e+00    (  0.0%)         
black_box                 0.00e+00               0.00e+00               0.00e+00               0.00e+00    (  0.0%)         
clock_network             3.12e+07               6.44e+06               3.55e+03               3.77e+07    ( 63.0%)        i
register                  5.06e+06               2.13e+06               1.40e+05               7.33e+06    ( 12.3%)         
sequential                0.00e+00               0.00e+00               0.00e+00               0.00e+00    (  0.0%)         
combinational             3.61e+06               1.10e+07               1.43e+05               1.47e+07    ( 24.7%)         
-----------------------------------------------------------------------------------------------------------------------------
Total                     3.99e+07 pW            1.96e+07 pW            2.87e+05 pW            5.97e+07 pW
Mode: PowerSave
Corner: Fast
Scenario: PowerSave_Fast
Voltage: 0.88
Temperature: 125.00

Voltage Unit         : 1V
Capacitance Unit     : 1fF
Time Unit            : 1ns
Temperature Unit     : 1C
Dynamic Power Unit   : 1pW
Leakage Power Unit   : 1pW

Switched supply net power scaling:
scaling for leakage power

Supply nets:
VDD (power) probability 1.00 (default)
VSS (ground) probability 1.00 (default)

  Cell Internal Power    = 3.54e+07 pW ( 88.1%)
  Net Switching Power    = 4.78e+06 pW ( 11.9%)
Total Dynamic Power      = 4.02e+07 pW (100.0%)

Cell Leakage Power       = N/A


  Attributes
  ----------
      u  -  User defined power group
      i  -  Includes clock pin internal power

Power Group         Internal Power        Switching Power          Leakage Power            Total Power    (   %  )    Attrs
-----------------------------------------------------------------------------------------------------------------------------
io_pad                    0.00e+00               0.00e+00                    N/A               0.00e+00    (  0.0%)         
memory                    0.00e+00               0.00e+00                    N/A               0.00e+00    (  0.0%)         
black_box                 0.00e+00               0.00e+00                    N/A               0.00e+00    (  0.0%)         
clock_network             3.26e+07               1.58e+06                    N/A               3.42e+07    ( 85.0%)        i
register                  1.94e+06               4.94e+05                    N/A               2.44e+06    (  6.1%)         
sequential                0.00e+00               0.00e+00                    N/A               0.00e+00    (  0.0%)         
combinational             8.85e+05               2.71e+06                    N/A               3.59e+06    (  8.9%)         
-----------------------------------------------------------------------------------------------------------------------------
Total                     3.54e+07 pW            4.78e+06 pW                 N/A               4.02e+07 pW
Mode: PowerSave
Corner: Slow
Scenario: PowerSave_Slow
Voltage: 0.72
Temperature: -40.00

Voltage Unit         : 1V
Capacitance Unit     : 1fF
Time Unit            : 1ns
Temperature Unit     : 1C
Dynamic Power Unit   : 1pW
Leakage Power Unit   : 1pW

Switched supply net power scaling:
scaling for leakage power

Supply nets:
VDD (power) probability 1.00 (default)
VSS (ground) probability 1.00 (default)

  Cell Internal Power    = 5.16e+06 pW ( 62.8%)
  Net Switching Power    = 3.06e+06 pW ( 37.2%)
Total Dynamic Power      = 8.22e+06 pW (100.0%)

Cell Leakage Power       = 1.59e+04 pW


  Attributes
  ----------
      u  -  User defined power group
      i  -  Includes clock pin internal power

Power Group         Internal Power        Switching Power          Leakage Power            Total Power    (   %  )    Attrs
-----------------------------------------------------------------------------------------------------------------------------
io_pad                    0.00e+00               0.00e+00               0.00e+00               0.00e+00    (  0.0%)         
memory                    0.00e+00               0.00e+00               0.00e+00               0.00e+00    (  0.0%)         
black_box                 0.00e+00               0.00e+00               0.00e+00               0.00e+00    (  0.0%)         
clock_network             3.77e+06               1.01e+06               2.50e+02               4.78e+06    ( 58.0%)        i
register                  7.57e+05               3.47e+05               9.34e+03               1.11e+06    ( 13.5%)         
sequential                0.00e+00               0.00e+00               0.00e+00               0.00e+00    (  0.0%)         
combinational             6.30e+05               1.71e+06               6.30e+03               2.34e+06    ( 28.4%)         
-----------------------------------------------------------------------------------------------------------------------------
Total                     5.16e+06 pW            3.06e+06 pW            1.59e+04 pW            8.23e+06 pW
Mode: PowerSave
Corner: Typical
Scenario: PowerSave_Typical
Voltage: 0.80
Temperature: 25.00

Voltage Unit         : 1V
Capacitance Unit     : 1fF
Time Unit            : 1ns
Temperature Unit     : 1C
Dynamic Power Unit   : 1pW
Leakage Power Unit   : 1pW

Switched supply net power scaling:
scaling for leakage power

Supply nets:
VDD (power) probability 1.00 (default)
VSS (ground) probability 1.00 (default)

  Cell Internal Power    = 1.00e+07 pW ( 71.9%)
  Net Switching Power    = 3.91e+06 pW ( 28.1%)
Total Dynamic Power      = 1.39e+07 pW (100.0%)

Cell Leakage Power       = 2.87e+05 pW


  Attributes
  ----------
      u  -  User defined power group
      i  -  Includes clock pin internal power

Power Group         Internal Power        Switching Power          Leakage Power            Total Power    (   %  )    Attrs
-----------------------------------------------------------------------------------------------------------------------------
io_pad                    0.00e+00               0.00e+00               0.00e+00               0.00e+00    (  0.0%)         
memory                    0.00e+00               0.00e+00               0.00e+00               0.00e+00    (  0.0%)         
black_box                 0.00e+00               0.00e+00               0.00e+00               0.00e+00    (  0.0%)         
clock_network             8.23e+06               1.29e+06               3.55e+03               9.52e+06    ( 66.9%)        i
register                  1.07e+06               4.27e+05               1.40e+05               1.64e+06    ( 11.5%)         
sequential                0.00e+00               0.00e+00               0.00e+00               0.00e+00    (  0.0%)         
combinational             7.22e+05               2.20e+06               1.43e+05               3.06e+06    ( 21.5%)         
-----------------------------------------------------------------------------------------------------------------------------
Total                     1.00e+07 pW            3.91e+06 pW            2.87e+05 pW            1.42e+07 pW
1
