****************************************
Report : qor
Design : dut_toplevel
Version: V-2023.12
Date   : Wed Jun  4 15:47:20 2025
****************************************


Scenario           'Normal_Fast'
Timing Path Group  'clk'
----------------------------------------
Worst Hold Violation:              0.00
Total Hold Violation:              0.00
No. of Hold Violations:               0
----------------------------------------

Scenario           'Normal_Slow'
Timing Path Group  'clk'
----------------------------------------
Levels of Logic:                     43
Critical Path Length:              1.74
Critical Path Slack:              -0.04
Critical Path Clk Period:          2.00
Total Negative Slack:             -0.07
No. of Violating Paths:               3
----------------------------------------

Scenario           'Normal_Typical'
Timing Path Group  'clk'
----------------------------------------
Levels of Logic:                     43
Critical Path Length:              1.27
Critical Path Slack:               0.43
Critical Path Clk Period:          2.00
Total Negative Slack:              0.00
No. of Violating Paths:               0
Worst Hold Violation:              0.00
Total Hold Violation:              0.00
No. of Hold Violations:               0
----------------------------------------

Scenario           'PowerSave_Fast'
Timing Path Group  'clk'
----------------------------------------
Worst Hold Violation:              0.00
Total Hold Violation:              0.00
No. of Hold Violations:               0
----------------------------------------

Scenario           'PowerSave_Slow'
Timing Path Group  'clk'
----------------------------------------
Levels of Logic:                     43
Critical Path Length:              1.80
Critical Path Slack:               7.53
Critical Path Clk Period:         10.00
Total Negative Slack:              0.00
No. of Violating Paths:               0
----------------------------------------

Scenario           'PowerSave_Typical'
Timing Path Group  'clk'
----------------------------------------
Levels of Logic:                     43
Critical Path Length:              1.29
Critical Path Slack:               8.02
Critical Path Clk Period:         10.00
Total Negative Slack:              0.00
No. of Violating Paths:               0
Worst Hold Violation:              0.00
Total Hold Violation:              0.00
No. of Hold Violations:               0
----------------------------------------


Cell Count
----------------------------------------
Hierarchical Cell Count:              0
Hierarchical Port Count:              0
Leaf Cell Count:                   1171
Buf/Inv Cell Count:                  18
Buf Cell Count:                       0
Inv Cell Count:                      18
Combinational Cell Count:           832
   Single-bit Isolation Cell Count:                        0
   Multi-bit Isolation Cell Count:                         0
   Isolation Cell Banking Ratio:                           0.00%
   Single-bit Level Shifter Cell Count:                    0
   Multi-bit Level Shifter Cell Count:                     0
   Level Shifter Cell Banking Ratio:                       0.00%
   Single-bit ELS Cell Count:                              0
   Multi-bit ELS Cell Count:                               0
   ELS Cell Banking Ratio:                                 0.00%
Sequential Cell Count:              339
   Integrated Clock-Gating Cell Count:                     11
   Sequential Macro Cell Count:                            0
   Single-bit Sequential Cell Count:                       328
   Multi-bit Sequential Cell Count:                        0
   Sequential Cell Banking Ratio:                          0.00%
   BitsPerflop:                                            1.00
Macro Count:                          0
----------------------------------------


Area
----------------------------------------
Combinational Area:              473.79
Noncombinational Area:           431.12
Buf/Inv Area:                      3.20
Total Buffer Area:                 0.00
Total Inverter Area:               3.20
Macro/Black Box Area:              0.00
Net Area:                             0
Net XLength:                    7563.71
Net YLength:                    5653.31
----------------------------------------
Cell Area (netlist):                            904.92
Cell Area (netlist and physical only):         1026.93
Net Length:                    13217.02


Design Rules
----------------------------------------
Total Number of Nets:              1602
Nets with Violations:                 1
Max Trans Violations:                 0
Max Cap Violations:                   1
----------------------------------------

1
