Information: Corner Fast: no PVT mismatches. (PVT-032)
Information: Corner Slow: no PVT mismatches. (PVT-032)
Information: Corner Typical: no PVT mismatches. (PVT-032)
****************************************
Report : power
        -significant_digits 2
Design : dut_toplevel
Version: V-2023.12
Date   : Wed Jun  4 14:56:59 2025
****************************************
Information: Activity propagation will be performed for scenario Normal_Slow.
Information: Activity propagation will be performed for scenario PowerSave_Slow.
Information: Doing activity propagation for mode 'Normal' and corner 'Slow' with effort level 'medium'. (POW-024)
Information: Timer-derived activity data is cached on scenario Normal_Slow (POW-052)
Infomation: Fast mode activity propagation power.rtl_activity_annotation setup is ignored. Always use accurate mode.
Information: Running switching activity propagation with 12 threads!

 **** Information : No. of simulation cycles = 6 ****
Information: Doing activity propagation for mode 'PowerSave' and corner 'Slow' with effort level 'medium'. (POW-024)
Information: Timer-derived activity data is cached on scenario PowerSave_Slow (POW-052)
Infomation: Fast mode activity propagation power.rtl_activity_annotation setup is ignored. Always use accurate mode.
Information: Running switching activity propagation with 12 threads!

 **** Information : No. of simulation cycles = 6 ****
Information: Propagated activity on scenario Normal_Fast identical to that on Normal_Slow (POW-006)
Information: Propagated activity on scenario PowerSave_Fast identical to that on PowerSave_Slow (POW-006)
Information: Propagated activity on scenario Normal_Typical identical to that on Normal_Fast (POW-006)
Information: Propagated activity on scenario PowerSave_Typical identical to that on PowerSave_Fast (POW-006)
Information: The stitching and editing of coupling caps is turned OFF for design 'dut_toplevel.dlib:dut_toplevel/manual_floorplan.design'. (TIM-125)
Information: Design Average RC for design dut_toplevel  (NEX-011)
Information: r = 2.638865 ohm/um, via_r = 0.901330 ohm/cut, c = 0.105481 ff/um, cc = 0.000000 ff/um (X dir) (NEX-017)
Information: r = 2.045109 ohm/um, via_r = 1.176629 ohm/cut, c = 0.112548 ff/um, cc = 0.000000 ff/um (Y dir) (NEX-017)
Information: The RC mode used is VR for design 'dut_toplevel'. (NEX-022)
Information: Update timing completed net estimation for all the timing graph nets (TIM-111)
Information: Net estimation statistics: timing graph nets = 1601, routed nets = 0, across physical hierarchy nets = 0, parasitics cached nets = 1601, delay annotated nets = 0, parasitics annotated nets = 0, multi-voltage nets = 0. (TIM-112)
************************************************************
Timer Settings:
Delay Calculation Style:                   auto
Signal Integrity Analysis:                 disabled
Timing Window Analysis:                    disabled
Advanced Waveform Propagation:             disabled
Variation Type:                            fixed_derate
Clock Reconvergence Pessimism Removal:     disabled
Advanced Receiver Model:                   disabled
LLE:                                       disabled
ML Acceleration:                           off
************************************************************
Mode: Normal
Corner: Fast
Scenario: Normal_Fast
Voltage: 0.88
Temperature: 125.00

Voltage Unit         : 1V
Capacitance Unit     : 1fF
Time Unit            : 1ns
Temperature Unit     : 1C
Dynamic Power Unit   : 1pW
Leakage Power Unit   : 1pW

Switched supply net power scaling:
scaling for leakage power

Supply nets:
VDD (power) probability 1.00 (default)
VSS (ground) probability 1.00 (default)
Warning: Power table extrapolation (extrapolation mode) for port CK on cell dut_input_channel_control_1_INST/in_valid_arb_r_reg for parameter Tinp. Lowest table value = inf, highest table value = inf, value = 0.100000 (POW-046)
Warning: Power table extrapolation (extrapolation mode) for port CK on cell math_wrapper_INST/out_data_r_reg[14] for parameter Tinp. Lowest table value = inf, highest table value = inf, value = 0.100000 (POW-046)
Warning: Power table extrapolation (extrapolation mode) for port A1 on cell ctmi_339 for parameter Tinp. Lowest table value = 0.003000, highest table value = 0.133000, value = 0.000114 (POW-046)
Warning: Power table extrapolation (extrapolation mode) for port B on cell ctmi_339 for parameter Tinp. Lowest table value = 0.003000, highest table value = 0.133000, value = 0.135593 (POW-046)
Warning: Power table extrapolation (extrapolation mode) for port X on cell ctmi_339 for parameter Tinp. Lowest table value = 0.003000, highest table value = 0.133000, value = 0.000114 (POW-046)
Warning: Power table extrapolation (extrapolation mode) for port CK on cell math_wrapper_INST/out_data_r_reg[13] for parameter Tinp. Lowest table value = inf, highest table value = inf, value = 0.100000 (POW-046)
Warning: Power table extrapolation (extrapolation mode) for port CK on cell math_wrapper_INST/out_data_r_reg[12] for parameter Tinp. Lowest table value = inf, highest table value = inf, value = 0.100000 (POW-046)
Warning: Power table extrapolation (extrapolation mode) for port CK on cell math_wrapper_INST/out_data_r_reg[11] for parameter Tinp. Lowest table value = inf, highest table value = inf, value = 0.100000 (POW-046)
Warning: Power table extrapolation (extrapolation mode) for port CK on cell math_wrapper_INST/out_data_r_reg[10] for parameter Tinp. Lowest table value = inf, highest table value = inf, value = 0.100000 (POW-046)
Warning: Power table extrapolation (extrapolation mode) for port B on cell ctmi_2264 for parameter Tinp. Lowest table value = 0.003000, highest table value = 0.133000, value = 0.135593 (POW-046)

  Cell Internal Power    = 9.27e+07 pW ( 78.1%)
  Net Switching Power    = 2.60e+07 pW ( 21.9%)
Total Dynamic Power      = 1.19e+08 pW (100.0%)

Cell Leakage Power       = N/A


  Attributes
  ----------
      u  -  User defined power group
      i  -  Includes clock pin internal power

Power Group         Internal Power        Switching Power          Leakage Power            Total Power    (   %  )    Attrs
-----------------------------------------------------------------------------------------------------------------------------
io_pad                    0.00e+00               0.00e+00                    N/A               0.00e+00    (  0.0%)         
memory                    0.00e+00               0.00e+00                    N/A               0.00e+00    (  0.0%)         
black_box                 0.00e+00               0.00e+00                    N/A               0.00e+00    (  0.0%)         
clock_network             8.06e+07               8.68e+06                    N/A               8.93e+07    ( 75.2%)        i
register                  7.69e+06               2.93e+06                    N/A               1.06e+07    (  8.9%)         
sequential                0.00e+00               0.00e+00                    N/A               0.00e+00    (  0.0%)         
combinational             4.47e+06               1.44e+07                    N/A               1.88e+07    ( 15.9%)         
-----------------------------------------------------------------------------------------------------------------------------
Total                     9.27e+07 pW            2.60e+07 pW                 N/A               1.19e+08 pW
Mode: Normal
Corner: Slow
Scenario: Normal_Slow
Voltage: 0.72
Temperature: -40.00

Voltage Unit         : 1V
Capacitance Unit     : 1fF
Time Unit            : 1ns
Temperature Unit     : 1C
Dynamic Power Unit   : 1pW
Leakage Power Unit   : 1pW

Switched supply net power scaling:
scaling for leakage power

Supply nets:
VDD (power) probability 1.00 (default)
VSS (ground) probability 1.00 (default)

  Cell Internal Power    = 2.63e+07 pW ( 61.0%)
  Net Switching Power    = 1.68e+07 pW ( 39.0%)
Total Dynamic Power      = 4.31e+07 pW (100.0%)

Cell Leakage Power       = 1.60e+04 pW


  Attributes
  ----------
      u  -  User defined power group
      i  -  Includes clock pin internal power

Power Group         Internal Power        Switching Power          Leakage Power            Total Power    (   %  )    Attrs
-----------------------------------------------------------------------------------------------------------------------------
io_pad                    0.00e+00               0.00e+00               0.00e+00               0.00e+00    (  0.0%)         
memory                    0.00e+00               0.00e+00               0.00e+00               0.00e+00    (  0.0%)         
black_box                 0.00e+00               0.00e+00               0.00e+00               0.00e+00    (  0.0%)         
clock_network             1.93e+07               5.61e+06               2.50e+02               2.49e+07    ( 57.8%)        i
register                  3.80e+06               2.08e+06               9.37e+03               5.89e+06    ( 13.7%)         
sequential                0.00e+00               0.00e+00               0.00e+00               0.00e+00    (  0.0%)         
combinational             3.15e+06               9.14e+06               6.34e+03               1.23e+07    ( 28.5%)         
-----------------------------------------------------------------------------------------------------------------------------
Total                     2.63e+07 pW            1.68e+07 pW            1.60e+04 pW            4.31e+07 pW
Mode: Normal
Corner: Typical
Scenario: Normal_Typical
Voltage: 0.80
Temperature: 25.00

Voltage Unit         : 1V
Capacitance Unit     : 1fF
Time Unit            : 1ns
Temperature Unit     : 1C
Dynamic Power Unit   : 1pW
Leakage Power Unit   : 1pW

Switched supply net power scaling:
scaling for leakage power

Supply nets:
VDD (power) probability 1.00 (default)
VSS (ground) probability 1.00 (default)

  Cell Internal Power    = 3.99e+07 pW ( 65.1%)
  Net Switching Power    = 2.14e+07 pW ( 34.9%)
Total Dynamic Power      = 6.14e+07 pW (100.0%)

Cell Leakage Power       = 2.88e+05 pW


  Attributes
  ----------
      u  -  User defined power group
      i  -  Includes clock pin internal power

Power Group         Internal Power        Switching Power          Leakage Power            Total Power    (   %  )    Attrs
-----------------------------------------------------------------------------------------------------------------------------
io_pad                    0.00e+00               0.00e+00               0.00e+00               0.00e+00    (  0.0%)         
memory                    0.00e+00               0.00e+00               0.00e+00               0.00e+00    (  0.0%)         
black_box                 0.00e+00               0.00e+00               0.00e+00               0.00e+00    (  0.0%)         
clock_network             3.12e+07               7.14e+06               3.55e+03               3.84e+07    ( 62.2%)        i
register                  5.08e+06               2.55e+06               1.40e+05               7.78e+06    ( 12.6%)         
sequential                0.00e+00               0.00e+00               0.00e+00               0.00e+00    (  0.0%)         
combinational             3.63e+06               1.17e+07               1.44e+05               1.55e+07    ( 25.1%)         
-----------------------------------------------------------------------------------------------------------------------------
Total                     3.99e+07 pW            2.14e+07 pW            2.88e+05 pW            6.17e+07 pW
Mode: PowerSave
Corner: Fast
Scenario: PowerSave_Fast
Voltage: 0.88
Temperature: 125.00

Voltage Unit         : 1V
Capacitance Unit     : 1fF
Time Unit            : 1ns
Temperature Unit     : 1C
Dynamic Power Unit   : 1pW
Leakage Power Unit   : 1pW

Switched supply net power scaling:
scaling for leakage power

Supply nets:
VDD (power) probability 1.00 (default)
VSS (ground) probability 1.00 (default)

  Cell Internal Power    = 3.54e+07 pW ( 87.2%)
  Net Switching Power    = 5.20e+06 pW ( 12.8%)
Total Dynamic Power      = 4.06e+07 pW (100.0%)

Cell Leakage Power       = N/A


  Attributes
  ----------
      u  -  User defined power group
      i  -  Includes clock pin internal power

Power Group         Internal Power        Switching Power          Leakage Power            Total Power    (   %  )    Attrs
-----------------------------------------------------------------------------------------------------------------------------
io_pad                    0.00e+00               0.00e+00                    N/A               0.00e+00    (  0.0%)         
memory                    0.00e+00               0.00e+00                    N/A               0.00e+00    (  0.0%)         
black_box                 0.00e+00               0.00e+00                    N/A               0.00e+00    (  0.0%)         
clock_network             3.26e+07               1.74e+06                    N/A               3.43e+07    ( 84.5%)        i
register                  1.95e+06               5.87e+05                    N/A               2.54e+06    (  6.2%)         
sequential                0.00e+00               0.00e+00                    N/A               0.00e+00    (  0.0%)         
combinational             8.95e+05               2.87e+06                    N/A               3.77e+06    (  9.3%)         
-----------------------------------------------------------------------------------------------------------------------------
Total                     3.54e+07 pW            5.20e+06 pW                 N/A               4.06e+07 pW
Mode: PowerSave
Corner: Slow
Scenario: PowerSave_Slow
Voltage: 0.72
Temperature: -40.00

Voltage Unit         : 1V
Capacitance Unit     : 1fF
Time Unit            : 1ns
Temperature Unit     : 1C
Dynamic Power Unit   : 1pW
Leakage Power Unit   : 1pW

Switched supply net power scaling:
scaling for leakage power

Supply nets:
VDD (power) probability 1.00 (default)
VSS (ground) probability 1.00 (default)

  Cell Internal Power    = 5.17e+06 pW ( 60.5%)
  Net Switching Power    = 3.37e+06 pW ( 39.5%)
Total Dynamic Power      = 8.53e+06 pW (100.0%)

Cell Leakage Power       = 1.60e+04 pW


  Attributes
  ----------
      u  -  User defined power group
      i  -  Includes clock pin internal power

Power Group         Internal Power        Switching Power          Leakage Power            Total Power    (   %  )    Attrs
-----------------------------------------------------------------------------------------------------------------------------
io_pad                    0.00e+00               0.00e+00               0.00e+00               0.00e+00    (  0.0%)         
memory                    0.00e+00               0.00e+00               0.00e+00               0.00e+00    (  0.0%)         
black_box                 0.00e+00               0.00e+00               0.00e+00               0.00e+00    (  0.0%)         
clock_network             3.78e+06               1.12e+06               2.50e+02               4.90e+06    ( 57.3%)        i
register                  7.60e+05               4.17e+05               9.37e+03               1.19e+06    ( 13.9%)         
sequential                0.00e+00               0.00e+00               0.00e+00               0.00e+00    (  0.0%)         
combinational             6.30e+05               1.83e+06               6.34e+03               2.46e+06    ( 28.8%)         
-----------------------------------------------------------------------------------------------------------------------------
Total                     5.17e+06 pW            3.37e+06 pW            1.60e+04 pW            8.55e+06 pW
Mode: PowerSave
Corner: Typical
Scenario: PowerSave_Typical
Voltage: 0.80
Temperature: 25.00

Voltage Unit         : 1V
Capacitance Unit     : 1fF
Time Unit            : 1ns
Temperature Unit     : 1C
Dynamic Power Unit   : 1pW
Leakage Power Unit   : 1pW

Switched supply net power scaling:
scaling for leakage power

Supply nets:
VDD (power) probability 1.00 (default)
VSS (ground) probability 1.00 (default)

  Cell Internal Power    = 1.00e+07 pW ( 70.1%)
  Net Switching Power    = 4.28e+06 pW ( 29.9%)
Total Dynamic Power      = 1.43e+07 pW (100.0%)

Cell Leakage Power       = 2.88e+05 pW


  Attributes
  ----------
      u  -  User defined power group
      i  -  Includes clock pin internal power

Power Group         Internal Power        Switching Power          Leakage Power            Total Power    (   %  )    Attrs
-----------------------------------------------------------------------------------------------------------------------------
io_pad                    0.00e+00               0.00e+00               0.00e+00               0.00e+00    (  0.0%)         
memory                    0.00e+00               0.00e+00               0.00e+00               0.00e+00    (  0.0%)         
black_box                 0.00e+00               0.00e+00               0.00e+00               0.00e+00    (  0.0%)         
clock_network             8.23e+06               1.43e+06               3.55e+03               9.66e+06    ( 66.1%)        i
register                  1.08e+06               5.11e+05               1.40e+05               1.73e+06    ( 11.8%)         
sequential                0.00e+00               0.00e+00               0.00e+00               0.00e+00    (  0.0%)         
combinational             7.26e+05               2.35e+06               1.44e+05               3.22e+06    ( 22.0%)         
-----------------------------------------------------------------------------------------------------------------------------
Total                     1.00e+07 pW            4.28e+06 pW            2.88e+05 pW            1.46e+07 pW
1
