Information: The command 'report_area' cleared the undo history. (UNDO-016)
****************************************
Report : area
Design : dut_toplevel
Version: V-2023.12
Date   : Wed Jun  4 14:57:01 2025
****************************************

Number of ports:                          170
Number of nets:                          1602
Number of cells:                         1171
Number of combinational cells:            832
Number of sequential cells:               339
Number of macros/black boxes:               0
Number of buf/inv:                         18
Number of references:                      53

Combinational area:                    473.97
Buf/Inv area:                            3.24
Noncombinational area:                 431.35
Macro/Black Box area:                    0.00

Total cell area:                       905.32
1
