Information: Corner Slow: no PVT mismatches. (PVT-032)
Information: Corner Fast: no PVT mismatches. (PVT-032)
Information: Corner Typical: no PVT mismatches. (PVT-032)
****************************************
Report : power
        -significant_digits 2
Design : dut_toplevel
Version: V-2023.12
Date   : Wed Jun  4 15:46:29 2025
****************************************
Information: Activity propagation will be performed for scenario Normal_Typical.
Information: Activity propagation will be performed for scenario PowerSave_Fast.
Information: Doing activity propagation for mode 'Normal' and corner 'Typical' with effort level 'medium'. (POW-024)
Information: Timer-derived activity data is cached on scenario Normal_Typical (POW-052)
Infomation: Fast mode activity propagation power.rtl_activity_annotation setup is ignored. Always use accurate mode.
Information: Running switching activity propagation with 12 threads!

 **** Information : No. of simulation cycles = 6 ****
Information: Doing activity propagation for mode 'PowerSave' and corner 'Fast' with effort level 'medium'. (POW-024)
Information: Timer-derived activity data is cached on scenario PowerSave_Fast (POW-052)
Infomation: Fast mode activity propagation power.rtl_activity_annotation setup is ignored. Always use accurate mode.
Information: Running switching activity propagation with 12 threads!

 **** Information : No. of simulation cycles = 6 ****
Information: Propagated activity on scenario Normal_Fast identical to that on Normal_Typical (POW-006)
Information: Propagated activity on scenario PowerSave_Slow identical to that on PowerSave_Fast (POW-006)
Information: Propagated activity on scenario Normal_Slow identical to that on Normal_Fast (POW-006)
Information: Propagated activity on scenario PowerSave_Typical identical to that on PowerSave_Fast (POW-006)
Information: The stitching and editing of coupling caps is turned OFF for design 'dut_toplevel.dlib:dut_toplevel/auto_floorplan.design'. (TIM-125)
Information: Design Average RC for design dut_toplevel  (NEX-011)
Information: r = 2.638818 ohm/um, via_r = 0.901182 ohm/cut, c = 0.105545 ff/um, cc = 0.000000 ff/um (X dir) (NEX-017)
Information: r = 2.045109 ohm/um, via_r = 1.176629 ohm/cut, c = 0.113788 ff/um, cc = 0.000000 ff/um (Y dir) (NEX-017)
Information: The RC mode used is VR for design 'dut_toplevel'. (NEX-022)
Information: Update timing completed net estimation for all the timing graph nets (TIM-111)
Information: Net estimation statistics: timing graph nets = 1601, routed nets = 0, across physical hierarchy nets = 0, parasitics cached nets = 1601, delay annotated nets = 0, parasitics annotated nets = 0, multi-voltage nets = 0. (TIM-112)
************************************************************
Timer Settings:
Delay Calculation Style:                   auto
Signal Integrity Analysis:                 disabled
Timing Window Analysis:                    disabled
Advanced Waveform Propagation:             disabled
Variation Type:                            fixed_derate
Clock Reconvergence Pessimism Removal:     disabled
Advanced Receiver Model:                   disabled
LLE:                                       disabled
ML Acceleration:                           off
************************************************************
Mode: Normal
Corner: Fast
Scenario: Normal_Fast
Voltage: 0.88
Temperature: 125.00

Voltage Unit         : 1V
Capacitance Unit     : 1fF
Time Unit            : 1ns
Temperature Unit     : 1C
Dynamic Power Unit   : 1pW
Leakage Power Unit   : 1pW

Switched supply net power scaling:
scaling for leakage power

Supply nets:
VDD (power) probability 1.00 (default)
VSS (ground) probability 1.00 (default)
Warning: Power table extrapolation (extrapolation mode) for port CK on cell dut_input_channel_control_1_INST/in_data_last_arb_r_reg for parameter Tinp. Lowest table value = inf, highest table value = inf, value = 0.100000 (POW-046)
Warning: Power table extrapolation (extrapolation mode) for port D on cell dut_input_channel_control_2_INST/in_data_arb_r_reg[12] for parameter Tinp. Lowest table value = 0.003000, highest table value = 0.133000, value = 0.000095 (POW-046)
Warning: Power table extrapolation (extrapolation mode) for port CK on cell dut_input_channel_control_1_INST/in_valid_arb_r_reg for parameter Tinp. Lowest table value = inf, highest table value = inf, value = 0.100000 (POW-046)
Warning: Power table extrapolation (extrapolation mode) for port CK on cell dut_fifo_INST/fifo_data_r_reg[2][12] for parameter Tinp. Lowest table value = inf, highest table value = inf, value = 0.100000 (POW-046)
Warning: Power table extrapolation (extrapolation mode) for port CK on cell dut_fifo_INST/fifo_data_r_reg[2][11] for parameter Tinp. Lowest table value = inf, highest table value = inf, value = 0.100000 (POW-046)
Warning: Power table extrapolation (extrapolation mode) for port CK on cell dut_fifo_INST/fifo_data_r_reg[2][10] for parameter Tinp. Lowest table value = inf, highest table value = inf, value = 0.100000 (POW-046)
Warning: Power table extrapolation (extrapolation mode) for port CK on cell dut_fifo_INST/fifo_data_r_reg[2][9] for parameter Tinp. Lowest table value = inf, highest table value = inf, value = 0.100000 (POW-046)
Warning: Power table extrapolation (extrapolation mode) for port CK on cell dut_fifo_INST/fifo_data_r_reg[2][8] for parameter Tinp. Lowest table value = inf, highest table value = inf, value = 0.100000 (POW-046)
Warning: Power table extrapolation (extrapolation mode) for port CK on cell dut_fifo_INST/fifo_data_r_reg[2][7] for parameter Tinp. Lowest table value = inf, highest table value = inf, value = 0.100000 (POW-046)
Warning: Power table extrapolation (extrapolation mode) for port CK on cell dut_fifo_INST/fifo_data_r_reg[2][6] for parameter Tinp. Lowest table value = inf, highest table value = inf, value = 0.100000 (POW-046)
Note - message 'POW-046' limit (10) exceeded. Remainder will be suppressed.

  Cell Internal Power    = 9.27e+07 pW ( 77.6%)
  Net Switching Power    = 2.68e+07 pW ( 22.4%)
Total Dynamic Power      = 1.20e+08 pW (100.0%)

Cell Leakage Power       = N/A


  Attributes
  ----------
      u  -  User defined power group
      i  -  Includes clock pin internal power

Power Group         Internal Power        Switching Power          Leakage Power            Total Power    (   %  )    Attrs
-----------------------------------------------------------------------------------------------------------------------------
io_pad                    0.00e+00               0.00e+00                    N/A               0.00e+00    (  0.0%)         
memory                    0.00e+00               0.00e+00                    N/A               0.00e+00    (  0.0%)         
black_box                 0.00e+00               0.00e+00                    N/A               0.00e+00    (  0.0%)         
clock_network             8.06e+07               1.04e+07                    N/A               9.10e+07    ( 76.1%)        i
register                  7.68e+06               2.75e+06                    N/A               1.04e+07    (  8.7%)         
sequential                0.00e+00               0.00e+00                    N/A               0.00e+00    (  0.0%)         
combinational             4.44e+06               1.37e+07                    N/A               1.81e+07    ( 15.2%)         
-----------------------------------------------------------------------------------------------------------------------------
Total                     9.27e+07 pW            2.68e+07 pW                 N/A               1.20e+08 pW
Mode: Normal
Corner: Slow
Scenario: Normal_Slow
Voltage: 0.72
Temperature: -40.00

Voltage Unit         : 1V
Capacitance Unit     : 1fF
Time Unit            : 1ns
Temperature Unit     : 1C
Dynamic Power Unit   : 1pW
Leakage Power Unit   : 1pW

Switched supply net power scaling:
scaling for leakage power

Supply nets:
VDD (power) probability 1.00 (default)
VSS (ground) probability 1.00 (default)

  Cell Internal Power    = 2.63e+07 pW ( 60.1%)
  Net Switching Power    = 1.75e+07 pW ( 39.9%)
Total Dynamic Power      = 4.38e+07 pW (100.0%)

Cell Leakage Power       = 1.60e+04 pW


  Attributes
  ----------
      u  -  User defined power group
      i  -  Includes clock pin internal power

Power Group         Internal Power        Switching Power          Leakage Power            Total Power    (   %  )    Attrs
-----------------------------------------------------------------------------------------------------------------------------
io_pad                    0.00e+00               0.00e+00               0.00e+00               0.00e+00    (  0.0%)         
memory                    0.00e+00               0.00e+00               0.00e+00               0.00e+00    (  0.0%)         
black_box                 0.00e+00               0.00e+00               0.00e+00               0.00e+00    (  0.0%)         
clock_network             1.94e+07               6.90e+06               2.50e+02               2.63e+07    ( 60.0%)        i
register                  3.79e+06               1.95e+06               9.34e+03               5.74e+06    ( 13.1%)         
sequential                0.00e+00               0.00e+00               0.00e+00               0.00e+00    (  0.0%)         
combinational             3.15e+06               8.63e+06               6.38e+03               1.18e+07    ( 26.9%)         
-----------------------------------------------------------------------------------------------------------------------------
Total                     2.63e+07 pW            1.75e+07 pW            1.60e+04 pW            4.38e+07 pW
Mode: Normal
Corner: Typical
Scenario: Normal_Typical
Voltage: 0.80
Temperature: 25.00

Voltage Unit         : 1V
Capacitance Unit     : 1fF
Time Unit            : 1ns
Temperature Unit     : 1C
Dynamic Power Unit   : 1pW
Leakage Power Unit   : 1pW

Switched supply net power scaling:
scaling for leakage power

Supply nets:
VDD (power) probability 1.00 (default)
VSS (ground) probability 1.00 (default)

  Cell Internal Power    = 4.00e+07 pW ( 64.3%)
  Net Switching Power    = 2.22e+07 pW ( 35.7%)
Total Dynamic Power      = 6.21e+07 pW (100.0%)

Cell Leakage Power       = 2.88e+05 pW


  Attributes
  ----------
      u  -  User defined power group
      i  -  Includes clock pin internal power

Power Group         Internal Power        Switching Power          Leakage Power            Total Power    (   %  )    Attrs
-----------------------------------------------------------------------------------------------------------------------------
io_pad                    0.00e+00               0.00e+00               0.00e+00               0.00e+00    (  0.0%)         
memory                    0.00e+00               0.00e+00               0.00e+00               0.00e+00    (  0.0%)         
black_box                 0.00e+00               0.00e+00               0.00e+00               0.00e+00    (  0.0%)         
clock_network             3.13e+07               8.67e+06               3.55e+03               3.99e+07    ( 64.0%)        i
register                  5.07e+06               2.39e+06               1.40e+05               7.60e+06    ( 12.2%)         
sequential                0.00e+00               0.00e+00               0.00e+00               0.00e+00    (  0.0%)         
combinational             3.62e+06               1.11e+07               1.45e+05               1.49e+07    ( 23.8%)         
-----------------------------------------------------------------------------------------------------------------------------
Total                     4.00e+07 pW            2.22e+07 pW            2.88e+05 pW            6.24e+07 pW
Mode: PowerSave
Corner: Fast
Scenario: PowerSave_Fast
Voltage: 0.88
Temperature: 125.00

Voltage Unit         : 1V
Capacitance Unit     : 1fF
Time Unit            : 1ns
Temperature Unit     : 1C
Dynamic Power Unit   : 1pW
Leakage Power Unit   : 1pW

Switched supply net power scaling:
scaling for leakage power

Supply nets:
VDD (power) probability 1.00 (default)
VSS (ground) probability 1.00 (default)

  Cell Internal Power    = 3.54e+07 pW ( 86.9%)
  Net Switching Power    = 5.37e+06 pW ( 13.1%)
Total Dynamic Power      = 4.08e+07 pW (100.0%)

Cell Leakage Power       = N/A


  Attributes
  ----------
      u  -  User defined power group
      i  -  Includes clock pin internal power

Power Group         Internal Power        Switching Power          Leakage Power            Total Power    (   %  )    Attrs
-----------------------------------------------------------------------------------------------------------------------------
io_pad                    0.00e+00               0.00e+00                    N/A               0.00e+00    (  0.0%)         
memory                    0.00e+00               0.00e+00                    N/A               0.00e+00    (  0.0%)         
black_box                 0.00e+00               0.00e+00                    N/A               0.00e+00    (  0.0%)         
clock_network             3.26e+07               2.08e+06                    N/A               3.47e+07    ( 85.0%)        i
register                  1.95e+06               5.50e+05                    N/A               2.50e+06    (  6.1%)         
sequential                0.00e+00               0.00e+00                    N/A               0.00e+00    (  0.0%)         
combinational             8.88e+05               2.74e+06                    N/A               3.63e+06    (  8.9%)         
-----------------------------------------------------------------------------------------------------------------------------
Total                     3.54e+07 pW            5.37e+06 pW                 N/A               4.08e+07 pW
Mode: PowerSave
Corner: Slow
Scenario: PowerSave_Slow
Voltage: 0.72
Temperature: -40.00

Voltage Unit         : 1V
Capacitance Unit     : 1fF
Time Unit            : 1ns
Temperature Unit     : 1C
Dynamic Power Unit   : 1pW
Leakage Power Unit   : 1pW

Switched supply net power scaling:
scaling for leakage power

Supply nets:
VDD (power) probability 1.00 (default)
VSS (ground) probability 1.00 (default)

  Cell Internal Power    = 5.17e+06 pW ( 59.7%)
  Net Switching Power    = 3.49e+06 pW ( 40.3%)
Total Dynamic Power      = 8.67e+06 pW (100.0%)

Cell Leakage Power       = 1.60e+04 pW


  Attributes
  ----------
      u  -  User defined power group
      i  -  Includes clock pin internal power

Power Group         Internal Power        Switching Power          Leakage Power            Total Power    (   %  )    Attrs
-----------------------------------------------------------------------------------------------------------------------------
io_pad                    0.00e+00               0.00e+00               0.00e+00               0.00e+00    (  0.0%)         
memory                    0.00e+00               0.00e+00               0.00e+00               0.00e+00    (  0.0%)         
black_box                 0.00e+00               0.00e+00               0.00e+00               0.00e+00    (  0.0%)         
clock_network             3.78e+06               1.38e+06               2.50e+02               5.16e+06    ( 59.5%)        i
register                  7.58e+05               3.89e+05               9.34e+03               1.16e+06    ( 13.3%)         
sequential                0.00e+00               0.00e+00               0.00e+00               0.00e+00    (  0.0%)         
combinational             6.31e+05               1.73e+06               6.38e+03               2.36e+06    ( 27.2%)         
-----------------------------------------------------------------------------------------------------------------------------
Total                     5.17e+06 pW            3.49e+06 pW            1.60e+04 pW            8.68e+06 pW
Mode: PowerSave
Corner: Typical
Scenario: PowerSave_Typical
Voltage: 0.80
Temperature: 25.00

Voltage Unit         : 1V
Capacitance Unit     : 1fF
Time Unit            : 1ns
Temperature Unit     : 1C
Dynamic Power Unit   : 1pW
Leakage Power Unit   : 1pW

Switched supply net power scaling:
scaling for leakage power

Supply nets:
VDD (power) probability 1.00 (default)
VSS (ground) probability 1.00 (default)

  Cell Internal Power    = 1.00e+07 pW ( 69.4%)
  Net Switching Power    = 4.44e+06 pW ( 30.6%)
Total Dynamic Power      = 1.45e+07 pW (100.0%)

Cell Leakage Power       = 2.88e+05 pW


  Attributes
  ----------
      u  -  User defined power group
      i  -  Includes clock pin internal power

Power Group         Internal Power        Switching Power          Leakage Power            Total Power    (   %  )    Attrs
-----------------------------------------------------------------------------------------------------------------------------
io_pad                    0.00e+00               0.00e+00               0.00e+00               0.00e+00    (  0.0%)         
memory                    0.00e+00               0.00e+00               0.00e+00               0.00e+00    (  0.0%)         
black_box                 0.00e+00               0.00e+00               0.00e+00               0.00e+00    (  0.0%)         
clock_network             8.24e+06               1.73e+06               3.55e+03               9.98e+06    ( 67.6%)        i
register                  1.08e+06               4.78e+05               1.40e+05               1.69e+06    ( 11.5%)         
sequential                0.00e+00               0.00e+00               0.00e+00               0.00e+00    (  0.0%)         
combinational             7.23e+05               2.22e+06               1.45e+05               3.09e+06    ( 20.9%)         
-----------------------------------------------------------------------------------------------------------------------------
Total                     1.00e+07 pW            4.44e+06 pW            2.88e+05 pW            1.48e+07 pW
1
