****************************************
Report : area
Design : dut_toplevel
Version: V-2023.12
Date   : Wed Jun  4 15:46:31 2025
****************************************

Number of ports:                          170
Number of nets:                          1602
Number of cells:                         1171
Number of combinational cells:            832
Number of sequential cells:               339
Number of macros/black boxes:               0
Number of buf/inv:                         18
Number of references:                      44

Combinational area:                    474.33
Buf/Inv area:                            3.20
Noncombinational area:                 431.12
Macro/Black Box area:                    0.00

Total cell area:                       905.45
1
