


                              Fusion Compiler (TM)

                  Version V-2023.12 for linux64 - Nov 23, 2023
  This release has significant feature enhancements. Please review the Release
                       Notes associated with this release.

                    Copyright (c) 1988 - 2023 Synopsys, Inc.
   This software and the associated documentation are proprietary to Synopsys,
 Inc. This software may only be used in accordance with the terms and conditions
 of a written license agreement with Synopsys, Inc. All other use, reproduction,
   or distribution of this software is strictly prohibited.  Licensed Products
     communicate with Synopsys servers for the purpose of providing software
    updates, detecting software piracy and verifying that customers are using
    Licensed Products in conformity with the applicable License Key for such
  Licensed Products. Synopsys will use information gathered in connection with
    this process to deliver software updates and pursue software pirates and
                                   infringers.

 Inclusivity & Diversity - Visit SolvNetPlus to read the "Synopsys Statement on
            Inclusivity and Diversity" (Refer to article 000036315 at
                        https://solvnetplus.synopsys.com)
 
Error: This script has expired. Please contact Aditya/Amir/Wei-Chih.
Loading user preference file /home/student/.synopsys_fc_gui/preferences.tcl
#####################################################################
#####                          Task 2                           #####
#####################################################################
#### Sourcing main setup script
source -echo  ../../setup/main_setup.tcl
#####################################################################
#####		Common Setup Script for Fusion Compiler		#####
#####################################################################
set LabRootDir			"[pwd]/../../.."     ; # root dir for the labs
set LabDir				"${LabRootDir}/lab" ; # directory for lab exercises
set SrcDir				"${LabRootDir}/src"  ; # directory for source files (RTL, SDC)
set TechLibDir			"/eda/synopsys/files/FC_Labs/common" ; # technology library path
set SetupDir			"${LabDir}/setup"   ; # directory with setup files
set TechLibName			"saed14rvt"			 ; # define library name
set CellPrefix			"SAEDRVT14"			 ; # define cell prefix
set TechNodeName		"saed14nm"			 ; # define technology node name
set MetalStack			"1p9m"				 ; # define metal stack
set RefNdmType			"frame_only"		 ; # define reference ndm type: "frame_only" or "frame_timing"
set RefLibDir			"${TechLibDir}/ndm" ; # reference library path
set RefLib				"${RefLibDir}/${TechLibName}_${RefNdmType}.ndm" ; # reference library
set TechFileDir    		"${TechLibDir}/tf"  ; # directory with technology file(s)
set TechFile			"${TechFileDir}/${TechNodeName}_${MetalStack}.tf" ; # technology file
#set TechNdm				""
set LibertyDir			"${TechLibDir}/liberty" ; #
set TlupDir				"${TechLibDir}/tlup" ; #
set TlupMinFile			"${TlupDir}/${TechNodeName}_${MetalStack}_Cmin.tlup" ; #
set TlupNomFile			"${TlupDir}/${TechNodeName}_${MetalStack}_Cnom.tlup" ; #
set TlupMaxFile			"${TlupDir}/${TechNodeName}_${MetalStack}_Cmax.tlup" ; #
set NxtGrdDir			"${TechLibDir}/nxtgrd" ; #
set NxtGrdMinFile		"${NxtGrdDir}/${TechNodeName}_${MetalStack}_Cmin.nxtgrd" ; #
set NxtGrdNomFile		"${NxtGrdDir}/${TechNodeName}_${MetalStack}_Cnom.nxtgrd" ; #
set NxtGrdMaxFile		"${NxtGrdDir}/${TechNodeName}_${MetalStack}_Cmax.nxtgrd" ; #
set MapDir				"${TechLibDir}/map" ; #
set GdsDir				"${TechLibDir}/gds" ; #
set RunsetDir			"${TechLibDir}/runsets" ; #
set GdsFile				"${GdsDir}/saed14rvt.gds" ; #
set GdsMapFile			"${MapDir}/saed14nm_1p9m_gdsout_mw.map" ; #
set LayerMapFile		"${MapDir}/${TechNodeName}_tf_itf_tluplus.map" ; #
set DrcRunsetFile		"${RunsetDir}/saed14nm_1p9m_drc_rules.rs" ; #
set MetalFillRunsetFile	"${RunsetDir}/saed14nm_1p9m_mfill_rules.rs" ; #
set RtlDir				"${SrcDir}/rtl" ; # directory with source files
set SystemVerilogDir	"${RtlDir}/sverilog" ; # directory containing SystemVerilog HDL source files
set VerilogDir			"${RtlDir}/verilog" ; # directory containing Verilog HDL source files
set VhdlDir				"${RtlDir}/vhdl" ; # directory containing VHDL source files
set SdcDir				"${SrcDir}/sdc" ; # directory with constraint files
set ResultsDir			"${LabDir}/results" ; # directory for outcomes of the lab
set ReportsDir			"${LabDir}/reports" ; # directory for report files
set SolutionDir         "${LabDir}/solution"
set ScreenshotsDir      "${LabDir}/screenshots"
echo					${SetupDir}
/home/student/Documents/kdz/ASIC/labs/Lab_4/asic_lab4/lab/task2/work/../../../lab/setup
source 					${SetupDir}/utilities.tcl
#### Sourcing project specyfic setup script
source -echo  ${SetupDir}/design_setup.tcl
#####################################################################
#####		Design Setup Script for Fusion Compiler		#####
#####################################################################
set DesignName				"dut_toplevel"			; # define design name # 
set DesignLibrary			"${DesignName}.dlib"	; # define design library name # 
set WorkDir					"[pwd]"					; # define current working directory # 
set TechFlowType			"tf"					; # set "tf" for TECH_FILE-based flow or set "ndm" for TECH_NDM-based flow. # 
set ParasiticModel			"tlup"					; # set "tlup" for using TLUP files or  set "nxtgrd" for using NXTGRD files. # 
set HDL						"sverilog"				; # set "sverilog", "verilog" or "vhdl" for reading SystemVerilog, Verilog or VHDL RTL, respectively.
set SdcFile					"${SdcDir}/${DesignName}.sdc" ; # specify file with design constraints # 
set NormalModeSdcFile		"${SdcDir}/${DesignName}_normal.sdc" ; # specify file with design constraints for normal mode 
set PowerSaveModeSdcFile	"${SdcDir}/${DesignName}_power_save.sdc" ; # specify file with design constraints for low power mode 
set PVT_FF					"ff0p88v125c"			; # set FF PVT
set PVT_TT					"tt0p8v25c"				; # set TT PVT
set PVT_SS					"ss0p72vm40c"			; # set SS PVT
set DB_FF					"${LibertyDir}/${TechLibName}_${PVT_FF}.db"
set DB_TT					"${LibertyDir}/${TechLibName}_${PVT_TT}.db"
set DB_SS					"${LibertyDir}/${TechLibName}_${PVT_SS}.db"
set TapCellDistance			40
#Configure host file/options
set_host_options -max_cores 12
1
# Create and compile library
set_app_var link_library "${DB_FF} ${DB_TT} ${DB_SS}"
/eda/synopsys/files/FC_Labs/common/liberty/saed14rvt_ff0p88v125c.db /eda/synopsys/files/FC_Labs/common/liberty/saed14rvt_tt0p8v25c.db /eda/synopsys/files/FC_Labs/common/liberty/saed14rvt_ss0p72vm40c.db
create_lib ${ResultsDir}/${DesignLibrary}  -technology ${TechFile} -ref_libs ${RefLib}
Information: Loading technology file '/eda/synopsys/files/FC_Labs/common/tf/saed14nm_1p9m.tf' (FILE-007)
...Created 2 lib groups

... 2 cell libraries to build.


... checking whether need to build cell library: saed14rvt_c.ndm (1/2)
... checking whether can reuse library under output directory
cannot reuse CLIBs/saed14rvt_c.ndm under output directory: library not exists

... checking whether need to build cell library: saed14rvt_c_physical_only.ndm (2/2)
... checking whether can reuse library under output directory
cannot reuse CLIBs/saed14rvt_c_physical_only.ndm under output directory: library not exists

... processing cell library: saed14rvt_c.ndm (1/2)
... run lm_shell to build the cell library
..........................................
created new cell library under output directory: CLIBs/saed14rvt_c.ndm

... processing cell library: saed14rvt_c_physical_only.ndm (2/2)
... run lm_shell to build the cell library
.....................
created new cell library under output directory: CLIBs/saed14rvt_c_physical_only.ndm


Information: Successfully built 2 reference libraries: saed14rvt_c.ndm saed14rvt_c_physical_only.ndm. (LIB-093)
{dut_toplevel.dlib}
report_ref_libs
****************************************
Report : Reference Library Report
Library: dut_toplevel.dlib
Version: V-2023.12
Date   : Wed Jun  4 13:40:08 2025
****************************************

    Name                      Path                                                                                                     Location
    -------------------------------------------------------------------------------------------------------------------------------------------
*+  saed14rvt_ff0p88v125c     /home/student/Documents/kdz/ASIC/labs/Lab_4/asic_lab4/lab/task2/work/CLIBs/saed14rvt_c.ndm               /home/student/Documents/kdz/ASIC/labs/Lab_4/asic_lab4/lab/task2/work/CLIBs/saed14rvt_c.ndm
*+  saed14rvt_c_physical_only /home/student/Documents/kdz/ASIC/labs/Lab_4/asic_lab4/lab/task2/work/CLIBs/saed14rvt_c_physical_only.ndm /home/student/Documents/kdz/ASIC/labs/Lab_4/asic_lab4/lab/task2/work/CLIBs/saed14rvt_c_physical_only.ndm
    "*" = Library currently open
    "+" = Library has technology information
1
# Analyze and elaborate
analyze -format sverilog [glob ${SystemVerilogDir}/*.{svh,sv}]
Information: By default, the HDL template library is 'WORK' (LBR-??).
Running PRESTO HDLC
Compiling source file /home/student/Documents/kdz/ASIC/labs/Lab_4/asic_lab4/lab/task2/work/../../../src/rtl/sverilog/dut_params_pkg.svh
Warning:  /home/student/Documents/kdz/ASIC/labs/Lab_4/asic_lab4/lab/task2/work/../../../src/rtl/sverilog/dut_params_pkg.svh:6: Parameter keyword used in local parameter declaration. (VER-329)
Compiling source file /home/student/Documents/kdz/ASIC/labs/Lab_4/asic_lab4/lab/task2/work/../../../src/rtl/sverilog/dut_multiplier_18x18_comb.sv
Compiling source file /home/student/Documents/kdz/ASIC/labs/Lab_4/asic_lab4/lab/task2/work/../../../src/rtl/sverilog/dut_arbiter.sv
Compiling source file /home/student/Documents/kdz/ASIC/labs/Lab_4/asic_lab4/lab/task2/work/../../../src/rtl/sverilog/dut_toplevel.sv
Compiling source file /home/student/Documents/kdz/ASIC/labs/Lab_4/asic_lab4/lab/task2/work/../../../src/rtl/sverilog/dut_processing_control.sv
Compiling source file /home/student/Documents/kdz/ASIC/labs/Lab_4/asic_lab4/lab/task2/work/../../../src/rtl/sverilog/dut_input_channel_control.sv
Compiling source file /home/student/Documents/kdz/ASIC/labs/Lab_4/asic_lab4/lab/task2/work/../../../src/rtl/sverilog/dut_fifo.sv
Compiling source file /home/student/Documents/kdz/ASIC/labs/Lab_4/asic_lab4/lab/task2/work/../../../src/rtl/sverilog/dut_multiplier_9x9_comb.sv
Compiling source file /home/student/Documents/kdz/ASIC/labs/Lab_4/asic_lab4/lab/task2/work/../../../src/rtl/sverilog/dut_output_control.sv
Compiling source file /home/student/Documents/kdz/ASIC/labs/Lab_4/asic_lab4/lab/task2/work/../../../src/rtl/sverilog/dut_math_wrapper.sv
Presto compilation completed successfully.
Elapsed = 00:00:00.03, CPU = 00:00:00.03
1
elaborate ${DesignName}
Presto compilation completed successfully. (dut_toplevel)
Information: Elaborating HDL template WORK:dut_processing_control instantiated from 'dut_toplevel' with the parameters {ARB_MODES_NUM=2}. (ELAB-193)

Inferred memory devices in process
	in routine dut_processing_control_ARB_MODES_NUM2 line 102 in file
		'/home/student/Documents/kdz/ASIC/labs/Lab_4/asic_lab4/lab/task2/work/../../../src/rtl/sverilog/dut_processing_control.sv'.
========================================================================================
|        Register Name         |   Type    | Width | Bus | MB | AR | AS | SR | SS | ST |
========================================================================================
| proc_req_in_prev_cycle_r_reg | Flip-flop |   1   |  N  | N  | Y  | N  | N  | N  | N  |
========================================================================================

Inferred memory devices in process
	in routine dut_processing_control_ARB_MODES_NUM2 line 132 in file
		'/home/student/Documents/kdz/ASIC/labs/Lab_4/asic_lab4/lab/task2/work/../../../src/rtl/sverilog/dut_processing_control.sv'.
====================================================================================
|      Register Name       |   Type    | Width | Bus | MB | AR | AS | SR | SS | ST |
====================================================================================
| in2_arb_mode_id_en_r_reg | Flip-flop |   1   |  N  | N  | Y  | N  | N  | N  | N  |
|       in0_en_r_reg       | Flip-flop |   1   |  N  | N  | Y  | N  | N  | N  | N  |
| in0_arb_mode_id_en_r_reg | Flip-flop |   1   |  N  | N  | Y  | N  | N  | N  | N  |
|       in1_en_r_reg       | Flip-flop |   1   |  N  | N  | Y  | N  | N  | N  | N  |
| in1_arb_mode_id_en_r_reg | Flip-flop |   1   |  N  | N  | Y  | N  | N  | N  | N  |
|       in2_en_r_reg       | Flip-flop |   1   |  N  | N  | Y  | N  | N  | N  | N  |
====================================================================================

Inferred memory devices in process
	in routine dut_processing_control_ARB_MODES_NUM2 line 167 in file
		'/home/student/Documents/kdz/ASIC/labs/Lab_4/asic_lab4/lab/task2/work/../../../src/rtl/sverilog/dut_processing_control.sv'.
===============================================================================
|    Register Name    |   Type    | Width | Bus | MB | AR | AS | SR | SS | ST |
===============================================================================
|   proc_ack_r_reg    | Flip-flop |   1   |  N  | N  | Y  | N  | N  | N  | N  |
===============================================================================
Presto compilation completed successfully. (dut_processing_control_ARB_MODES_NUM2)
Information: Elaborating HDL template WORK:dut_input_channel_control instantiated from 'dut_toplevel' with the parameters {DATA_WIDTH=36}. (ELAB-193)

Inferred memory devices in process
	in routine dut_input_channel_control_DATA_WIDTH36 line 99 in file
		'/home/student/Documents/kdz/ASIC/labs/Lab_4/asic_lab4/lab/task2/work/../../../src/rtl/sverilog/dut_input_channel_control.sv'.
===============================================================================
|    Register Name    |   Type    | Width | Bus | MB | AR | AS | SR | SS | ST |
===============================================================================
| in_valid_arb_r_reg  | Flip-flop |   1   |  N  | N  | Y  | N  | N  | N  | N  |
===============================================================================

Inferred memory devices in process
	in routine dut_input_channel_control_DATA_WIDTH36 line 121 in file
		'/home/student/Documents/kdz/ASIC/labs/Lab_4/asic_lab4/lab/task2/work/../../../src/rtl/sverilog/dut_input_channel_control.sv'.
==================================================================================
|     Register Name      |   Type    | Width | Bus | MB | AR | AS | SR | SS | ST |
==================================================================================
| in_data_last_arb_r_reg | Flip-flop |   1   |  N  | N  | Y  | N  | N  | N  | N  |
|   in_data_arb_r_reg    | Flip-flop |  36   |  Y  | Y  | Y  | N  | N  | N  | N  |
==================================================================================
Presto compilation completed successfully. (dut_input_channel_control_DATA_WIDTH36)
Information: Elaborating HDL template WORK:dut_arbiter instantiated from 'dut_toplevel' with the parameters {DATA_WIDTH=36,IN_INTERFACE_ID_WIDTH=2,ARB_MODES_NUM=2}. (ELAB-193)
Warning:  /home/student/Documents/kdz/ASIC/labs/Lab_4/asic_lab4/lab/task2/work/../../../src/rtl/sverilog/dut_arbiter.sv:117: DEFAULT branch of CASE statement cannot be reached. (ELAB-311)
Warning:  /home/student/Documents/kdz/ASIC/labs/Lab_4/asic_lab4/lab/task2/work/../../../src/rtl/sverilog/dut_arbiter.sv:142: DEFAULT branch of CASE statement cannot be reached. (ELAB-311)
Warning:  /home/student/Documents/kdz/ASIC/labs/Lab_4/asic_lab4/lab/task2/work/../../../src/rtl/sverilog/dut_arbiter.sv:167: DEFAULT branch of CASE statement cannot be reached. (ELAB-311)

Statistics for case statements in always block at line 100 in file
	'/home/student/Documents/kdz/ASIC/labs/Lab_4/asic_lab4/lab/task2/work/../../../src/rtl/sverilog/dut_arbiter.sv'
===============================================
|           Line           |  full/ parallel  |
===============================================
|           102            |    auto/auto     |
===============================================

Statistics for case statements in always block at line 125 in file
	'/home/student/Documents/kdz/ASIC/labs/Lab_4/asic_lab4/lab/task2/work/../../../src/rtl/sverilog/dut_arbiter.sv'
===============================================
|           Line           |  full/ parallel  |
===============================================
|           127            |    auto/auto     |
===============================================

Statistics for case statements in always block at line 150 in file
	'/home/student/Documents/kdz/ASIC/labs/Lab_4/asic_lab4/lab/task2/work/../../../src/rtl/sverilog/dut_arbiter.sv'
===============================================
|           Line           |  full/ parallel  |
===============================================
|           152            |    auto/auto     |
===============================================
  state register: arb_last_data_source_id_r

Inferred memory devices in process
	in routine dut_arbiter_DATA_WIDTH36_IN_INTERFACE_ID_WIDTH2_ARB_MODES_NUM2 line 222 in file
		'/home/student/Documents/kdz/ASIC/labs/Lab_4/asic_lab4/lab/task2/work/../../../src/rtl/sverilog/dut_arbiter.sv'.
=========================================================================================
|         Register Name         |   Type    | Width | Bus | MB | AR | AS | SR | SS | ST |
=========================================================================================
| arb_last_data_source_id_r_reg | Flip-flop |   2   |  Y  | Y  | Y  | N  | N  | N  | N  |
=========================================================================================
Presto compilation completed successfully. (dut_arbiter_DATA_WIDTH36_IN_INTERFACE_ID_WIDTH2_ARB_MODES_NUM2)
Information: Elaborating HDL template WORK:dut_math_wrapper instantiated from 'dut_toplevel' with the parameters {DATA_WIDTH=36,IN_INTERFACE_ID_WIDTH=2}. (ELAB-193)

Inferred memory devices in process
	in routine dut_math_wrapper_DATA_WIDTH36_IN_INTERFACE_ID_WIDTH2 line 75 in file
		'/home/student/Documents/kdz/ASIC/labs/Lab_4/asic_lab4/lab/task2/work/../../../src/rtl/sverilog/dut_math_wrapper.sv'.
=================================================================================
|     Register Name     |   Type    | Width | Bus | MB | AR | AS | SR | SS | ST |
=================================================================================
| unconsumed_data_r_reg | Flip-flop |   1   |  N  | N  | Y  | N  | N  | N  | N  |
|    new_data_r_reg     | Flip-flop |   1   |  N  | N  | Y  | N  | N  | N  | N  |
=================================================================================

Inferred memory devices in process
	in routine dut_math_wrapper_DATA_WIDTH36_IN_INTERFACE_ID_WIDTH2 line 88 in file
		'/home/student/Documents/kdz/ASIC/labs/Lab_4/asic_lab4/lab/task2/work/../../../src/rtl/sverilog/dut_math_wrapper.sv'.
====================================================================================
|      Register Name       |   Type    | Width | Bus | MB | AR | AS | SR | SS | ST |
====================================================================================
|   out_data_last_r_reg    | Flip-flop |   1   |  N  | N  | Y  | N  | N  | N  | N  |
|      out_data_r_reg      | Flip-flop |  36   |  Y  | Y  | Y  | N  | N  | N  | N  |
| out_data_source_id_r_reg | Flip-flop |   2   |  Y  | Y  | Y  | N  | N  | N  | N  |
====================================================================================
Presto compilation completed successfully. (dut_math_wrapper_DATA_WIDTH36_IN_INTERFACE_ID_WIDTH2)
Information: Elaborating HDL template WORK:dut_fifo instantiated from 'dut_toplevel' with the parameters {FIFO_HEIGHT=4,FIFO_WIDTH=39}. (ELAB-193)
Warning:  /home/student/Documents/kdz/ASIC/labs/Lab_4/asic_lab4/lab/task2/work/../../../src/rtl/sverilog/dut_fifo.sv:161: signed to unsigned part selection occurs. (VER-318)

Inferred memory devices in process
	in routine dut_fifo_FIFO_HEIGHT4_FIFO_WIDTH39 line 100 in file
		'/home/student/Documents/kdz/ASIC/labs/Lab_4/asic_lab4/lab/task2/work/../../../src/rtl/sverilog/dut_fifo.sv'.
===============================================================================
|    Register Name    |   Type    | Width | Bus | MB | AR | AS | SR | SS | ST |
===============================================================================
|   fifo_wptr_r_reg   | Flip-flop |   3   |  Y  | Y  | Y  | N  | N  | N  | N  |
===============================================================================

Inferred memory devices in process
	in routine dut_fifo_FIFO_HEIGHT4_FIFO_WIDTH39 line 124 in file
		'/home/student/Documents/kdz/ASIC/labs/Lab_4/asic_lab4/lab/task2/work/../../../src/rtl/sverilog/dut_fifo.sv'.
===============================================================================
|    Register Name    |   Type    | Width | Bus | MB | AR | AS | SR | SS | ST |
===============================================================================
|   fifo_rptr_r_reg   | Flip-flop |   3   |  Y  | Y  | Y  | N  | N  | N  | N  |
===============================================================================

Inferred memory devices in process
	in routine dut_fifo_FIFO_HEIGHT4_FIFO_WIDTH39 line 167 in file
		'/home/student/Documents/kdz/ASIC/labs/Lab_4/asic_lab4/lab/task2/work/../../../src/rtl/sverilog/dut_fifo.sv'.
===============================================================================
|    Register Name    |   Type    | Width | Bus | MB | AR | AS | SR | SS | ST |
===============================================================================
|   fifo_data_r_reg   | Flip-flop |  156  |  Y  | Y  | Y  | N  | N  | N  | N  |
===============================================================================
Presto compilation completed successfully. (dut_fifo_FIFO_HEIGHT4_FIFO_WIDTH39)
Information: Elaborating HDL template WORK:dut_output_control instantiated from 'dut_toplevel' with the parameters {DATA_WIDTH=36,IN_INTERFACE_ID_WIDTH=2}. (ELAB-193)

Inferred memory devices in process
	in routine dut_output_control_DATA_WIDTH36_IN_INTERFACE_ID_WIDTH2 line 100 in file
		'/home/student/Documents/kdz/ASIC/labs/Lab_4/asic_lab4/lab/task2/work/../../../src/rtl/sverilog/dut_output_control.sv'.
====================================================================================
|      Register Name       |   Type    | Width | Bus | MB | AR | AS | SR | SS | ST |
====================================================================================
| out_last_data_sent_r_reg | Flip-flop |   1   |  N  | N  | Y  | N  | N  | N  | N  |
====================================================================================
Presto compilation completed successfully. (dut_output_control_DATA_WIDTH36_IN_INTERFACE_ID_WIDTH2)
Information: Elaborating HDL template WORK:dut_multiplier_18x18_comb instantiated from 'dut_math_wrapper_DATA_WIDTH36_IN_INTERFACE_ID_WIDTH2'. (ELAB-193)
Presto compilation completed successfully. (dut_multiplier_18x18_comb)
Information: Elaborating HDL template WORK:dut_multiplier_9x9_comb instantiated from 'dut_multiplier_18x18_comb'. (ELAB-193)
Presto compilation completed successfully. (dut_multiplier_9x9_comb)
Number of modules read: 9
Top level ports:        170
Total in all modules
  Ports:                816
  Nets:                 1506
  Instances:            429
Elapsed = 00:00:00.17, CPU = 00:00:00.17
1
set_top_module ${DesignName}
Information: User units loaded from library 'saed14rvt_ff0p88v125c' (LNK-040)
Information: Added key list 'DesignWare' to design 'dut_toplevel'. (DWS-0216)
Elapsed = 00:00:00.50, CPU = 00:00:00.44
1
# Save as rtl_read and close
save_block -as ${DesignName}/rtl_read
Information: Saving 'dut_toplevel.dlib:dut_toplevel.design' to 'dut_toplevel.dlib:dut_toplevel/rtl_read.design'. (DES-028)
1
list_blocks
Lib dut_toplevel.dlib /home/student/Documents/kdz/ASIC/labs/Lab_4/asic_lab4/lab/results/dut_toplevel.dlib tech current
  *>  0 dut_toplevel.design Jun-04-13:40 current
  -   0 dut_toplevel/rtl_read.design Jun-04-13:40
2
close_blocks -force
Closing block 'dut_toplevel.dlib:dut_toplevel.design'
1
# Save lib and close
save_lib
Saving library 'dut_toplevel.dlib'
1
close_lib
Closing library 'dut_toplevel.dlib'
1
copy_lib -from_lib ${ResultsDir}/${DesignLibrary} -to_lib "${SolutionDir}/${DesignLibrary}"
Information: Copying from library "dut_toplevel.dlib" to "/home/student/Documents/kdz/ASIC/labs/Lab_4/asic_lab4/lab/task2/work/../../../lab/solution/dut_toplevel.dlib".
{dut_toplevel.dlib}
exit
Maximum memory usage for this session: 533.85 MB
Maximum memory usage for this session including child processes: 533.85 MB
CPU usage for this session:      8 seconds (  0.00 hours)
Elapsed time for this session:     32 seconds (  0.01 hours)
Thank you for using Fusion Compiler.
