Information: Corner Fast: no PVT mismatches. (PVT-032)
Information: Corner Slow: no PVT mismatches. (PVT-032)
Information: Corner Typical: no PVT mismatches. (PVT-032)
****************************************
Report : power
        -significant_digits 2
Design : dut_toplevel
Version: V-2023.12
Date   : Wed Jun 18 11:04:48 2025
****************************************
Information: Activity propagation will be performed for scenario Normal_Fast.
Information: Activity propagation will be performed for scenario PowerSave_Fast.
Information: Doing activity propagation for mode 'Normal' and corner 'Fast' with effort level 'medium'. (POW-024)
Information: Timer-derived activity data is cached on scenario Normal_Fast (POW-052)
Infomation: Fast mode activity propagation power.rtl_activity_annotation setup is ignored. Always use accurate mode.
Information: Running switching activity propagation with 12 threads!

 **** Information : No. of simulation cycles = 6 ****
Information: Doing activity propagation for mode 'PowerSave' and corner 'Fast' with effort level 'medium'. (POW-024)
Information: Timer-derived activity data is cached on scenario PowerSave_Fast (POW-052)
Infomation: Fast mode activity propagation power.rtl_activity_annotation setup is ignored. Always use accurate mode.
Information: Running switching activity propagation with 12 threads!

 **** Information : No. of simulation cycles = 6 ****
Information: Propagated activity on scenario Normal_Slow identical to that on Normal_Fast (POW-006)
Information: Propagated activity on scenario PowerSave_Typical identical to that on PowerSave_Fast (POW-006)
Information: Propagated activity on scenario PowerSave_Slow identical to that on PowerSave_Fast (POW-006)
Information: Propagated activity on scenario Normal_Typical identical to that on Normal_Fast (POW-006)
Information: The stitching and editing of coupling caps is turned OFF for design 'dut_toplevel.dlib:dut_toplevel/auto_floorplan.design'. (TIM-125)
Information: Design Average RC for design dut_toplevel  (NEX-011)
Information: r = 2.045109 ohm/um, via_r = 1.176629 ohm/cut, c = 0.131452 ff/um, cc = 0.000000 ff/um (X dir) (NEX-017)
Information: r = 2.636620 ohm/um, via_r = 0.894329 ohm/cut, c = 0.128900 ff/um, cc = 0.000000 ff/um (Y dir) (NEX-017)
Information: The RC mode used is VR for design 'dut_toplevel'. (NEX-022)
Information: Update timing completed net estimation for all the timing graph nets (TIM-111)
Information: Net estimation statistics: timing graph nets = 1605, routed nets = 0, across physical hierarchy nets = 0, parasitics cached nets = 1605, delay annotated nets = 0, parasitics annotated nets = 0, multi-voltage nets = 0. (TIM-112)
************************************************************
Timer Settings:
Delay Calculation Style:                   auto
Signal Integrity Analysis:                 disabled
Timing Window Analysis:                    disabled
Advanced Waveform Propagation:             disabled
Variation Type:                            fixed_derate
Clock Reconvergence Pessimism Removal:     disabled
Advanced Receiver Model:                   disabled
LLE:                                       disabled
ML Acceleration:                           off
************************************************************
Mode: Normal
Corner: Fast
Scenario: Normal_Fast
Voltage: 0.88
Temperature: 125.00

Voltage Unit         : 1V
Capacitance Unit     : 1fF
Time Unit            : 1ns
Temperature Unit     : 1C
Dynamic Power Unit   : 1pW
Leakage Power Unit   : 1pW

Switched supply net power scaling:
scaling for leakage power

Supply nets:
VDD (power) probability 1.00 (default)
VSS (ground) probability 1.00 (default)
Warning: Power table extrapolation (extrapolation mode) for port A1 on cell ctmi_2107 for parameter Tinp. Lowest table value = 0.003000, highest table value = 0.133000, value = 0.000000 (POW-046)
Warning: Power table extrapolation (extrapolation mode) for port X on cell ctmi_2107 for parameter Tinp. Lowest table value = 0.003000, highest table value = 0.133000, value = 0.000000 (POW-046)
Warning: Power table extrapolation (extrapolation mode) for port A2 on cell ctmi_2180 for parameter Tinp. Lowest table value = 0.003000, highest table value = 0.133000, value = 0.002327 (POW-046)
Warning: Power table extrapolation (extrapolation mode) for port B2 on cell ctmi_2180 for parameter Tinp. Lowest table value = 0.003000, highest table value = 0.133000, value = 0.002632 (POW-046)
Warning: Power table extrapolation (extrapolation mode) for port X on cell ctmi_2180 for parameter Tinp. Lowest table value = 0.003000, highest table value = 0.133000, value = 0.002327 (POW-046)
Warning: Power table extrapolation (extrapolation mode) for port CK on cell dut_input_channel_control_1_INST/in_valid_arb_r_reg for parameter Tinp. Lowest table value = 0.003000, highest table value = 0.133000, value = 0.300000 (POW-046)
Warning: Power table extrapolation (extrapolation mode) for port CK on cell dut_fifo_INST/fifo_data_r_reg[2][6] for parameter Tinp. Lowest table value = 0.003000, highest table value = 0.133000, value = 0.300000 (POW-046)
Warning: Power table extrapolation (extrapolation mode) for port Q on cell dut_input_channel_control_1_INST/in_valid_arb_r_reg for parameter Tinp. Lowest table value = 0.003000, highest table value = 0.133000, value = 0.300000 (POW-046)
Warning: Power table extrapolation (extrapolation mode) for port CK on cell dut_fifo_INST/fifo_data_r_reg[0][11] for parameter Tinp. Lowest table value = 0.003000, highest table value = 0.133000, value = 0.300000 (POW-046)
Warning: Power table extrapolation (extrapolation mode) for port CK on cell math_wrapper_INST/out_data_r_reg[8] for parameter Tinp. Lowest table value = 0.003000, highest table value = 0.133000, value = 0.300000 (POW-046)
Note - message 'POW-046' limit (10) exceeded. Remainder will be suppressed.

  Cell Internal Power    = 1.17e+08 pW ( 83.2%)
  Net Switching Power    = 2.37e+07 pW ( 16.8%)
Total Dynamic Power      = 1.41e+08 pW (100.0%)

Cell Leakage Power       = 3.01e+07 pW


  Attributes
  ----------
      u  -  User defined power group
      i  -  Includes clock pin internal power

Power Group         Internal Power        Switching Power          Leakage Power            Total Power    (   %  )    Attrs
-----------------------------------------------------------------------------------------------------------------------------
io_pad                    0.00e+00               0.00e+00               0.00e+00               0.00e+00    (  0.0%)         
memory                    0.00e+00               0.00e+00               0.00e+00               0.00e+00    (  0.0%)         
black_box                 0.00e+00               0.00e+00               0.00e+00               0.00e+00    (  0.0%)         
clock_network             1.04e+08               8.11e+06               3.92e+05               1.12e+08    ( 65.6%)        i
register                  9.29e+06               2.53e+06               1.45e+07               2.64e+07    ( 15.4%)         
sequential                0.00e+00               0.00e+00               0.00e+00               0.00e+00    (  0.0%)         
combinational             4.22e+06               1.30e+07               1.51e+07               3.24e+07    ( 19.0%)         
-----------------------------------------------------------------------------------------------------------------------------
Total                     1.17e+08 pW            2.37e+07 pW            3.01e+07 pW            1.71e+08 pW
Mode: Normal
Corner: Slow
Scenario: Normal_Slow
Voltage: 0.72
Temperature: -40.00

Voltage Unit         : 1V
Capacitance Unit     : 1fF
Time Unit            : 1ns
Temperature Unit     : 1C
Dynamic Power Unit   : 1pW
Leakage Power Unit   : 1pW

Switched supply net power scaling:
scaling for leakage power

Supply nets:
VDD (power) probability 1.00 (default)
VSS (ground) probability 1.00 (default)

  Cell Internal Power    = 2.49e+07 pW ( 62.2%)
  Net Switching Power    = 1.51e+07 pW ( 37.8%)
Total Dynamic Power      = 4.00e+07 pW (100.0%)

Cell Leakage Power       = 1.60e+04 pW


  Attributes
  ----------
      u  -  User defined power group
      i  -  Includes clock pin internal power

Power Group         Internal Power        Switching Power          Leakage Power            Total Power    (   %  )    Attrs
-----------------------------------------------------------------------------------------------------------------------------
io_pad                    0.00e+00               0.00e+00               0.00e+00               0.00e+00    (  0.0%)         
memory                    0.00e+00               0.00e+00               0.00e+00               0.00e+00    (  0.0%)         
black_box                 0.00e+00               0.00e+00               0.00e+00               0.00e+00    (  0.0%)         
clock_network             1.82e+07               5.19e+06               2.50e+02               2.34e+07    ( 58.6%)        i
register                  3.63e+06               1.78e+06               9.34e+03               5.42e+06    ( 13.5%)         
sequential                0.00e+00               0.00e+00               0.00e+00               0.00e+00    (  0.0%)         
combinational             3.00e+06               8.14e+06               6.38e+03               1.11e+07    ( 27.9%)         
-----------------------------------------------------------------------------------------------------------------------------
Total                     2.49e+07 pW            1.51e+07 pW            1.60e+04 pW            4.00e+07 pW
Mode: Normal
Corner: Typical
Scenario: Normal_Typical
Voltage: 0.80
Temperature: 25.00

Voltage Unit         : 1V
Capacitance Unit     : 1fF
Time Unit            : 1ns
Temperature Unit     : 1C
Dynamic Power Unit   : 1pW
Leakage Power Unit   : 1pW

Switched supply net power scaling:
scaling for leakage power

Supply nets:
VDD (power) probability 1.00 (default)
VSS (ground) probability 1.00 (default)

  Cell Internal Power    = 4.15e+07 pW ( 68.2%)
  Net Switching Power    = 1.93e+07 pW ( 31.8%)
Total Dynamic Power      = 6.09e+07 pW (100.0%)

Cell Leakage Power       = 2.88e+05 pW


  Attributes
  ----------
      u  -  User defined power group
      i  -  Includes clock pin internal power

Power Group         Internal Power        Switching Power          Leakage Power            Total Power    (   %  )    Attrs
-----------------------------------------------------------------------------------------------------------------------------
io_pad                    0.00e+00               0.00e+00               0.00e+00               0.00e+00    (  0.0%)         
memory                    0.00e+00               0.00e+00               0.00e+00               0.00e+00    (  0.0%)         
black_box                 0.00e+00               0.00e+00               0.00e+00               0.00e+00    (  0.0%)         
clock_network             3.29e+07               6.62e+06               3.55e+03               3.95e+07    ( 64.7%)        i
register                  5.17e+06               2.19e+06               1.40e+05               7.49e+06    ( 12.3%)         
sequential                0.00e+00               0.00e+00               0.00e+00               0.00e+00    (  0.0%)         
combinational             3.44e+06               1.05e+07               1.44e+05               1.41e+07    ( 23.1%)         
-----------------------------------------------------------------------------------------------------------------------------
Total                     4.15e+07 pW            1.93e+07 pW            2.88e+05 pW            6.12e+07 pW
Mode: PowerSave
Corner: Fast
Scenario: PowerSave_Fast
Voltage: 0.88
Temperature: 125.00

Voltage Unit         : 1V
Capacitance Unit     : 1fF
Time Unit            : 1ns
Temperature Unit     : 1C
Dynamic Power Unit   : 1pW
Leakage Power Unit   : 1pW

Switched supply net power scaling:
scaling for leakage power

Supply nets:
VDD (power) probability 1.00 (default)
VSS (ground) probability 1.00 (default)

  Cell Internal Power    = 5.17e+07 pW ( 91.2%)
  Net Switching Power    = 4.97e+06 pW (  8.8%)
Total Dynamic Power      = 5.67e+07 pW (100.0%)

Cell Leakage Power       = 3.01e+07 pW


  Attributes
  ----------
      u  -  User defined power group
      i  -  Includes clock pin internal power

Power Group         Internal Power        Switching Power          Leakage Power            Total Power    (   %  )    Attrs
-----------------------------------------------------------------------------------------------------------------------------
io_pad                    0.00e+00               0.00e+00               0.00e+00               0.00e+00    (  0.0%)         
memory                    0.00e+00               0.00e+00               0.00e+00               0.00e+00    (  0.0%)         
black_box                 0.00e+00               0.00e+00               0.00e+00               0.00e+00    (  0.0%)         
clock_network             4.83e+07               1.70e+06               3.92e+05               5.04e+07    ( 58.0%)        i
register                  2.57e+06               5.32e+05               1.45e+07               1.76e+07    ( 20.3%)         
sequential                0.00e+00               0.00e+00               0.00e+00               0.00e+00    (  0.0%)         
combinational             8.86e+05               2.73e+06               1.51e+07               1.88e+07    ( 21.6%)         
-----------------------------------------------------------------------------------------------------------------------------
Total                     5.17e+07 pW            4.97e+06 pW            3.01e+07 pW            8.68e+07 pW
Mode: PowerSave
Corner: Slow
Scenario: PowerSave_Slow
Voltage: 0.72
Temperature: -40.00

Voltage Unit         : 1V
Capacitance Unit     : 1fF
Time Unit            : 1ns
Temperature Unit     : 1C
Dynamic Power Unit   : 1pW
Leakage Power Unit   : 1pW

Switched supply net power scaling:
scaling for leakage power

Supply nets:
VDD (power) probability 1.00 (default)
VSS (ground) probability 1.00 (default)

  Cell Internal Power    = 5.08e+06 pW ( 61.5%)
  Net Switching Power    = 3.17e+06 pW ( 38.5%)
Total Dynamic Power      = 8.25e+06 pW (100.0%)

Cell Leakage Power       = 1.60e+04 pW


  Attributes
  ----------
      u  -  User defined power group
      i  -  Includes clock pin internal power

Power Group         Internal Power        Switching Power          Leakage Power            Total Power    (   %  )    Attrs
-----------------------------------------------------------------------------------------------------------------------------
io_pad                    0.00e+00               0.00e+00               0.00e+00               0.00e+00    (  0.0%)         
memory                    0.00e+00               0.00e+00               0.00e+00               0.00e+00    (  0.0%)         
black_box                 0.00e+00               0.00e+00               0.00e+00               0.00e+00    (  0.0%)         
clock_network             3.68e+06               1.09e+06               2.50e+02               4.77e+06    ( 57.7%)        i
register                  7.64e+05               3.73e+05               9.34e+03               1.15e+06    ( 13.9%)         
sequential                0.00e+00               0.00e+00               0.00e+00               0.00e+00    (  0.0%)         
combinational             6.30e+05               1.71e+06               6.38e+03               2.35e+06    ( 28.4%)         
-----------------------------------------------------------------------------------------------------------------------------
Total                     5.08e+06 pW            3.17e+06 pW            1.60e+04 pW            8.26e+06 pW
Mode: PowerSave
Corner: Typical
Scenario: PowerSave_Typical
Voltage: 0.80
Temperature: 25.00

Voltage Unit         : 1V
Capacitance Unit     : 1fF
Time Unit            : 1ns
Temperature Unit     : 1C
Dynamic Power Unit   : 1pW
Leakage Power Unit   : 1pW

Switched supply net power scaling:
scaling for leakage power

Supply nets:
VDD (power) probability 1.00 (default)
VSS (ground) probability 1.00 (default)

  Cell Internal Power    = 1.20e+07 pW ( 74.7%)
  Net Switching Power    = 4.06e+06 pW ( 25.3%)
Total Dynamic Power      = 1.61e+07 pW (100.0%)

Cell Leakage Power       = 2.88e+05 pW


  Attributes
  ----------
      u  -  User defined power group
      i  -  Includes clock pin internal power

Power Group         Internal Power        Switching Power          Leakage Power            Total Power    (   %  )    Attrs
-----------------------------------------------------------------------------------------------------------------------------
io_pad                    0.00e+00               0.00e+00               0.00e+00               0.00e+00    (  0.0%)         
memory                    0.00e+00               0.00e+00               0.00e+00               0.00e+00    (  0.0%)         
black_box                 0.00e+00               0.00e+00               0.00e+00               0.00e+00    (  0.0%)         
clock_network             1.01e+07               1.39e+06               3.55e+03               1.15e+07    ( 70.3%)        i
register                  1.18e+06               4.59e+05               1.40e+05               1.78e+06    ( 10.9%)         
sequential                0.00e+00               0.00e+00               0.00e+00               0.00e+00    (  0.0%)         
combinational             7.22e+05               2.21e+06               1.44e+05               3.08e+06    ( 18.8%)         
-----------------------------------------------------------------------------------------------------------------------------
Total                     1.20e+07 pW            4.06e+06 pW            2.88e+05 pW            1.64e+07 pW
1
