****************************************
Report : qor
Design : dut_toplevel
Version: V-2023.12
Date   : Wed Jun 18 11:04:50 2025
****************************************


Scenario           'Normal_Fast'
Timing Path Group  'clk'
----------------------------------------
Levels of Logic:                     49
Critical Path Length:              1.02
Critical Path Slack:               0.67
Critical Path Clk Period:          2.10
Total Negative Slack:              0.00
No. of Violating Paths:               0
Worst Hold Violation:              0.00
Total Hold Violation:              0.00
No. of Hold Violations:               0
----------------------------------------

Scenario           'Normal_Slow'
Timing Path Group  'clk'
----------------------------------------
Levels of Logic:                     49
Critical Path Length:              1.87
Critical Path Slack:              -0.14
Critical Path Clk Period:          2.10
Total Negative Slack:             -0.45
No. of Violating Paths:               5
Worst Hold Violation:              0.00
Total Hold Violation:              0.00
No. of Hold Violations:               0
----------------------------------------

Scenario           'Normal_Typical'
Timing Path Group  'clk'
----------------------------------------
Levels of Logic:                     49
Critical Path Length:              1.34
Critical Path Slack:               0.37
Critical Path Clk Period:          2.10
Total Negative Slack:              0.00
No. of Violating Paths:               0
Worst Hold Violation:              0.00
Total Hold Violation:              0.00
No. of Hold Violations:               0
----------------------------------------

Scenario           'PowerSave_Fast'
Timing Path Group  'clk'
----------------------------------------
Levels of Logic:                     49
Critical Path Length:              1.04
Critical Path Slack:               8.06
Critical Path Clk Period:         10.00
Total Negative Slack:              0.00
No. of Violating Paths:               0
Worst Hold Violation:              0.00
Total Hold Violation:              0.00
No. of Hold Violations:               0
----------------------------------------

Scenario           'PowerSave_Slow'
Timing Path Group  'clk'
----------------------------------------
Levels of Logic:                     49
Critical Path Length:              1.96
Critical Path Slack:               7.23
Critical Path Clk Period:         10.00
Total Negative Slack:              0.00
No. of Violating Paths:               0
Worst Hold Violation:              0.00
Total Hold Violation:              0.00
No. of Hold Violations:               0
----------------------------------------

Scenario           'PowerSave_Typical'
Timing Path Group  'clk'
----------------------------------------
Levels of Logic:                     49
Critical Path Length:              1.38
Critical Path Slack:               7.77
Critical Path Clk Period:         10.00
Total Negative Slack:              0.00
No. of Violating Paths:               0
Worst Hold Violation:              0.00
Total Hold Violation:              0.00
No. of Hold Violations:               0
----------------------------------------


Cell Count
----------------------------------------
Hierarchical Cell Count:              0
Hierarchical Port Count:              0
Leaf Cell Count:                   1175
Buf/Inv Cell Count:                  22
Buf Cell Count:                       0
Inv Cell Count:                      22
Combinational Cell Count:           836
   Single-bit Isolation Cell Count:                        0
   Multi-bit Isolation Cell Count:                         0
   Isolation Cell Banking Ratio:                           0.00%
   Single-bit Level Shifter Cell Count:                    0
   Multi-bit Level Shifter Cell Count:                     0
   Level Shifter Cell Banking Ratio:                       0.00%
   Single-bit ELS Cell Count:                              0
   Multi-bit ELS Cell Count:                               0
   ELS Cell Banking Ratio:                                 0.00%
Sequential Cell Count:              339
   Integrated Clock-Gating Cell Count:                     11
   Sequential Macro Cell Count:                            0
   Single-bit Sequential Cell Count:                       328
   Multi-bit Sequential Cell Count:                        0
   Sequential Cell Banking Ratio:                          0.00%
   BitsPerflop:                                            1.00
Macro Count:                          0
----------------------------------------


Area
----------------------------------------
Combinational Area:              473.30
Noncombinational Area:           431.12
Buf/Inv Area:                      3.91
Total Buffer Area:                 0.00
Total Inverter Area:               3.91
Macro/Black Box Area:              0.00
Net Area:                             0
Net XLength:                    5009.04
Net YLength:                    5237.49
----------------------------------------
Cell Area (netlist):                            904.43
Cell Area (netlist and physical only):          904.43
Net Length:                    10246.53


Design Rules
----------------------------------------
Total Number of Nets:              1606
Nets with Violations:                 1
Max Trans Violations:                 0
Max Cap Violations:                   1
----------------------------------------

1
