
Running global router for congestion map ...
Info: Set app option 'route.global.deterministic' to on

Start Global Route ... 
[Init] Elapsed real time: 0:00:00 
[Init] Elapsed cpu  time: sys=0:00:00 usr=0:00:00 total=0:00:00
[Init] Stage (MB): Used    0  Alloctr    0  Proc    0 
[Init] Total (MB): Used    7  Alloctr    7  Proc 5878 
Printing options for 'route.common.*'

Printing options for 'route.global.*'
global.deterministic                                    :	 on                  

Begin global routing.
Warning: Cell contains tie connections which are not connected to real PG. (ZRT-511)
Cell Min-Routing-Layer = M1
Cell Max-Routing-Layer = MRDL
Turn off antenna since no rule is specified
Information: Option route.detail.force_end_on_preferred_grid will be ignored since none of the layers have preferred grid. (ZRT-703)
Skipping 1 internal pins that are not physical. Set route.common.verbose_level to > 0 and run routing command to get skipped pin names.
Info: number of net_type_blockage: 0 
Information: Via ladder engine would be activated for pattern must join connection in certain commands. Please refer to man-page for the command list. (ZRT-619)
Warning: Port  VDD at {{-0.041,33.722} {2.189,33.816}} is out of boundary. Cannot be routed. (ZRT-720)
Warning: Port  VSS at {{-0.041,33.122} {2.189,33.216}} is out of boundary. Cannot be routed. (ZRT-720)
Warning: Port  VDD at {{-0.041,32.918} {2.189,33.012}} is out of boundary. Cannot be routed. (ZRT-720)
Warning: Port  VSS at {{-0.041,32.318} {2.189,32.412}} is out of boundary. Cannot be routed. (ZRT-720)
Warning: Port  VDD at {{-0.008,32.123} {2.222,32.217}} is out of boundary. Cannot be routed. (ZRT-720)
Warning: Port  VSS at {{-0.008,31.523} {2.222,31.617}} is out of boundary. Cannot be routed. (ZRT-720)
Warning: Port  VDD at {{-0.041,31.330} {2.189,31.424}} is out of boundary. Cannot be routed. (ZRT-720)
Warning: Port  VSS at {{-0.041,30.730} {2.189,30.824}} is out of boundary. Cannot be routed. (ZRT-720)
Warning: Port  VDD at {{-0.041,27.383} {2.189,27.477}} is out of boundary. Cannot be routed. (ZRT-720)
Warning: Port  VSS at {{-0.041,26.783} {2.189,26.877}} is out of boundary. Cannot be routed. (ZRT-720)
Skipping 65 ectangle_only route guides because they don't cover the design boundary in the layer's  preferred direction.
Via on layer (VIA1) needs more than one tracks
Warning: Layer M1 default pitch 0.074 may be too small to handle up/down via. Note, that minimum requirements are "wire/via-down 0.074" & "wire/via-up 0.078". (ZRT-026)
Via on layer (VIA1) needs more than one tracks
Warning: Layer M2 default pitch 0.060 may be too small to handle up/down via. Note, that minimum requirements are "wire/via-down 0.078" & "wire/via-up 0.060". (ZRT-026)
Via on layer (VIA4) needs more than one tracks
Warning: Layer M5 default pitch 0.100 may be too small to handle up/down via. Note, that minimum requirements are "wire/via-down 0.125" & "wire/via-up 0.100". (ZRT-026)
Via on layer (VIA7) needs more than one tracks
Warning: Layer M7 default pitch 0.100 may be too small to handle up/down via. Note, that minimum requirements are "wire/via-down 0.100" & "wire/via-up 0.107". (ZRT-026)
Wire on layer (M8) needs more than one tracks
Via on layer (VIA7) needs more than one tracks
Via on layer (VIA8) needs more than one tracks
Warning: Layer M8 default pitch 0.100 may be too small to handle up/down via. Note, that minimum requirements are "wire/via-down 0.107" & "wire/via-up 0.135". (ZRT-026)
Wire on layer (M9) needs more than one tracks
Via on layer (VIA8) needs more than one tracks
Via on layer (VIARDL) needs more than one tracks
Warning: Layer M9 default pitch 0.100 may be too small to handle up/down via. Note, that minimum requirements are "wire/via-down 0.135" & "wire/via-up 1.570". (ZRT-026)
Via on layer (VIARDL) needs more than one tracks
Warning: Layer MRDL default pitch 4.000 may be too small to handle up/down via. Note, that minimum requirements are "wire/via-down 4.500" & "wire/via-up 4.000". (ZRT-026)
Transition layer name: M7(6)
Transition layer name: M8(7)
Information: When applicable Min-max layer allow_pin_connection mode will allow paths of length 0.90 outside the layer range. (ZRT-707)
Information: When applicable Min-max layer allow_pin_connection mode will allow paths of length 0.90 outside the layer range on clock nets. (ZRT-718)
Information: When applicable layer based tapering will taper up to 0.00 in distance from the pin. (ZRT-706)
Warning: Standard cell pin SAEDRVT14_ADDH_0P5/CO has no valid via regions. (ZRT-044)
Warning: Cell ctmi_2147 is placed overlapping with other cells at {{2.105 1.686} {2.919 2.286}}. (ZRT-763)
Current Stage stats:
[End of Read DB] Elapsed real time: 0:00:00 
[End of Read DB] Elapsed cpu  time: sys=0:00:00 usr=0:00:00 total=0:00:00
[End of Read DB] Stage (MB): Used   29  Alloctr   29  Proc  -32 
[End of Read DB] Total (MB): Used   36  Alloctr   37  Proc 5846 
Constructing data structure ...
Design statistics:
Design Bounding Box (0.00um,0.00um,35.89um,35.40um)
Number of routing layers = 10
layer M1, dir Ver, min width = 0.034um, min space = 0.026um pitch = 0.074um
layer M2, dir Hor, min width = 0.034um, min space = 0.026um pitch = 0.06um
layer M3, dir Ver, min width = 0.034um, min space = 0.026um pitch = 0.074um
layer M4, dir Hor, min width = 0.06um, min space = 0.04um pitch = 0.1um
layer M5, dir Ver, min width = 0.06um, min space = 0.04um pitch = 0.1um
layer M6, dir Hor, min width = 0.06um, min space = 0.04um pitch = 0.1um
layer M7, dir Ver, min width = 0.06um, min space = 0.04um pitch = 0.1um
layer M8, dir Hor, min width = 0.06um, min space = 0.04um pitch = 0.1um
layer M9, dir Ver, min width = 0.06um, min space = 0.04um pitch = 0.1um
layer MRDL, dir Hor, min width = 2um, min space = 2um pitch = 4um
Current Stage stats:
[End of Build Tech Data] Elapsed real time: 0:00:00 
[End of Build Tech Data] Elapsed cpu  time: sys=0:00:00 usr=0:00:00 total=0:00:00
[End of Build Tech Data] Stage (MB): Used    0  Alloctr    0  Proc    0 
[End of Build Tech Data] Total (MB): Used   37  Alloctr   38  Proc 5846 
Net statistics:
Total number of nets     = 1606
Number of nets to route  = 1603
3 nets are fully connected,
 of which 3 are detail routed and 0 are global routed.
Net length statistics: 
Net Count(Ignore Fully Rted) 1603, Total Half Perimeter Wire Length (HPWL) 9203 microns
HPWL   0 ~   50 microns: Net Count     1599	Total HPWL         8959 microns
HPWL  50 ~  100 microns: Net Count        4	Total HPWL          244 microns
HPWL 100 ~  200 microns: Net Count        0	Total HPWL            0 microns
HPWL 200 ~  300 microns: Net Count        0	Total HPWL            0 microns
HPWL 300 ~  400 microns: Net Count        0	Total HPWL            0 microns
HPWL 400 ~  500 microns: Net Count        0	Total HPWL            0 microns
HPWL 500 ~  600 microns: Net Count        0	Total HPWL            0 microns
HPWL 600 ~  700 microns: Net Count        0	Total HPWL            0 microns
HPWL 700 ~  800 microns: Net Count        0	Total HPWL            0 microns
HPWL 800 ~  900 microns: Net Count        0	Total HPWL            0 microns
HPWL 900 ~ 1000 microns: Net Count        0	Total HPWL            0 microns
HPWL     > 1000 microns: Net Count        0	Total HPWL            0 microns
Current Stage stats:
[End of Build All Nets] Elapsed real time: 0:00:00 
[End of Build All Nets] Elapsed cpu  time: sys=0:00:00 usr=0:00:00 total=0:00:00
[End of Build All Nets] Stage (MB): Used    1  Alloctr    1  Proc    0 
[End of Build All Nets] Total (MB): Used   38  Alloctr   39  Proc 5846 
Number of partitions: 1 (1 x 1)
Size of partitions: 60 gCells x 59 gCells
Average gCell capacity  0.31	 on layer (1)	 M1
Average gCell capacity  6.66	 on layer (2)	 M2
Average gCell capacity  8.04	 on layer (3)	 M3
Average gCell capacity  5.98	 on layer (4)	 M4
Average gCell capacity  5.95	 on layer (5)	 M5
Average gCell capacity  5.98	 on layer (6)	 M6
Average gCell capacity  5.95	 on layer (7)	 M7
Average gCell capacity  5.98	 on layer (8)	 M8
Average gCell capacity  5.95	 on layer (9)	 M9
Average gCell capacity  0.12	 on layer (10)	 MRDL
Average number of tracks per gCell 8.10	 on layer (1)	 M1
Average number of tracks per gCell 10.02	 on layer (2)	 M2
Average number of tracks per gCell 8.10	 on layer (3)	 M3
Average number of tracks per gCell 6.02	 on layer (4)	 M4
Average number of tracks per gCell 5.98	 on layer (5)	 M5
Average number of tracks per gCell 6.02	 on layer (6)	 M6
Average number of tracks per gCell 5.98	 on layer (7)	 M7
Average number of tracks per gCell 6.02	 on layer (8)	 M8
Average number of tracks per gCell 5.98	 on layer (9)	 M9
Average number of tracks per gCell 0.15	 on layer (10)	 MRDL
Number of gCells = 35400
Current Stage stats:
[End of Build Congestion Map] Elapsed real time: 0:00:00 
[End of Build Congestion Map] Elapsed cpu  time: sys=0:00:00 usr=0:00:00 total=0:00:00
[End of Build Congestion Map] Stage (MB): Used    1  Alloctr    1  Proc    0 
[End of Build Congestion Map] Total (MB): Used   39  Alloctr   41  Proc 5846 
Number of partitions: 1 (1 x 1)
Size of partitions: 60 gCells x 59 gCells
Current Stage stats:
[End of Add Nets Demand] Elapsed real time: 0:00:00 
[End of Add Nets Demand] Elapsed cpu  time: sys=0:00:00 usr=0:00:00 total=0:00:00
[End of Add Nets Demand] Stage (MB): Used    0  Alloctr    0  Proc    0 
[End of Add Nets Demand] Total (MB): Used   40  Alloctr   41  Proc 5846 
Number of user frozen nets = 0
Total stats:
[End of Build Data] Elapsed real time: 0:00:00 
[End of Build Data] Elapsed cpu  time: sys=0:00:00 usr=0:00:00 total=0:00:00
[End of Build Data] Stage (MB): Used    3  Alloctr    3  Proc    0 
[End of Build Data] Total (MB): Used   40  Alloctr   41  Proc 5846 
Number of partitions: 1 (1 x 1)
Size of partitions: 60 gCells x 59 gCells
Current Stage stats:
[End of Blocked Pin Detection] Elapsed real time: 0:00:00 
[End of Blocked Pin Detection] Elapsed cpu  time: sys=0:00:00 usr=0:00:00 total=0:00:00
[End of Blocked Pin Detection] Stage (MB): Used  176  Alloctr  176  Proc    0 
[End of Blocked Pin Detection] Total (MB): Used  216  Alloctr  217  Proc 5846 
Information: Using 12 threads for routing. (ZRT-444)
Information: Multiple gcell levels ON
Information: Buffer distance is estimated to be ~271.0000um (451 gCells)

Start GR phase 0
Number of partitions: 1 (1 x 1)
Size of partitions: 60 gCells x 59 gCells
[rtAllBotParts] Elapsed real time: 0:00:00 
[rtAllBotParts] Elapsed cpu  time: sys=0:00:00 usr=0:00:00 total=0:00:00
[rtTop] Elapsed real time: 0:00:00 
[rtTop] Elapsed cpu  time: sys=0:00:00 usr=0:00:00 total=0:00:00
Current Stage stats:
[End of Initial Routing] Elapsed real time: 0:00:00 
[End of Initial Routing] Elapsed cpu  time: sys=0:00:00 usr=0:00:00 total=0:00:00
[End of Initial Routing] Stage (MB): Used    0  Alloctr    0  Proc    0 
[End of Initial Routing] Total (MB): Used  217  Alloctr  218  Proc 5846 
Initial. Routing result:
Initial. Both Dirs: Dmd-Cap  =     0 Max = 0 GRCs =     0 (0.00%)
Initial. H routing: Dmd-Cap  =     0 Max = 0 (GRCs =  0) GRCs =     0 (0.00%)
Initial. V routing: Dmd-Cap  =     0 Max = 0 (GRCs =  0) GRCs =     0 (0.00%)
Initial. Both Dirs: Overflow =    49 Max = 3 GRCs =    68 (0.96%)
Initial. H routing: Overflow =    34 Max = 3 (GRCs =  2) GRCs =    48 (1.36%)
Initial. V routing: Overflow =    15 Max = 2 (GRCs =  4) GRCs =    20 (0.56%)
Initial. M1         Overflow =     0 Max = 0 (GRCs =  0) GRCs =     0 (0.00%)
Initial. M2         Overflow =    34 Max = 3 (GRCs =  2) GRCs =    48 (1.36%)
Initial. M3         Overflow =    15 Max = 2 (GRCs =  4) GRCs =    20 (0.56%)
Initial. M4         Overflow =     0 Max = 0 (GRCs =  0) GRCs =     0 (0.00%)
Initial. M5         Overflow =     0 Max = 0 (GRCs =  0) GRCs =     0 (0.00%)
Initial. M6         Overflow =     0 Max = 0 (GRCs =  0) GRCs =     0 (0.00%)
Initial. M7         Overflow =     0 Max = 0 (GRCs =  0) GRCs =     0 (0.00%)
Initial. M8         Overflow =     0 Max = 0 (GRCs =  0) GRCs =     0 (0.00%)
Initial. M9         Overflow =     0 Max = 0 (GRCs =  0) GRCs =     0 (0.00%)
Initial. MRDL       Overflow =     0 Max = 0 (GRCs =  0) GRCs =     0 (0.00%)

Initial. Total Wire Length = 9274.07
Initial. Layer M1 wire length = 3.31
Initial. Layer M2 wire length = 3292.00
Initial. Layer M3 wire length = 4449.26
Initial. Layer M4 wire length = 1194.10
Initial. Layer M5 wire length = 335.40
Initial. Layer M6 wire length = 0.00
Initial. Layer M7 wire length = 0.00
Initial. Layer M8 wire length = 0.00
Initial. Layer M9 wire length = 0.00
Initial. Layer MRDL wire length = 0.00
Initial. Total Number of Contacts = 7889
Initial. Via VIA1_Base count = 2836
Initial. Via VIA2_Base count = 4705
Initial. Via VIA34SQ_C count = 308
Initial. Via VIA4SQ count = 40
Initial. Via VIA5SQ_C count = 0
Initial. Via VIA67SQ_C count = 0
Initial. Via VIA78SQ_C count = 0
Initial. Via VIA89_C count = 0
Initial. Via VIA9RDL count = 0
Initial. completed.

Start GR phase 1
Wed Jun 18 11:04:47 2025
Number of partitions: 1 (1 x 1)
Size of partitions: 60 gCells x 59 gCells
[rtAllParts] Elapsed real time: 0:00:00 
[rtAllParts] Elapsed cpu  time: sys=0:00:00 usr=0:00:00 total=0:00:00
Current Stage stats:
[End of Phase1 Routing] Elapsed real time: 0:00:00 
[End of Phase1 Routing] Elapsed cpu  time: sys=0:00:00 usr=0:00:00 total=0:00:00
[End of Phase1 Routing] Stage (MB): Used    0  Alloctr    0  Proc    0 
[End of Phase1 Routing] Total (MB): Used  217  Alloctr  218  Proc 5846 
phase1. Routing result:
phase1. Both Dirs: Dmd-Cap  =     0 Max = 0 GRCs =     0 (0.00%)
phase1. H routing: Dmd-Cap  =     0 Max = 0 (GRCs =  0) GRCs =     0 (0.00%)
phase1. V routing: Dmd-Cap  =     0 Max = 0 (GRCs =  0) GRCs =     0 (0.00%)
phase1. Both Dirs: Overflow =    26 Max = 3 GRCs =    30 (0.42%)
phase1. H routing: Overflow =    26 Max = 3 (GRCs =  3) GRCs =    30 (0.85%)
phase1. V routing: Overflow =     0 Max = 0 (GRCs =  0) GRCs =     0 (0.00%)
phase1. M1         Overflow =     0 Max = 0 (GRCs =  0) GRCs =     0 (0.00%)
phase1. M2         Overflow =    26 Max = 3 (GRCs =  3) GRCs =    30 (0.85%)
phase1. M3         Overflow =     0 Max = 0 (GRCs =  0) GRCs =     0 (0.00%)
phase1. M4         Overflow =     0 Max = 0 (GRCs =  0) GRCs =     0 (0.00%)
phase1. M5         Overflow =     0 Max = 0 (GRCs =  0) GRCs =     0 (0.00%)
phase1. M6         Overflow =     0 Max = 0 (GRCs =  0) GRCs =     0 (0.00%)
phase1. M7         Overflow =     0 Max = 0 (GRCs =  0) GRCs =     0 (0.00%)
phase1. M8         Overflow =     0 Max = 0 (GRCs =  0) GRCs =     0 (0.00%)
phase1. M9         Overflow =     0 Max = 0 (GRCs =  0) GRCs =     0 (0.00%)
phase1. MRDL       Overflow =     0 Max = 0 (GRCs =  0) GRCs =     0 (0.00%)

phase1. Total Wire Length = 9286.26
phase1. Layer M1 wire length = 3.31
phase1. Layer M2 wire length = 3236.07
phase1. Layer M3 wire length = 4411.27
phase1. Layer M4 wire length = 1266.70
phase1. Layer M5 wire length = 368.91
phase1. Layer M6 wire length = 0.00
phase1. Layer M7 wire length = 0.00
phase1. Layer M8 wire length = 0.00
phase1. Layer M9 wire length = 0.00
phase1. Layer MRDL wire length = 0.00
phase1. Total Number of Contacts = 7946
phase1. Via VIA1_Base count = 2836
phase1. Via VIA2_Base count = 4704
phase1. Via VIA34SQ_C count = 358
phase1. Via VIA4SQ count = 48
phase1. Via VIA5SQ_C count = 0
phase1. Via VIA67SQ_C count = 0
phase1. Via VIA78SQ_C count = 0
phase1. Via VIA89_C count = 0
phase1. Via VIA9RDL count = 0
phase1. completed.

Start GR phase 2
Wed Jun 18 11:04:47 2025
Number of partitions: 1 (1 x 1)
Size of partitions: 60 gCells x 59 gCells
[rtAllParts] Elapsed real time: 0:00:00 
[rtAllParts] Elapsed cpu  time: sys=0:00:00 usr=0:00:00 total=0:00:00
Number of partitions: 1 (1 x 1)
Size of partitions: 60 gCells x 59 gCells
[updNetsDmd] Elapsed real time: 0:00:00 
[updNetsDmd] Elapsed cpu  time: sys=0:00:00 usr=0:00:00 total=0:00:00
Current Stage stats:
[End of Phase2 Routing] Elapsed real time: 0:00:00 
[End of Phase2 Routing] Elapsed cpu  time: sys=0:00:00 usr=0:00:00 total=0:00:00
[End of Phase2 Routing] Stage (MB): Used    0  Alloctr    0  Proc    0 
[End of Phase2 Routing] Total (MB): Used  217  Alloctr  218  Proc 5846 
phase2. Routing result:
phase2. Both Dirs: Dmd-Cap  =     0 Max = 0 GRCs =     0 (0.00%)
phase2. H routing: Dmd-Cap  =     0 Max = 0 (GRCs =  0) GRCs =     0 (0.00%)
phase2. V routing: Dmd-Cap  =     0 Max = 0 (GRCs =  0) GRCs =     0 (0.00%)
phase2. Both Dirs: Overflow =     0 Max = 1 GRCs =     1 (0.01%)
phase2. H routing: Overflow =     0 Max = 1 (GRCs =  1) GRCs =     1 (0.03%)
phase2. V routing: Overflow =     0 Max = 0 (GRCs =  0) GRCs =     0 (0.00%)
phase2. M1         Overflow =     0 Max = 0 (GRCs =  0) GRCs =     0 (0.00%)
phase2. M2         Overflow =     0 Max = 1 (GRCs =  1) GRCs =     1 (0.03%)
phase2. M3         Overflow =     0 Max = 0 (GRCs =  0) GRCs =     0 (0.00%)
phase2. M4         Overflow =     0 Max = 0 (GRCs =  0) GRCs =     0 (0.00%)
phase2. M5         Overflow =     0 Max = 0 (GRCs =  0) GRCs =     0 (0.00%)
phase2. M6         Overflow =     0 Max = 0 (GRCs =  0) GRCs =     0 (0.00%)
phase2. M7         Overflow =     0 Max = 0 (GRCs =  0) GRCs =     0 (0.00%)
phase2. M8         Overflow =     0 Max = 0 (GRCs =  0) GRCs =     0 (0.00%)
phase2. M9         Overflow =     0 Max = 0 (GRCs =  0) GRCs =     0 (0.00%)
phase2. MRDL       Overflow =     0 Max = 0 (GRCs =  0) GRCs =     0 (0.00%)

phase2. Total Wire Length = 9286.70
phase2. Layer M1 wire length = 3.31
phase2. Layer M2 wire length = 3236.18
phase2. Layer M3 wire length = 4410.04
phase2. Layer M4 wire length = 1268.26
phase2. Layer M5 wire length = 368.91
phase2. Layer M6 wire length = 0.00
phase2. Layer M7 wire length = 0.00
phase2. Layer M8 wire length = 0.00
phase2. Layer M9 wire length = 0.00
phase2. Layer MRDL wire length = 0.00
phase2. Total Number of Contacts = 7951
phase2. Via VIA1_Base count = 2836
phase2. Via VIA2_Base count = 4707
phase2. Via VIA34SQ_C count = 360
phase2. Via VIA4SQ count = 48
phase2. Via VIA5SQ_C count = 0
phase2. Via VIA67SQ_C count = 0
phase2. Via VIA78SQ_C count = 0
phase2. Via VIA89_C count = 0
phase2. Via VIA9RDL count = 0
phase2. completed.
[End of Whole Chip Routing] Elapsed real time: 0:00:00 
[End of Whole Chip Routing] Elapsed cpu  time: sys=0:00:00 usr=0:00:00 total=0:00:00
[End of Whole Chip Routing] Stage (MB): Used  180  Alloctr  180  Proc    0 
[End of Whole Chip Routing] Total (MB): Used  217  Alloctr  218  Proc 5846 

Congestion utilization per direction:
Average vertical track utilization   = 10.70 %
Peak    vertical track utilization   = 34.62 %
Average horizontal track utilization = 11.68 %
Peak    horizontal track utilization = 48.00 %

[End of Global Routing] Elapsed real time: 0:00:00 
[End of Global Routing] Elapsed cpu  time: sys=0:00:00 usr=0:00:00 total=0:00:00
[End of Global Routing] Stage (MB): Used  179  Alloctr  180  Proc    0 
[End of Global Routing] Total (MB): Used  216  Alloctr  217  Proc 5846 
Writing out congestion map...
Updating congestion ...
Updating congestion ...
[DBOUT] Elapsed real time: 0:00:00 
[DBOUT] Elapsed cpu  time: sys=0:00:00 usr=0:00:00 total=0:00:00
[DBOUT] Stage (MB): Used  -29  Alloctr  -29  Proc    0 
[DBOUT] Total (MB): Used   36  Alloctr   37  Proc 5846 
[End of dbOut] Elapsed real time: 0:00:00 
[End of dbOut] Elapsed cpu  time: sys=0:00:00 usr=0:00:00 total=0:00:00
[End of dbOut] Stage (MB): Used  -29  Alloctr  -29  Proc    0 
[End of dbOut] Total (MB): Used   36  Alloctr   37  Proc 5846 

****************************************
Report : congestion
Design : dut_toplevel
Version: V-2023.12
Date   : Wed Jun 18 11:04:48 2025
****************************************

Layer     |    overflow     |              # GRCs has
Name      |  total  |  max  | overflow (%)      | max overflow
---------------------------------------------------------------
Both Dirs |       1 |     1 |       1  ( 0.01%) |       1
H routing |       1 |     1 |       1  ( 0.03%) |       1
V routing |       0 |     0 |       0  ( 0.00%) |       0

1
