****************************************
Report : area
Design : dut_toplevel
Version: V-2023.12
Date   : Wed Jun 18 11:04:49 2025
****************************************

Number of ports:                          170
Number of nets:                          1606
Number of cells:                         1175
Number of combinational cells:            836
Number of sequential cells:               339
Number of macros/black boxes:               0
Number of buf/inv:                         22
Number of references:                      39

Combinational area:                    473.30
Buf/Inv area:                            3.91
Noncombinational area:                 431.12
Macro/Black Box area:                    0.00

Total cell area:                       904.43
1
