****************************************
Report : timing
        -path_type full
        -delay_type min
        -max_paths 1
        -report_by design
Design : dut_toplevel
Version: V-2023.12
Date   : Wed Jun 18 11:04:49 2025
****************************************

  Startpoint: math_wrapper_INST/new_data_r_reg (rising edge-triggered flip-flop clocked by clk)
  Endpoint: clock_gate_dut_fifo_INST/fifo_wptr_r_reg (rising clock gating-check end-point clocked by clk)
  Mode: PowerSave
  Corner: Typical
  Scenario: PowerSave_Typical
  Path Group: clk
  Path Type: min

  Point                                            Incr      Path  
  ------------------------------------------------------------------------
  clock clk (rise edge)                            0.00      0.00
  clock network delay (ideal)                      0.00      0.00

  math_wrapper_INST/new_data_r_reg/CK (SAEDRVT14_FSDPRBQ_V2LP_1)
                                                   0.00      0.00 r
  math_wrapper_INST/new_data_r_reg/Q (SAEDRVT14_FSDPRBQ_V2LP_1)
                                                   0.10      0.10 f
  ctmi_2081/X (SAEDRVT14_OAI21_0P5)                0.02      0.12 r
  ctmi_2132/X (SAEDRVT14_ND2_CDC_1)                0.01      0.13 f
  clock_gate_dut_fifo_INST/fifo_wptr_r_reg/EN (SAEDRVT14_CKGTPLT_V5_1)
                                                   0.00      0.13 f
  data arrival time                                          0.13

  clock clk (rise edge)                            0.00      0.00
  clock network delay (ideal)                     -0.01     -0.01
  clock_gate_dut_fifo_INST/fifo_wptr_r_reg/CK (SAEDRVT14_CKGTPLT_V5_1)
                                                   0.00     -0.01 r
  library hold time                                0.11      0.10
  data required time                                         0.10
  ------------------------------------------------------------------------
  data required time                                         0.10
  data arrival time                                         -0.13
  ------------------------------------------------------------------------
  slack (MET)                                                0.03


1
