****************************************
Report : area
Design : dut_toplevel
Version: V-2023.12
Date   : Wed Jun 18 13:00:55 2025
****************************************

Number of ports:                          170
Number of nets:                          1647
Number of cells:                         1215
Number of combinational cells:            876
Number of sequential cells:               339
Number of macros/black boxes:               0
Number of buf/inv:                         36
Number of references:                      53

Combinational area:                    486.27
Buf/Inv area:                            7.73
Noncombinational area:                 431.17
Macro/Black Box area:                    0.00

Total cell area:                       917.44
1
