****************************************
Report : power
        -significant_digits 2
Design : dut_toplevel
Version: V-2023.12
Date   : Wed Jun 18 13:00:53 2025
****************************************
Information: Activity propagation will be performed for scenario Normal_Typical.
Information: Activity propagation will be performed for scenario PowerSave_Slow.
Information: Doing activity propagation for mode 'Normal' and corner 'Typical' with effort level 'medium'. (POW-024)
Information: Timer-derived activity data is cached on scenario Normal_Typical (POW-052)
Infomation: Fast mode activity propagation power.rtl_activity_annotation setup is ignored. Always use accurate mode.
Information: Running switching activity propagation with 12 threads!

 **** Information : No. of simulation cycles = 6 ****
Information: Doing activity propagation for mode 'PowerSave' and corner 'Slow' with effort level 'medium'. (POW-024)
Information: Timer-derived activity data is cached on scenario PowerSave_Slow (POW-052)
Infomation: Fast mode activity propagation power.rtl_activity_annotation setup is ignored. Always use accurate mode.
Information: Running switching activity propagation with 12 threads!

 **** Information : No. of simulation cycles = 6 ****
Information: Propagated activity on scenario PowerSave_Typical identical to that on PowerSave_Slow (POW-006)
Information: Propagated activity on scenario PowerSave_Fast identical to that on PowerSave_Slow (POW-006)
Note - message 'POW-006' limit (10) exceeded. Remainder will be suppressed.
Mode: Normal
Corner: Fast
Scenario: Normal_Fast
Voltage: 0.88
Temperature: 125.00

Voltage Unit         : 1V
Capacitance Unit     : 1fF
Time Unit            : 1ns
Temperature Unit     : 1C
Dynamic Power Unit   : 1pW
Leakage Power Unit   : 1pW

Switched supply net power scaling:
scaling for leakage power

Supply nets:
VDD (power) probability 1.00 (default)
VSS (ground) probability 1.00 (default)
Warning: Power table extrapolation (extrapolation mode) for port CK on cell math_wrapper_INST/unconsumed_data_r_reg for parameter Tinp. Lowest table value = 0.003000, highest table value = 0.133000, value = 0.300000 (POW-046)
Warning: Power table extrapolation (extrapolation mode) for port D on cell dut_input_channel_control_2_INST/in_data_arb_r_reg[2] for parameter Tinp. Lowest table value = 0.003000, highest table value = 0.133000, value = 0.000134 (POW-046)
Warning: Power table extrapolation (extrapolation mode) for port CK on cell dut_input_channel_control_1_INST/in_valid_arb_r_reg for parameter Tinp. Lowest table value = 0.003000, highest table value = 0.133000, value = 0.300000 (POW-046)
Warning: Power table extrapolation (extrapolation mode) for port CK on cell dut_input_channel_control_2_INST/in_data_arb_r_reg[2] for parameter Tinp. Lowest table value = 0.003000, highest table value = 0.133000, value = 0.300000 (POW-046)
Warning: Power table extrapolation (extrapolation mode) for port RD on cell dut_input_channel_control_1_INST/in_valid_arb_r_reg for parameter Tinp. Lowest table value = 0.003000, highest table value = 0.133000, value = 0.002403 (POW-046)
Warning: Power table extrapolation (extrapolation mode) for port Q on cell dut_input_channel_control_2_INST/in_data_arb_r_reg[2] for parameter Tinp. Lowest table value = 0.003000, highest table value = 0.133000, value = 0.300000 (POW-046)
Warning: Power table extrapolation (extrapolation mode) for port D on cell dut_input_channel_control_0_INST/in_data_arb_r_reg[19] for parameter Tinp. Lowest table value = 0.003000, highest table value = 0.133000, value = 0.000038 (POW-046)
Warning: Power table extrapolation (extrapolation mode) for port CK on cell dut_fifo_INST/fifo_data_r_reg[0][35] for parameter Tinp. Lowest table value = 0.003000, highest table value = 0.133000, value = 0.300000 (POW-046)
Warning: Power table extrapolation (extrapolation mode) for port Q on cell math_wrapper_INST/unconsumed_data_r_reg for parameter Tinp. Lowest table value = 0.003000, highest table value = 0.133000, value = 0.300000 (POW-046)
Warning: Power table extrapolation (extrapolation mode) for port Q on cell dut_input_channel_control_1_INST/in_valid_arb_r_reg for parameter Tinp. Lowest table value = 0.003000, highest table value = 0.133000, value = 0.300000 (POW-046)
Note - message 'POW-046' limit (10) exceeded. Remainder will be suppressed.

  Cell Internal Power    = 1.38e+08 pW ( 82.8%)
  Net Switching Power    = 2.87e+07 pW ( 17.2%)
Total Dynamic Power      = 1.66e+08 pW (100.0%)

Cell Leakage Power       = 3.33e+07 pW


  Attributes
  ----------
      u  -  User defined power group
      i  -  Includes clock pin internal power

Power Group         Internal Power        Switching Power          Leakage Power            Total Power    (   %  )    Attrs
-----------------------------------------------------------------------------------------------------------------------------
io_pad                    0.00e+00               0.00e+00               0.00e+00               0.00e+00    (  0.0%)         
memory                    0.00e+00               0.00e+00               0.00e+00               0.00e+00    (  0.0%)         
black_box                 0.00e+00               0.00e+00               0.00e+00               0.00e+00    (  0.0%)         
clock_network             1.22e+08               7.67e+06               3.92e+05               1.30e+08    ( 65.2%)        i
register                  1.12e+07               2.24e+06               1.80e+07               3.14e+07    ( 15.7%)         
sequential                0.00e+00               0.00e+00               0.00e+00               0.00e+00    (  0.0%)         
combinational             4.41e+06               1.88e+07               1.49e+07               3.81e+07    ( 19.1%)         
-----------------------------------------------------------------------------------------------------------------------------
Total                     1.38e+08 pW            2.87e+07 pW            3.33e+07 pW            2.00e+08 pW
Mode: Normal
Corner: Slow
Scenario: Normal_Slow
Voltage: 0.72
Temperature: -40.00

Voltage Unit         : 1V
Capacitance Unit     : 1fF
Time Unit            : 1ns
Temperature Unit     : 1C
Dynamic Power Unit   : 1pW
Leakage Power Unit   : 1pW

Switched supply net power scaling:
scaling for leakage power

Supply nets:
VDD (power) probability 1.00 (default)
VSS (ground) probability 1.00 (default)

  Cell Internal Power    = 2.78e+07 pW ( 60.7%)
  Net Switching Power    = 1.80e+07 pW ( 39.3%)
Total Dynamic Power      = 4.57e+07 pW (100.0%)

Cell Leakage Power       = 1.70e+04 pW


  Attributes
  ----------
      u  -  User defined power group
      i  -  Includes clock pin internal power

Power Group         Internal Power        Switching Power          Leakage Power            Total Power    (   %  )    Attrs
-----------------------------------------------------------------------------------------------------------------------------
io_pad                    0.00e+00               0.00e+00               0.00e+00               0.00e+00    (  0.0%)         
memory                    0.00e+00               0.00e+00               0.00e+00               0.00e+00    (  0.0%)         
black_box                 0.00e+00               0.00e+00               0.00e+00               0.00e+00    (  0.0%)         
clock_network             2.04e+07               4.69e+06               2.50e+02               2.51e+07    ( 54.9%)        i
register                  4.33e+06               1.55e+06               1.05e+04               5.89e+06    ( 12.9%)         
sequential                0.00e+00               0.00e+00               0.00e+00               0.00e+00    (  0.0%)         
combinational             3.01e+06               1.17e+07               6.26e+03               1.48e+07    ( 32.3%)         
-----------------------------------------------------------------------------------------------------------------------------
Total                     2.78e+07 pW            1.80e+07 pW            1.70e+04 pW            4.57e+07 pW
Mode: Normal
Corner: Typical
Scenario: Normal_Typical
Voltage: 0.80
Temperature: 25.00

Voltage Unit         : 1V
Capacitance Unit     : 1fF
Time Unit            : 1ns
Temperature Unit     : 1C
Dynamic Power Unit   : 1pW
Leakage Power Unit   : 1pW

Switched supply net power scaling:
scaling for leakage power

Supply nets:
VDD (power) probability 1.00 (default)
VSS (ground) probability 1.00 (default)

  Cell Internal Power    = 4.77e+07 pW ( 67.3%)
  Net Switching Power    = 2.32e+07 pW ( 32.7%)
Total Dynamic Power      = 7.09e+07 pW (100.0%)

Cell Leakage Power       = 3.17e+05 pW


  Attributes
  ----------
      u  -  User defined power group
      i  -  Includes clock pin internal power

Power Group         Internal Power        Switching Power          Leakage Power            Total Power    (   %  )    Attrs
-----------------------------------------------------------------------------------------------------------------------------
io_pad                    0.00e+00               0.00e+00               0.00e+00               0.00e+00    (  0.0%)         
memory                    0.00e+00               0.00e+00               0.00e+00               0.00e+00    (  0.0%)         
black_box                 0.00e+00               0.00e+00               0.00e+00               0.00e+00    (  0.0%)         
clock_network             3.80e+07               6.11e+06               3.55e+03               4.41e+07    ( 62.0%)        i
register                  6.18e+06               1.92e+06               1.72e+05               8.28e+06    ( 11.6%)         
sequential                0.00e+00               0.00e+00               0.00e+00               0.00e+00    (  0.0%)         
combinational             3.46e+06               1.52e+07               1.42e+05               1.88e+07    ( 26.3%)         
-----------------------------------------------------------------------------------------------------------------------------
Total                     4.77e+07 pW            2.32e+07 pW            3.17e+05 pW            7.12e+07 pW
Mode: PowerSave
Corner: Fast
Scenario: PowerSave_Fast
Voltage: 0.88
Temperature: 125.00

Voltage Unit         : 1V
Capacitance Unit     : 1fF
Time Unit            : 1ns
Temperature Unit     : 1C
Dynamic Power Unit   : 1pW
Leakage Power Unit   : 1pW

Switched supply net power scaling:
scaling for leakage power

Supply nets:
VDD (power) probability 1.00 (default)
VSS (ground) probability 1.00 (default)

  Cell Internal Power    = 6.15e+07 pW ( 91.1%)
  Net Switching Power    = 6.02e+06 pW (  8.9%)
Total Dynamic Power      = 6.75e+07 pW (100.0%)

Cell Leakage Power       = 3.33e+07 pW


  Attributes
  ----------
      u  -  User defined power group
      i  -  Includes clock pin internal power

Power Group         Internal Power        Switching Power          Leakage Power            Total Power    (   %  )    Attrs
-----------------------------------------------------------------------------------------------------------------------------
io_pad                    0.00e+00               0.00e+00               0.00e+00               0.00e+00    (  0.0%)         
memory                    0.00e+00               0.00e+00               0.00e+00               0.00e+00    (  0.0%)         
black_box                 0.00e+00               0.00e+00               0.00e+00               0.00e+00    (  0.0%)         
clock_network             5.75e+07               1.61e+06               3.92e+05               5.95e+07    ( 59.0%)        i
register                  3.05e+06               4.70e+05               1.80e+07               2.15e+07    ( 21.3%)         
sequential                0.00e+00               0.00e+00               0.00e+00               0.00e+00    (  0.0%)         
combinational             9.27e+05               3.94e+06               1.49e+07               1.98e+07    ( 19.7%)         
-----------------------------------------------------------------------------------------------------------------------------
Total                     6.15e+07 pW            6.02e+06 pW            3.33e+07 pW            1.01e+08 pW
Mode: PowerSave
Corner: Slow
Scenario: PowerSave_Slow
Voltage: 0.72
Temperature: -40.00

Voltage Unit         : 1V
Capacitance Unit     : 1fF
Time Unit            : 1ns
Temperature Unit     : 1C
Dynamic Power Unit   : 1pW
Leakage Power Unit   : 1pW

Switched supply net power scaling:
scaling for leakage power

Supply nets:
VDD (power) probability 1.00 (default)
VSS (ground) probability 1.00 (default)

  Cell Internal Power    = 5.66e+06 pW ( 60.0%)
  Net Switching Power    = 3.78e+06 pW ( 40.0%)
Total Dynamic Power      = 9.44e+06 pW (100.0%)

Cell Leakage Power       = 1.70e+04 pW


  Attributes
  ----------
      u  -  User defined power group
      i  -  Includes clock pin internal power

Power Group         Internal Power        Switching Power          Leakage Power            Total Power    (   %  )    Attrs
-----------------------------------------------------------------------------------------------------------------------------
io_pad                    0.00e+00               0.00e+00               0.00e+00               0.00e+00    (  0.0%)         
memory                    0.00e+00               0.00e+00               0.00e+00               0.00e+00    (  0.0%)         
black_box                 0.00e+00               0.00e+00               0.00e+00               0.00e+00    (  0.0%)         
clock_network             4.12e+06               9.84e+05               2.50e+02               5.11e+06    ( 54.0%)        i
register                  9.10e+05               3.25e+05               1.05e+04               1.25e+06    ( 13.2%)         
sequential                0.00e+00               0.00e+00               0.00e+00               0.00e+00    (  0.0%)         
combinational             6.33e+05               2.47e+06               6.26e+03               3.11e+06    ( 32.8%)         
-----------------------------------------------------------------------------------------------------------------------------
Total                     5.66e+06 pW            3.78e+06 pW            1.70e+04 pW            9.46e+06 pW
Mode: PowerSave
Corner: Typical
Scenario: PowerSave_Typical
Voltage: 0.80
Temperature: 25.00

Voltage Unit         : 1V
Capacitance Unit     : 1fF
Time Unit            : 1ns
Temperature Unit     : 1C
Dynamic Power Unit   : 1pW
Leakage Power Unit   : 1pW

Switched supply net power scaling:
scaling for leakage power

Supply nets:
VDD (power) probability 1.00 (default)
VSS (ground) probability 1.00 (default)

  Cell Internal Power    = 1.41e+07 pW ( 74.3%)
  Net Switching Power    = 4.87e+06 pW ( 25.7%)
Total Dynamic Power      = 1.89e+07 pW (100.0%)

Cell Leakage Power       = 3.17e+05 pW


  Attributes
  ----------
      u  -  User defined power group
      i  -  Includes clock pin internal power

Power Group         Internal Power        Switching Power          Leakage Power            Total Power    (   %  )    Attrs
-----------------------------------------------------------------------------------------------------------------------------
io_pad                    0.00e+00               0.00e+00               0.00e+00               0.00e+00    (  0.0%)         
memory                    0.00e+00               0.00e+00               0.00e+00               0.00e+00    (  0.0%)         
black_box                 0.00e+00               0.00e+00               0.00e+00               0.00e+00    (  0.0%)         
clock_network             1.19e+07               1.28e+06               3.55e+03               1.32e+07    ( 68.7%)        i
register                  1.41e+06               4.04e+05               1.72e+05               1.99e+06    ( 10.3%)         
sequential                0.00e+00               0.00e+00               0.00e+00               0.00e+00    (  0.0%)         
combinational             7.27e+05               3.18e+06               1.42e+05               4.05e+06    ( 21.0%)         
-----------------------------------------------------------------------------------------------------------------------------
Total                     1.41e+07 pW            4.87e+06 pW            3.17e+05 pW            1.93e+07 pW
1
