****************************************
Report : qor
Design : dut_toplevel
Version: V-2023.12
Date   : Wed Jun 18 14:38:05 2025
****************************************


Scenario           'Normal_Fast'
Timing Path Group  'clk'
----------------------------------------
Levels of Logic:                     49
Critical Path Length:              0.92
Critical Path Slack:               0.77
Critical Path Clk Period:          2.10
Total Negative Slack:              0.00
No. of Violating Paths:               0
Worst Hold Violation:             -0.00
Total Hold Violation:             -0.00
No. of Hold Violations:               2
----------------------------------------

Scenario           'Normal_Slow'
Timing Path Group  'clk'
----------------------------------------
Levels of Logic:                     49
Critical Path Length:              1.64
Critical Path Slack:               0.05
Critical Path Clk Period:          2.10
Total Negative Slack:              0.00
No. of Violating Paths:               0
Worst Hold Violation:             -0.00
Total Hold Violation:             -0.00
No. of Hold Violations:               1
----------------------------------------

Scenario           'Normal_Typical'
Timing Path Group  'clk'
----------------------------------------
Levels of Logic:                     49
Critical Path Length:              1.20
Critical Path Slack:               0.49
Critical Path Clk Period:          2.10
Total Negative Slack:              0.00
No. of Violating Paths:               0
Worst Hold Violation:             -0.00
Total Hold Violation:             -0.01
No. of Hold Violations:               6
----------------------------------------

Scenario           'PowerSave_Fast'
Timing Path Group  'clk'
----------------------------------------
Levels of Logic:                     49
Critical Path Length:              0.92
Critical Path Slack:               8.17
Critical Path Clk Period:         10.00
Total Negative Slack:              0.00
No. of Violating Paths:               0
Worst Hold Violation:             -0.00
Total Hold Violation:             -0.00
No. of Hold Violations:               2
----------------------------------------

Scenario           'PowerSave_Slow'
Timing Path Group  'clk'
----------------------------------------
Levels of Logic:                     49
Critical Path Length:              1.64
Critical Path Slack:               7.45
Critical Path Clk Period:         10.00
Total Negative Slack:              0.00
No. of Violating Paths:               0
Worst Hold Violation:             -0.00
Total Hold Violation:             -0.00
No. of Hold Violations:               1
----------------------------------------

Scenario           'PowerSave_Typical'
Timing Path Group  'clk'
----------------------------------------
Levels of Logic:                     49
Critical Path Length:              1.20
Critical Path Slack:               7.89
Critical Path Clk Period:         10.00
Total Negative Slack:              0.00
No. of Violating Paths:               0
Worst Hold Violation:             -0.00
Total Hold Violation:             -0.01
No. of Hold Violations:               6
----------------------------------------


Cell Count
----------------------------------------
Hierarchical Cell Count:              0
Hierarchical Port Count:              0
Leaf Cell Count:                   1251
Buf/Inv Cell Count:                  59
Buf Cell Count:                      36
Inv Cell Count:                      23
Combinational Cell Count:           912
   Single-bit Isolation Cell Count:                        0
   Multi-bit Isolation Cell Count:                         0
   Isolation Cell Banking Ratio:                           0.00%
   Single-bit Level Shifter Cell Count:                    0
   Multi-bit Level Shifter Cell Count:                     0
   Level Shifter Cell Banking Ratio:                       0.00%
   Single-bit ELS Cell Count:                              0
   Multi-bit ELS Cell Count:                               0
   ELS Cell Banking Ratio:                                 0.00%
Sequential Cell Count:              339
   Integrated Clock-Gating Cell Count:                     11
   Sequential Macro Cell Count:                            0
   Single-bit Sequential Cell Count:                       328
   Multi-bit Sequential Cell Count:                        0
   Sequential Cell Banking Ratio:                          0.00%
   BitsPerflop:                                            1.00
Macro Count:                          0
----------------------------------------


Area
----------------------------------------
Combinational Area:              498.39
Noncombinational Area:           431.43
Buf/Inv Area:                     16.56
Total Buffer Area:                12.39
Total Inverter Area:               4.17
Macro/Black Box Area:              0.00
Net Area:                             0
Net XLength:                    6735.10
Net YLength:                    5483.81
----------------------------------------
Cell Area (netlist):                            929.82
Cell Area (netlist and physical only):         1042.25
Net Length:                    12218.91


Design Rules
----------------------------------------
Total Number of Nets:              1675
Nets with Violations:                 1
Max Trans Violations:                 0
Max Cap Violations:                   1
----------------------------------------

1
