****************************************
Report : timing
        -path_type full
        -delay_type max
        -max_paths 1
        -report_by design
Design : dut_toplevel
Version: V-2023.12
Date   : Wed Jun 18 14:38:05 2025
****************************************

  Startpoint: dut_fifo_INST/fifo_wptr_r_reg[0] (rising edge-triggered flip-flop clocked by clk)
  Endpoint: math_wrapper_INST/out_data_r_reg[35] (rising edge-triggered flip-flop clocked by clk)
  Mode: Normal
  Corner: Slow
  Scenario: Normal_Slow
  Path Group: clk
  Path Type: max

  Point                                            Incr      Path  
  ------------------------------------------------------------------------
  clock clk (rise edge)                            0.00      0.00
  clock network delay (propagated)                 0.03      0.03

  dut_fifo_INST/fifo_wptr_r_reg[0]/CK (SAEDRVT14_FSDPRBQ_V2_0P5)
                                                   0.00      0.03 r
  dut_fifo_INST/fifo_wptr_r_reg[0]/Q (SAEDRVT14_FSDPRBQ_V2_0P5)
                                                   0.04      0.07 f
  phfnr_buf_641/X (SAEDRVT14_INV_S_1)              0.02      0.09 r
  place_optctmTdsLR_1_667/X (SAEDRVT14_MUXI2_U_0P5)
                                                   0.02      0.11 f
  ctmi_2072/X (SAEDRVT14_OAI21_0P5)                0.01      0.12 r
  ctmi_2070/X (SAEDRVT14_AOI21_0P75)               0.01      0.14 f
  ctmi_2076/X (SAEDRVT14_ND2_CDC_1)                0.02      0.16 r
  ctmi_2081/X (SAEDRVT14_OAI21_2)                  0.02      0.18 f
  phfnr_buf_644/X (SAEDRVT14_INV_S_1)              0.02      0.20 r
  ctmi_2079/X (SAEDRVT14_NR2_1P5)                  0.01      0.21 f
  ctmi_2096/X (SAEDRVT14_NR2_2)                    0.01      0.22 r
  ctmi_2094/X (SAEDRVT14_OAI21_1)                  0.02      0.24 f
  ctmi_333/X (SAEDRVT14_NR4_0P75)                  0.09      0.33 r
  phfnr_buf_646/X (SAEDRVT14_INV_S_1P5)            0.03      0.36 f
  ctmi_332/X (SAEDRVT14_AN2B_MM_4)                 0.04      0.40 f
  ctmi_344/X (SAEDRVT14_AOI222_1)                  0.08      0.48 r
  DP_OP_33_12155_941_J1/ctmi_2282/X (SAEDRVT14_NR2_MM_0P5)
                                                   0.04      0.52 f
  place_optctmTdsLR_1_10646/X (SAEDRVT14_AN2_MM_1)
                                                   0.02      0.55 f
  DP_OP_33_12155_941_J1/U_398/CO (SAEDRVT14_ADDF_V1_0P5)
                                                   0.03      0.58 f
  DP_OP_33_12155_941_J1/U_401/CO (SAEDRVT14_ADDF_V1_0P5)
                                                   0.03      0.61 f
  DP_OP_33_12155_941_J1/U_405/CO (SAEDRVT14_ADDF_V1_0P5)
                                                   0.03      0.64 f
  DP_OP_33_12155_941_J1/U_410/S (SAEDRVT14_ADDF_V1_0P5)
                                                   0.06      0.70 r
  DP_OP_33_12155_941_J1/U_680/CO (SAEDRVT14_ADDF_V2_0P5)
                                                   0.03      0.73 r
  DP_OP_33_12155_941_J1/U_683/CO (SAEDRVT14_ADDF_V1_0P5)
                                                   0.03      0.77 r
  DP_OP_33_12155_941_J1/U_685/CO (SAEDRVT14_ADDF_V1_0P5)
                                                   0.03      0.80 r
  DP_OP_33_12155_941_J1/U_688/CO (SAEDRVT14_ADDF_V2_0P5)
                                                   0.03      0.83 r
  DP_OP_33_12155_941_J1/U_690/CO (SAEDRVT14_ADDF_V1_0P5)
                                                   0.03      0.86 r
  DP_OP_33_12155_941_J1/U_693/CO (SAEDRVT14_ADDF_V1_0P5)
                                                   0.03      0.89 r
  DP_OP_33_12155_941_J1/U_695/CO (SAEDRVT14_ADDF_V1_0P5)
                                                   0.04      0.93 r
  DP_OP_33_12155_941_J1/U_698/CO (SAEDRVT14_ADDF_V1_0P5)
                                                   0.04      0.97 r
  DP_OP_33_12155_941_J1/U_700/CO (SAEDRVT14_ADDF_V1_0P5)
                                                   0.04      1.01 r
  DP_OP_33_12155_941_J1/U_703/CO (SAEDRVT14_ADDF_V1_0P5)
                                                   0.03      1.04 r
  DP_OP_33_12155_941_J1/U_705/CO (SAEDRVT14_ADDF_V1_0P5)
                                                   0.03      1.08 r
  DP_OP_33_12155_941_J1/U_708/CO (SAEDRVT14_ADDF_V1_0P5)
                                                   0.04      1.11 r
  DP_OP_33_12155_941_J1/U_710/CO (SAEDRVT14_ADDF_V1_0P5)
                                                   0.04      1.16 r
  DP_OP_33_12155_941_J1/U_713/CO (SAEDRVT14_ADDF_V1_1)
                                                   0.04      1.19 r
  DP_OP_33_12155_941_J1/U_715/CO (SAEDRVT14_ADDF_V1_0P5)
                                                   0.04      1.23 r
  DP_OP_33_12155_941_J1/U_718/CO (SAEDRVT14_ADDF_V1_0P5)
                                                   0.03      1.26 r
  DP_OP_33_12155_941_J1/U_720/CO (SAEDRVT14_ADDF_V1_1)
                                                   0.03      1.29 r
  DP_OP_33_12155_941_J1/U_723/CO (SAEDRVT14_ADDF_V2_0P5)
                                                   0.03      1.32 r
  DP_OP_33_12155_941_J1/U_725/CO (SAEDRVT14_ADDF_V1_0P5)
                                                   0.03      1.35 r
  DP_OP_33_12155_941_J1/U_728/CO (SAEDRVT14_ADDF_V1_0P5)
                                                   0.03      1.39 r
  DP_OP_33_12155_941_J1/U_730/CO (SAEDRVT14_ADDF_V1_0P5)
                                                   0.03      1.42 r
  DP_OP_33_12155_941_J1/U_733/CO (SAEDRVT14_ADDF_V1_0P5)
                                                   0.03      1.45 r
  DP_OP_33_12155_941_J1/U_735/CO (SAEDRVT14_ADDF_V1_0P5)
                                                   0.03      1.48 r
  DP_OP_33_12155_941_J1/U_738/CO (SAEDRVT14_ADDF_V1_0P5)
                                                   0.03      1.52 r
  DP_OP_33_12155_941_J1/U_740/CO (SAEDRVT14_ADDF_V1_0P5)
                                                   0.03      1.55 r
  DP_OP_33_12155_941_J1/U_743/CO (SAEDRVT14_ADDF_V1_0P5)
                                                   0.04      1.58 r
  DP_OP_33_12155_941_J1/U_745/CO (SAEDRVT14_ADDF_V1_0P5)
                                                   0.03      1.62 r
  DP_OP_33_12155_941_J1/U_748/CO (SAEDRVT14_ADDF_V2_0P5)
                                                   0.03      1.64 r
  DP_OP_33_12155_941_J1/U_750/CO (SAEDRVT14_ADDF_V2_0P5)
                                                   0.02      1.67 r
  math_wrapper_INST/out_data_r_reg[35]/D (SAEDRVT14_FSDPRBQ_V2_0P5)
                                                   0.00      1.67 r
  data arrival time                                          1.67

  clock clk (rise edge)                            2.10      2.10
  clock network delay (propagated)                 0.03      2.13
  math_wrapper_INST/out_data_r_reg[35]/CK (SAEDRVT14_FSDPRBQ_V2_0P5)
                                                   0.00      2.13 r
  clock uncertainty                               -0.40      1.73
  library setup time                              -0.02      1.71
  data required time                                         1.71
  ------------------------------------------------------------------------
  data required time                                         1.71
  data arrival time                                         -1.67
  ------------------------------------------------------------------------
  slack (MET)                                                0.05


1
