****************************************
Report : timing
        -path_type full
        -delay_type max
        -max_paths 1
        -report_by design
Design : dut_toplevel
Version: V-2023.12
Date   : Wed Jun 18 11:06:01 2025
****************************************

  Startpoint: dut_fifo_INST/fifo_wptr_r_reg[0] (rising edge-triggered flip-flop clocked by clk)
  Endpoint: math_wrapper_INST/out_data_r_reg[35] (rising edge-triggered flip-flop clocked by clk)
  Mode: Normal
  Corner: Slow
  Scenario: Normal_Slow
  Path Group: clk
  Path Type: max

  Point                                            Incr      Path  
  ------------------------------------------------------------------------
  clock clk (rise edge)                            0.00      0.00
  clock network delay (ideal)                      0.00      0.00

  dut_fifo_INST/fifo_wptr_r_reg[0]/clocked_on (*SEQGEN.1839103_120_2)
                                                   0.00      0.00 r
  dut_fifo_INST/fifo_wptr_r_reg[0]/Q (*SEQGEN.1839103_120_2)
                                                   0.00      0.00 r ~
  dut_fifo_INST/sub_138/U0/U_3/X (SAEDRVT14_INV_S_1)
                                                   0.00      0.00 f
  dut_fifo_INST/sub_138/U0/U_4/X (SAEDRVT14_INV_S_1)
                                                   0.00      0.01 r
  dut_fifo_INST/sub_138/U0/U_5/CO (SAEDRVT14_ADDF_V1_1)
                                                   0.02      0.03 r
  dut_fifo_INST/sub_138/U0/U_7/S (SAEDRVT14_ADDF_V1_1)
                                                   0.05      0.07 f
  dut_fifo_INST/C824/Z (WVGTECH_OR2)               0.00      0.07 f ~
  dut_fifo_INST/I_13/Z (WVGTECH_NOT)               0.00      0.07 r ~
  dut_fifo_INST/C822/Z (WVGTECH_AND2)              0.00      0.07 r ~
  dut_fifo_INST/I_0/Z (WVGTECH_NOT)                0.00      0.07 f ~
  dut_fifo_INST/C783/Z (WVGTECH_OR2)               0.00      0.07 f ~
  dut_fifo_INST/C784/Z (WVGTECH_OR2)               0.00      0.07 f ~
  dut_fifo_INST/I_1/Z (WVGTECH_NOT)                0.00      0.07 r ~
  math_wrapper_INST/I_4/Z (WVGTECH_NOT)            0.00      0.07 f ~
  math_wrapper_INST/C206/Z (WVGTECH_AND2)          0.00      0.07 f ~
  math_wrapper_INST/C201/Z (WVGTECH_OR2)           0.00      0.07 f ~
  math_wrapper_INST/I_1/Z (WVGTECH_NOT)            0.00      0.07 r ~
  math_wrapper_INST/C193/Z[0] (*SELECT_OP.3_1_3_1_1_33)
                                                   0.00      0.07 r ~
  math_wrapper_INST/C205/Z (WVGTECH_OR2)           0.00      0.07 r ~
  math_wrapper_INST/I_3/Z (WVGTECH_NOT)            0.00      0.07 f ~
  dut_arbiter_INST/C150/Z (WVGTECH_AND3)           0.00      0.07 f ~
  dut_arbiter_INST/C139/Z[0] (*SELECT_OP.2_1_2_1_1_33)
                                                   0.00      0.07 f ~
  dut_arbiter_INST/C188/Z (WVGTECH_OR2)            0.00      0.07 f ~
  dut_arbiter_INST/I_17/Z (WVGTECH_NOT)            0.00      0.07 r ~
  dut_arbiter_INST/C142/Z[19] (*SELECT_OP.3_36_3_1_36_33)
                                                   0.00      0.07 r ~
  math_wrapper_INST/dut_multiplier_18x18_comb_inst/mult_a0b0/mult_11_S2/U0/U_10/X (SAEDRVT14_INV_S_1)
                                                   0.01      0.08 f
  math_wrapper_INST/dut_multiplier_18x18_comb_inst/mult_a0b0/mult_11_S2/U0/U_28/X (SAEDRVT14_NR2_MM_1)
                                                   0.01      0.10 r
  math_wrapper_INST/dut_multiplier_18x18_comb_inst/mult_a0b0/mult_11_S2/U0/U_99/CO (SAEDRVT14_ADDH_0P5)
                                                   0.02      0.11 r
  math_wrapper_INST/dut_multiplier_18x18_comb_inst/mult_a0b0/mult_11_S2/U0/U_101/S (SAEDRVT14_ADDF_V1_1)
                                                   0.05      0.16 f
  math_wrapper_INST/dut_multiplier_18x18_comb_inst/mult_a0b0/mult_11_S2/U0/U_160/CO (SAEDRVT14_ADDF_V1_1)
                                                   0.03      0.19 f
  math_wrapper_INST/dut_multiplier_18x18_comb_inst/mult_a0b0/mult_11_S2/U0/U_162/CO (SAEDRVT14_ADDF_V1_1)
                                                   0.02      0.21 f
  math_wrapper_INST/dut_multiplier_18x18_comb_inst/mult_a0b0/mult_11_S2/U0/U_165/CO (SAEDRVT14_ADDF_V1_1)
                                                   0.02      0.24 f
  math_wrapper_INST/dut_multiplier_18x18_comb_inst/mult_a0b0/mult_11_S2/U0/U_167/CO (SAEDRVT14_ADDF_V1_1)
                                                   0.02      0.26 f
  math_wrapper_INST/dut_multiplier_18x18_comb_inst/mult_a0b0/mult_11_S2/U0/U_170/CO (SAEDRVT14_ADDF_V1_1)
                                                   0.02      0.28 f
  math_wrapper_INST/dut_multiplier_18x18_comb_inst/mult_a0b0/mult_11_S2/U0/U_172/CO (SAEDRVT14_ADDF_V1_1)
                                                   0.02      0.31 f
  math_wrapper_INST/dut_multiplier_18x18_comb_inst/mult_a0b0/mult_11_S2/U0/U_175/CO (SAEDRVT14_ADDF_V1_1)
                                                   0.02      0.33 f
  math_wrapper_INST/dut_multiplier_18x18_comb_inst/mult_a0b0/mult_11_S2/U0/U_177/S (SAEDRVT14_ADDF_V1_1)
                                                   0.05      0.38 r
  math_wrapper_INST/dut_multiplier_18x18_comb_inst/add_64_S2/U0/U_27/CO (SAEDRVT14_ADDF_V1_1)
                                                   0.02      0.40 r
  math_wrapper_INST/dut_multiplier_18x18_comb_inst/add_64_S2/U0/U_29/S (SAEDRVT14_ADDF_V1_1)
                                                   0.05      0.45 f
  math_wrapper_INST/dut_multiplier_18x18_comb_inst/add_64_S2_2/U0/U_29/CO (SAEDRVT14_ADDF_V1_1)
                                                   0.02      0.47 f
  math_wrapper_INST/dut_multiplier_18x18_comb_inst/add_64_S2_2/U0/U_32/CO (SAEDRVT14_ADDF_V1_1)
                                                   0.02      0.50 f
  math_wrapper_INST/dut_multiplier_18x18_comb_inst/add_64_S2_2/U0/U_34/CO (SAEDRVT14_ADDF_V1_1)
                                                   0.02      0.52 f
  math_wrapper_INST/dut_multiplier_18x18_comb_inst/add_64_S2_2/U0/U_37/CO (SAEDRVT14_ADDF_V1_1)
                                                   0.02      0.54 f
  math_wrapper_INST/dut_multiplier_18x18_comb_inst/add_64_S2_2/U0/U_39/CO (SAEDRVT14_ADDF_V1_1)
                                                   0.02      0.57 f
  math_wrapper_INST/dut_multiplier_18x18_comb_inst/add_64_S2_2/U0/U_42/CO (SAEDRVT14_ADDF_V1_1)
                                                   0.02      0.59 f
  math_wrapper_INST/dut_multiplier_18x18_comb_inst/add_64_S2_2/U0/U_44/CO (SAEDRVT14_ADDF_V1_1)
                                                   0.02      0.61 f
  math_wrapper_INST/dut_multiplier_18x18_comb_inst/add_64_S2_2/U0/U_47/CO (SAEDRVT14_ADDF_V1_1)
                                                   0.02      0.64 f
  math_wrapper_INST/dut_multiplier_18x18_comb_inst/add_64_S2_2/U0/U_49/CO (SAEDRVT14_ADDF_V1_1)
                                                   0.02      0.66 f
  math_wrapper_INST/dut_multiplier_18x18_comb_inst/add_64_S2_2/U0/U_52/CO (SAEDRVT14_ADDF_V1_1)
                                                   0.02      0.68 f
  math_wrapper_INST/dut_multiplier_18x18_comb_inst/add_64_S2_2/U0/U_54/CO (SAEDRVT14_ADDF_V1_1)
                                                   0.02      0.71 f
  math_wrapper_INST/dut_multiplier_18x18_comb_inst/add_64_S2_2/U0/U_57/CO (SAEDRVT14_ADDF_V1_1)
                                                   0.02      0.73 f
  math_wrapper_INST/dut_multiplier_18x18_comb_inst/add_64_S2_2/U0/U_59/CO (SAEDRVT14_ADDF_V1_1)
                                                   0.02      0.75 f
  math_wrapper_INST/dut_multiplier_18x18_comb_inst/add_64_S2_2/U0/U_62/CO (SAEDRVT14_ADDF_V1_1)
                                                   0.02      0.78 f
  math_wrapper_INST/dut_multiplier_18x18_comb_inst/add_64_S2_2/U0/U_64/CO (SAEDRVT14_ADDF_V1_1)
                                                   0.02      0.80 f
  math_wrapper_INST/dut_multiplier_18x18_comb_inst/add_64_S2_2/U0/U_67/CO (SAEDRVT14_ADDF_V1_1)
                                                   0.02      0.82 f
  math_wrapper_INST/dut_multiplier_18x18_comb_inst/add_64_S2_2/U0/U_69/S (SAEDRVT14_ADDF_V1_1)
                                                   0.05      0.87 r
  math_wrapper_INST/dut_multiplier_18x18_comb_inst/add_64_S2_3/U0/U_69/CO (SAEDRVT14_ADDF_V1_1)
                                                   0.02      0.89 r
  math_wrapper_INST/dut_multiplier_18x18_comb_inst/add_64_S2_3/U0/U_72/CO (SAEDRVT14_ADDF_V1_1)
                                                   0.02      0.92 r
  math_wrapper_INST/dut_multiplier_18x18_comb_inst/add_64_S2_3/U0/U_74/CO (SAEDRVT14_ADDF_V1_1)
                                                   0.02      0.94 r
  math_wrapper_INST/dut_multiplier_18x18_comb_inst/add_64_S2_3/U0/U_77/CO (SAEDRVT14_ADDF_V1_1)
                                                   0.02      0.96 r
  math_wrapper_INST/dut_multiplier_18x18_comb_inst/add_64_S2_3/U0/U_79/CO (SAEDRVT14_ADDF_V1_1)
                                                   0.02      0.98 r
  math_wrapper_INST/dut_multiplier_18x18_comb_inst/add_64_S2_3/U0/U_82/CO (SAEDRVT14_ADDF_V1_1)
                                                   0.02      1.01 r
  math_wrapper_INST/dut_multiplier_18x18_comb_inst/add_64_S2_3/U0/U_84/CO (SAEDRVT14_ADDF_V1_1)
                                                   0.02      1.03 r
  math_wrapper_INST/dut_multiplier_18x18_comb_inst/add_64_S2_3/U0/U_87/CO (SAEDRVT14_ADDF_V1_1)
                                                   0.02      1.05 r
  math_wrapper_INST/dut_multiplier_18x18_comb_inst/add_64_S2_3/U0/U_89/S (SAEDRVT14_ADDF_V1_1)
                                                   0.05      1.10 f
  math_wrapper_INST/out_data_r_reg[35]/next_state (*SEQGEN.1839103_120_2)
                                                   0.00      1.10 f
  data arrival time                                          1.10

  clock clk (rise edge)                            2.10      2.10
  clock network delay (ideal)                      0.00      2.10
  math_wrapper_INST/out_data_r_reg[35]/clocked_on (*SEQGEN.1839103_120_2)
                                                   0.00      2.10 r
  clock uncertainty                               -0.40      1.70
  library setup time                              -0.00      1.70
  data required time                                         1.70
  ------------------------------------------------------------------------
  data required time                                         1.70
  data arrival time                                         -1.10
  ------------------------------------------------------------------------
  slack (MET)                                                0.60


1
