****************************************
Report : design
Design : dut_toplevel
Version: V-2023.12
Date   : Wed Jun 18 11:06:01 2025
****************************************

Total number of std cells in library : 860
Total number of dont_use lib cells   : 17
Total number of dont_touch lib cells : 17
Total number of buffers              : 59
Total number of inverters            : 46
Total number of flip-flops           : 173
Total number of latches              : 45
Total number of ICGs                 : 30

Cell Instance Type  Count         Area
--------------------------------------
TOTAL LEAF CELLS     1532      636.430
unit                 1054      524.009
Standard cells       1054      524.009
unit                 1054      524.009
Hard macro cells        0        0.000
unit                 1054      524.009
Soft macro cells        0        0.000
unit                 1054      524.009
Always on cells         0        0.000
unit                 1054      524.009
Physical only         478      112.421
unit                 1054      524.009
Fixed cells           478      112.421
unit                 1054      524.009
Moveable cells       1054      524.009
unit                 1054      524.009
Placed cells            0        0.000
unit                 1054      524.009
Sequential            328        0.000
unit                 1054      524.009
Buffer/inverter       182       32.323
unit                 1054      524.009
ICG cells               0        0.000
unit                 1054      524.009

Logic Hierarchies                    : 33
Design Masters count                 : 9
Total Flat nets count                : 2196
Total FloatingNets count             : 61
Total no of Ports                    : 170
Number of Master Clocks in design    : 2
Number of Generated Clocks in design : 0
Number of Path Groups in design      : 14 (2 of them Non Default)
Number of Scan Chains in design      : 0
List of Modes                        : Normal, PowerSave
List of Corners                      : Fast, Typical, Slow
List of Scenarios                    : Normal_Fast, Normal_Slow, Normal_Typical, PowerSave_Fast, PowerSave_Slow, PowerSave_Typical

Core Area                            : 1385.280
Chip Area                            : 2254.280
Total Site Row Area                  : 1385.280
Number of Blockages                  : 0
Total area of Blockages              : 0.000
Number of Power Domains              : 1
Number of Voltage Areas              : 1
Number of Group Bounds               : 0
Number of Exclusive MoveBounds       : 0
Number of Hard or Soft MoveBounds    : 0
Number of Multibit Registers         : 0
Number of Multibit LS/ISO Cells      : 0
Number of Top Level RP Groups        : 0
Number of Tech Layers                : 64 (54 of them have unknown routing dir.)

Total wire length                    : 0.00 micron
Total number of wires                : 0
Total number of contacts             : 2618
1
