****************************************
Report : timing
        -path_type full
        -delay_type min
        -max_paths 1
        -report_by design
Design : dut_toplevel
Version: V-2023.12
Date   : Wed Jun 18 11:06:01 2025
****************************************

  Startpoint: dut_fifo_INST/fifo_rptr_r_reg[1] (rising edge-triggered flip-flop clocked by clk)
  Endpoint: dut_output_control_INST/out_last_data_sent_r_reg (rising edge-triggered flip-flop clocked by clk)
  Mode: PowerSave
  Corner: Slow
  Scenario: PowerSave_Slow
  Path Group: clk
  Path Type: min

  Point                                            Incr      Path  
  ------------------------------------------------------------------------
  clock clk (rise edge)                            0.00      0.00
  clock network delay (ideal)                      0.00      0.00

  dut_fifo_INST/fifo_rptr_r_reg[1]/clocked_on (*SEQGEN.1839103_120_2)
                                                   0.00      0.00 r
  dut_fifo_INST/fifo_rptr_r_reg[1]/Q (*SEQGEN.1839103_120_2)
                                                   0.00      0.00 r ~
  dut_fifo_INST/C843/Z (WVGTECH_AND2)              0.00      0.00 r ~
  dut_fifo_INST/C799/Z[36] (*SELECT_OP.4_39_4_1_39_33)
                                                   0.00      0.00 r ~
  dut_output_control_INST/C27/Z (WVGTECH_AND3)     0.00      0.00 r ~
  dut_output_control_INST/C26/Z (WVGTECH_OR2)      0.00      0.00 r ~
  dut_output_control_INST/out_last_data_sent_r_reg/synch_enable (*SEQGEN.1839103_120_2)
                                                   0.00      0.00 r
  data arrival time                                          0.00

  clock clk (rise edge)                            0.00      0.00
  clock network delay (ideal)                      0.00      0.00
  dut_output_control_INST/out_last_data_sent_r_reg/clocked_on (*SEQGEN.1839103_120_2)
                                                   0.00      0.00 r
  library hold time                                0.00      0.00
  data required time                                         0.00
  ------------------------------------------------------------------------
  data required time                                         0.00
  data arrival time                                         -0.00
  ------------------------------------------------------------------------
  slack (MET)                                                0.00


1
