Information: Timer using 12 threads
Information: Corner Fast: no PVT mismatches. (PVT-032)
Information: Corner Typical: no PVT mismatches. (PVT-032)
Information: Corner Slow: no PVT mismatches. (PVT-032)
****************************************
Report : power
        -significant_digits 2
Design : dut_toplevel
Version: V-2023.12
Date   : Wed Jun 18 11:05:56 2025
****************************************
Information: Activity propagation will be performed for scenario PowerSave_Slow.
Information: Activity propagation will be performed for scenario Normal_Fast.
Warning: Cannot infer functionality of libcell 'saed14rvt_frame_timing/SAEDRVT14_FDNRBSBQ_V2_0P5' and will be excluded from sequential mapping. (SQM-1061)
Warning: Cannot infer functionality of libcell 'saed14rvt_frame_timing/SAEDRVT14_FDNRBSBQ_V2_1' and will be excluded from sequential mapping. (SQM-1061)
Warning: Cannot infer functionality of libcell 'saed14rvt_frame_timing/SAEDRVT14_FDNRBSBQ_V2_2' and will be excluded from sequential mapping. (SQM-1061)
Warning: Cannot infer functionality of libcell 'saed14rvt_frame_timing/SAEDRVT14_FDNRBSBQ_V2_4' and will be excluded from sequential mapping. (SQM-1061)
Warning: Cannot infer functionality of libcell 'saed14rvt_frame_timing/SAEDRVT14_FDPRBSBQ_V2_0P5' and will be excluded from sequential mapping. (SQM-1061)
Warning: Cannot infer functionality of libcell 'saed14rvt_frame_timing/SAEDRVT14_FDPRBSBQ_V2_1' and will be excluded from sequential mapping. (SQM-1061)
Warning: Cannot infer functionality of libcell 'saed14rvt_frame_timing/SAEDRVT14_FDPRBSBQ_V2_2' and will be excluded from sequential mapping. (SQM-1061)
Warning: Cannot infer functionality of libcell 'saed14rvt_frame_timing/SAEDRVT14_FDPRBSBQ_V2_4' and will be excluded from sequential mapping. (SQM-1061)
Warning: Cannot infer functionality of libcell 'saed14rvt_frame_timing/SAEDRVT14_FSDPRBSBQ_V2LP_0P5' and will be excluded from sequential mapping. (SQM-1061)
Warning: Cannot infer functionality of libcell 'saed14rvt_frame_timing/SAEDRVT14_FSDPRBSBQ_V2LP_2' and will be excluded from sequential mapping. (SQM-1061)
Warning: Skipping check for single_bit_degenerate attribute on the multibit libcell 'saed14rvt_frame_timing/SAEDRVT14_FSDN2_V2_0P5' since it is not a black-box. (SQM-1079)
Information: No single-bit representative was found for multibit lib cell 'saed14rvt_frame_timing/SAEDRVT14_FSDN2_V2_0P5'. (SQM-2004)
Warning: Skipping check for single_bit_degenerate attribute on the multibit libcell 'saed14rvt_frame_timing/SAEDRVT14_FSDN2_V2_1' since it is not a black-box. (SQM-1079)
Information: No single-bit representative was found for multibit lib cell 'saed14rvt_frame_timing/SAEDRVT14_FSDN2_V2_1'. (SQM-2004)
Warning: Skipping check for single_bit_degenerate attribute on the multibit libcell 'saed14rvt_frame_timing/SAEDRVT14_FSDN2_V2_2' since it is not a black-box. (SQM-1079)
Information: No single-bit representative was found for multibit lib cell 'saed14rvt_frame_timing/SAEDRVT14_FSDN2_V2_2'. (SQM-2004)
Warning: Skipping check for single_bit_degenerate attribute on the multibit libcell 'saed14rvt_frame_timing/SAEDRVT14_FSDN2_V2_4' since it is not a black-box. (SQM-1079)
Information: No single-bit representative was found for multibit lib cell 'saed14rvt_frame_timing/SAEDRVT14_FSDN2_V2_4'. (SQM-2004)
Warning: Skipping check for single_bit_degenerate attribute on the multibit libcell 'saed14rvt_frame_timing/SAEDRVT14_FSDN4_V2_0P5' since it is not a black-box. (SQM-1079)
Information: No single-bit representative was found for multibit lib cell 'saed14rvt_frame_timing/SAEDRVT14_FSDN4_V2_0P5'. (SQM-2004)
Information: No single-bit representative was found for multibit lib cell 'saed14rvt_frame_timing/SAEDRVT14_FSDN4_V2_1'. (SQM-2004)
Information: No single-bit representative was found for multibit lib cell 'saed14rvt_frame_timing/SAEDRVT14_FSDN4_V2_2'. (SQM-2004)
Information: No single-bit representative was found for multibit lib cell 'saed14rvt_frame_timing/SAEDRVT14_FSDN4_V2_4'. (SQM-2004)
Warning: Found 8 multibit sequential library cells that have missing/added attributes or have restrictions that prevent them from banking. (SQM-1053)
0 sequential multibit library cells have restrictions (dont_use or dont_touch).
8 sequential multibit library cells have missing sequential mapping relevant attributes
Information: Doing activity propagation for mode 'PowerSave' and corner 'Slow' with effort level 'medium'. (POW-024)
Information: Timer-derived activity data is cached on scenario PowerSave_Slow (POW-052)
Infomation: Fast mode activity propagation power.rtl_activity_annotation setup is ignored. Always use accurate mode.
Information: Running switching activity propagation with 12 threads!

 **** Information : No. of simulation cycles = 6 ****
Information: Doing activity propagation for mode 'Normal' and corner 'Fast' with effort level 'medium'. (POW-024)
Information: Timer-derived activity data is cached on scenario Normal_Fast (POW-052)
Infomation: Fast mode activity propagation power.rtl_activity_annotation setup is ignored. Always use accurate mode.
Information: Running switching activity propagation with 12 threads!

 **** Information : No. of simulation cycles = 6 ****
Information: Propagated activity on scenario PowerSave_Typical identical to that on PowerSave_Slow (POW-006)
Information: Propagated activity on scenario Normal_Slow identical to that on Normal_Fast (POW-006)
Information: Propagated activity on scenario PowerSave_Fast identical to that on PowerSave_Slow (POW-006)
Information: Propagated activity on scenario Normal_Typical identical to that on Normal_Fast (POW-006)
Information: The stitching and editing of coupling caps is turned OFF for design 'dut_toplevel.dlib:dut_toplevel/final_floorplan.design'. (TIM-125)
Information: Design Average RC for design dut_toplevel  (NEX-011)
Information: r = 2.057309 ohm/um, via_r = 1.199439 ohm/cut, c = 0.131501 ff/um, cc = 0.000000 ff/um (X dir) (NEX-017)
Information: r = 2.671150 ohm/um, via_r = 0.915479 ohm/cut, c = 0.118965 ff/um, cc = 0.000000 ff/um (Y dir) (NEX-017)
Information: The RC mode used is VR for design 'dut_toplevel'. (NEX-022)
Information: Update timing completed net estimation for all the timing graph nets (TIM-111)
Information: Net estimation statistics: timing graph nets = 2133, routed nets = 0, across physical hierarchy nets = 0, parasitics cached nets = 0, delay annotated nets = 0, parasitics annotated nets = 0, multi-voltage nets = 254. (TIM-112)
************************************************************
Timer Settings:
Delay Calculation Style:                   auto
Signal Integrity Analysis:                 disabled
Timing Window Analysis:                    disabled
Advanced Waveform Propagation:             disabled
Variation Type:                            fixed_derate
Clock Reconvergence Pessimism Removal:     disabled
Advanced Receiver Model:                   disabled
LLE:                                       disabled
ML Acceleration:                           off
************************************************************
Mode: Normal
Corner: Fast
Scenario: Normal_Fast
Voltage: 0.88
Temperature: 125.00

Voltage Unit         : 1V
Capacitance Unit     : 1fF
Time Unit            : 1ns
Temperature Unit     : 1C
Dynamic Power Unit   : 1pW
Leakage Power Unit   : 1pW

Switched supply net power scaling:
scaling for leakage power

Supply nets:
VDD (power) probability 1.00 (default)
VSS (ground) probability 1.00 (default)
Warning: Power table extrapolation (extrapolation mode) for port X on cell dut_fifo_INST/sub_138/U0/U_3 for parameter Tinp. Lowest table value = 0.003000, highest table value = 0.133000, value = 0.000000 (POW-046)
Warning: Power table extrapolation (extrapolation mode) for port X on cell math_wrapper_INST/dut_multiplier_18x18_comb_inst/mult_a0b0/mult_11_S2/U0/U_0 for parameter Tinp. Lowest table value = 0.003000, highest table value = 0.133000, value = 0.000000 (POW-046)
Warning: Power table extrapolation (extrapolation mode) for port X on cell dut_fifo_INST/add_115_S2/U0/U_0 for parameter Tinp. Lowest table value = 0.003000, highest table value = 0.133000, value = 0.000000 (POW-046)
Warning: Power table extrapolation (extrapolation mode) for port X on cell dut_fifo_INST/sub_138/U0/U_1 for parameter Tinp. Lowest table value = 0.003000, highest table value = 0.133000, value = 0.000000 (POW-046)
Warning: Power table extrapolation (extrapolation mode) for port X on cell dut_fifo_INST/sub_138/U0/U_2 for parameter Tinp. Lowest table value = 0.003000, highest table value = 0.133000, value = 0.000000 (POW-046)
Warning: Power table extrapolation (extrapolation mode) for port X on cell dut_fifo_INST/sub_138/U0/U_10 for parameter Cout. Lowest table value = 0.000150, highest table value = 0.048780, value = 0.000000 (POW-046)
Warning: Power table extrapolation (extrapolation mode) for port X on cell math_wrapper_INST/dut_multiplier_18x18_comb_inst/mult_a1b1/mult_11_S2/U0/U_0 for parameter Tinp. Lowest table value = 0.003000, highest table value = 0.133000, value = 0.000000 (POW-046)
Warning: Power table extrapolation (extrapolation mode) for port X on cell math_wrapper_INST/dut_multiplier_18x18_comb_inst/mult_a1b0/mult_11_S2/U0/U_0 for parameter Tinp. Lowest table value = 0.003000, highest table value = 0.133000, value = 0.000000 (POW-046)
Warning: Power table extrapolation (extrapolation mode) for port X on cell math_wrapper_INST/dut_multiplier_18x18_comb_inst/mult_a1b1/mult_11_S2/U0/U_1 for parameter Tinp. Lowest table value = 0.003000, highest table value = 0.133000, value = 0.000000 (POW-046)
Warning: Power table extrapolation (extrapolation mode) for port X on cell math_wrapper_INST/dut_multiplier_18x18_comb_inst/mult_a1b0/mult_11_S2/U0/U_1 for parameter Tinp. Lowest table value = 0.003000, highest table value = 0.133000, value = 0.000000 (POW-046)
Note - message 'POW-046' limit (10) exceeded. Remainder will be suppressed.

  Cell Internal Power    = 5.62e+07 pW ( 16.5%)
  Net Switching Power    = 2.84e+08 pW ( 83.5%)
Total Dynamic Power      = 3.40e+08 pW (100.0%)

Cell Leakage Power       = 2.61e+07 pW


  Attributes
  ----------
      u  -  User defined power group
      i  -  Includes clock pin internal power

Power Group         Internal Power        Switching Power          Leakage Power            Total Power    (   %  )    Attrs
-----------------------------------------------------------------------------------------------------------------------------
io_pad                    0.00e+00               0.00e+00               0.00e+00               0.00e+00    (  0.0%)         
memory                    0.00e+00               0.00e+00               0.00e+00               0.00e+00    (  0.0%)         
black_box                 0.00e+00               0.00e+00               0.00e+00               0.00e+00    (  0.0%)         
clock_network             0.00e+00               0.00e+00               0.00e+00               0.00e+00    (  0.0%)        i
register                  0.00e+00               1.24e+07               0.00e+00               1.24e+07    (  3.4%)         
sequential                0.00e+00               0.00e+00               0.00e+00               0.00e+00    (  0.0%)         
combinational             5.62e+07               2.71e+08               2.61e+07               3.54e+08    ( 96.6%)         
-----------------------------------------------------------------------------------------------------------------------------
Total                     5.62e+07 pW            2.84e+08 pW            2.61e+07 pW            3.66e+08 pW
Mode: Normal
Corner: Slow
Scenario: Normal_Slow
Voltage: 0.72
Temperature: -40.00

Voltage Unit         : 1V
Capacitance Unit     : 1fF
Time Unit            : 1ns
Temperature Unit     : 1C
Dynamic Power Unit   : 1pW
Leakage Power Unit   : 1pW

Switched supply net power scaling:
scaling for leakage power

Supply nets:
VDD (power) probability 1.00 (default)
VSS (ground) probability 1.00 (default)

  Cell Internal Power    = 3.79e+07 pW ( 12.4%)
  Net Switching Power    = 2.67e+08 pW ( 87.6%)
Total Dynamic Power      = 3.05e+08 pW (100.0%)

Cell Leakage Power       = 1.02e+04 pW


  Attributes
  ----------
      u  -  User defined power group
      i  -  Includes clock pin internal power

Power Group         Internal Power        Switching Power          Leakage Power            Total Power    (   %  )    Attrs
-----------------------------------------------------------------------------------------------------------------------------
io_pad                    0.00e+00               0.00e+00               0.00e+00               0.00e+00    (  0.0%)         
memory                    0.00e+00               0.00e+00               0.00e+00               0.00e+00    (  0.0%)         
black_box                 0.00e+00               0.00e+00               0.00e+00               0.00e+00    (  0.0%)         
clock_network             0.00e+00               0.00e+00               0.00e+00               0.00e+00    (  0.0%)        i
register                  0.00e+00               1.20e+07               0.00e+00               1.20e+07    (  3.9%)         
sequential                0.00e+00               0.00e+00               0.00e+00               0.00e+00    (  0.0%)         
combinational             3.79e+07               2.55e+08               1.02e+04               2.93e+08    ( 96.1%)         
-----------------------------------------------------------------------------------------------------------------------------
Total                     3.79e+07 pW            2.67e+08 pW            1.02e+04 pW            3.05e+08 pW
Mode: Normal
Corner: Typical
Scenario: Normal_Typical
Voltage: 0.80
Temperature: 25.00

Voltage Unit         : 1V
Capacitance Unit     : 1fF
Time Unit            : 1ns
Temperature Unit     : 1C
Dynamic Power Unit   : 1pW
Leakage Power Unit   : 1pW

Switched supply net power scaling:
scaling for leakage power

Supply nets:
VDD (power) probability 1.00 (default)
VSS (ground) probability 1.00 (default)

  Cell Internal Power    = 4.52e+07 pW ( 14.0%)
  Net Switching Power    = 2.79e+08 pW ( 86.0%)
Total Dynamic Power      = 3.24e+08 pW (100.0%)

Cell Leakage Power       = 2.45e+05 pW


  Attributes
  ----------
      u  -  User defined power group
      i  -  Includes clock pin internal power

Power Group         Internal Power        Switching Power          Leakage Power            Total Power    (   %  )    Attrs
-----------------------------------------------------------------------------------------------------------------------------
io_pad                    0.00e+00               0.00e+00               0.00e+00               0.00e+00    (  0.0%)         
memory                    0.00e+00               0.00e+00               0.00e+00               0.00e+00    (  0.0%)         
black_box                 0.00e+00               0.00e+00               0.00e+00               0.00e+00    (  0.0%)         
clock_network             0.00e+00               0.00e+00               0.00e+00               0.00e+00    (  0.0%)        i
register                  0.00e+00               1.24e+07               0.00e+00               1.24e+07    (  3.8%)         
sequential                0.00e+00               0.00e+00               0.00e+00               0.00e+00    (  0.0%)         
combinational             4.52e+07               2.66e+08               2.45e+05               3.12e+08    ( 96.2%)         
-----------------------------------------------------------------------------------------------------------------------------
Total                     4.52e+07 pW            2.79e+08 pW            2.45e+05 pW            3.24e+08 pW
Mode: PowerSave
Corner: Fast
Scenario: PowerSave_Fast
Voltage: 0.88
Temperature: 125.00

Voltage Unit         : 1V
Capacitance Unit     : 1fF
Time Unit            : 1ns
Temperature Unit     : 1C
Dynamic Power Unit   : 1pW
Leakage Power Unit   : 1pW

Switched supply net power scaling:
scaling for leakage power

Supply nets:
VDD (power) probability 1.00 (default)
VSS (ground) probability 1.00 (default)

  Cell Internal Power    = 1.18e+07 pW ( 16.5%)
  Net Switching Power    = 5.96e+07 pW ( 83.5%)
Total Dynamic Power      = 7.14e+07 pW (100.0%)

Cell Leakage Power       = 2.61e+07 pW


  Attributes
  ----------
      u  -  User defined power group
      i  -  Includes clock pin internal power

Power Group         Internal Power        Switching Power          Leakage Power            Total Power    (   %  )    Attrs
-----------------------------------------------------------------------------------------------------------------------------
io_pad                    0.00e+00               0.00e+00               0.00e+00               0.00e+00    (  0.0%)         
memory                    0.00e+00               0.00e+00               0.00e+00               0.00e+00    (  0.0%)         
black_box                 0.00e+00               0.00e+00               0.00e+00               0.00e+00    (  0.0%)         
clock_network             0.00e+00               0.00e+00               0.00e+00               0.00e+00    (  0.0%)        i
register                  0.00e+00               2.61e+06               0.00e+00               2.61e+06    (  2.7%)         
sequential                0.00e+00               0.00e+00               0.00e+00               0.00e+00    (  0.0%)         
combinational             1.18e+07               5.70e+07               2.61e+07               9.49e+07    ( 97.3%)         
-----------------------------------------------------------------------------------------------------------------------------
Total                     1.18e+07 pW            5.96e+07 pW            2.61e+07 pW            9.76e+07 pW
Mode: PowerSave
Corner: Slow
Scenario: PowerSave_Slow
Voltage: 0.72
Temperature: -40.00

Voltage Unit         : 1V
Capacitance Unit     : 1fF
Time Unit            : 1ns
Temperature Unit     : 1C
Dynamic Power Unit   : 1pW
Leakage Power Unit   : 1pW

Switched supply net power scaling:
scaling for leakage power

Supply nets:
VDD (power) probability 1.00 (default)
VSS (ground) probability 1.00 (default)

  Cell Internal Power    = 7.95e+06 pW ( 12.4%)
  Net Switching Power    = 5.62e+07 pW ( 87.6%)
Total Dynamic Power      = 6.41e+07 pW (100.0%)

Cell Leakage Power       = 1.02e+04 pW


  Attributes
  ----------
      u  -  User defined power group
      i  -  Includes clock pin internal power

Power Group         Internal Power        Switching Power          Leakage Power            Total Power    (   %  )    Attrs
-----------------------------------------------------------------------------------------------------------------------------
io_pad                    0.00e+00               0.00e+00               0.00e+00               0.00e+00    (  0.0%)         
memory                    0.00e+00               0.00e+00               0.00e+00               0.00e+00    (  0.0%)         
black_box                 0.00e+00               0.00e+00               0.00e+00               0.00e+00    (  0.0%)         
clock_network             0.00e+00               0.00e+00               0.00e+00               0.00e+00    (  0.0%)        i
register                  0.00e+00               2.52e+06               0.00e+00               2.52e+06    (  3.9%)         
sequential                0.00e+00               0.00e+00               0.00e+00               0.00e+00    (  0.0%)         
combinational             7.95e+06               5.36e+07               1.02e+04               6.16e+07    ( 96.1%)         
-----------------------------------------------------------------------------------------------------------------------------
Total                     7.95e+06 pW            5.62e+07 pW            1.02e+04 pW            6.41e+07 pW
Mode: PowerSave
Corner: Typical
Scenario: PowerSave_Typical
Voltage: 0.80
Temperature: 25.00

Voltage Unit         : 1V
Capacitance Unit     : 1fF
Time Unit            : 1ns
Temperature Unit     : 1C
Dynamic Power Unit   : 1pW
Leakage Power Unit   : 1pW

Switched supply net power scaling:
scaling for leakage power

Supply nets:
VDD (power) probability 1.00 (default)
VSS (ground) probability 1.00 (default)

  Cell Internal Power    = 9.49e+06 pW ( 14.0%)
  Net Switching Power    = 5.85e+07 pW ( 86.0%)
Total Dynamic Power      = 6.80e+07 pW (100.0%)

Cell Leakage Power       = 2.45e+05 pW


  Attributes
  ----------
      u  -  User defined power group
      i  -  Includes clock pin internal power

Power Group         Internal Power        Switching Power          Leakage Power            Total Power    (   %  )    Attrs
-----------------------------------------------------------------------------------------------------------------------------
io_pad                    0.00e+00               0.00e+00               0.00e+00               0.00e+00    (  0.0%)         
memory                    0.00e+00               0.00e+00               0.00e+00               0.00e+00    (  0.0%)         
black_box                 0.00e+00               0.00e+00               0.00e+00               0.00e+00    (  0.0%)         
clock_network             0.00e+00               0.00e+00               0.00e+00               0.00e+00    (  0.0%)        i
register                  0.00e+00               2.60e+06               0.00e+00               2.60e+06    (  3.8%)         
sequential                0.00e+00               0.00e+00               0.00e+00               0.00e+00    (  0.0%)         
combinational             9.49e+06               5.59e+07               2.45e+05               6.57e+07    ( 96.2%)         
-----------------------------------------------------------------------------------------------------------------------------
Total                     9.49e+06 pW            5.85e+07 pW            2.45e+05 pW            6.83e+07 pW
1
