****************************************
Report : qor
Design : dut_toplevel
Version: V-2023.12
Date   : Wed Jun 18 11:06:01 2025
****************************************


Scenario           'Normal_Fast'
Timing Path Group  'clk'
----------------------------------------
Levels of Logic:                     63
Critical Path Length:              0.65
Critical Path Slack:               1.05
Critical Path Clk Period:          2.10
Total Negative Slack:              0.00
No. of Violating Paths:               0
Worst Hold Violation:              0.00
Total Hold Violation:              0.00
No. of Hold Violations:               0
----------------------------------------

Scenario           'Normal_Slow'
Timing Path Group  'clk'
----------------------------------------
Levels of Logic:                     63
Critical Path Length:              1.10
Critical Path Slack:               0.60
Critical Path Clk Period:          2.10
Total Negative Slack:              0.00
No. of Violating Paths:               0
Worst Hold Violation:              0.00
Total Hold Violation:              0.00
No. of Hold Violations:               0
----------------------------------------

Scenario           'Normal_Typical'
Timing Path Group  'clk'
----------------------------------------
Levels of Logic:                     63
Critical Path Length:              0.82
Critical Path Slack:               0.88
Critical Path Clk Period:          2.10
Total Negative Slack:              0.00
No. of Violating Paths:               0
Worst Hold Violation:              0.00
Total Hold Violation:              0.00
No. of Hold Violations:               0
----------------------------------------

Scenario           'PowerSave_Fast'
Timing Path Group  'clk'
----------------------------------------
Levels of Logic:                     63
Critical Path Length:              0.65
Critical Path Slack:               8.45
Critical Path Clk Period:         10.00
Total Negative Slack:              0.00
No. of Violating Paths:               0
Worst Hold Violation:              0.00
Total Hold Violation:              0.00
No. of Hold Violations:               0
----------------------------------------

Scenario           'PowerSave_Slow'
Timing Path Group  'clk'
----------------------------------------
Levels of Logic:                     63
Critical Path Length:              1.10
Critical Path Slack:               8.00
Critical Path Clk Period:         10.00
Total Negative Slack:              0.00
No. of Violating Paths:               0
Worst Hold Violation:              0.00
Total Hold Violation:              0.00
No. of Hold Violations:               0
----------------------------------------

Scenario           'PowerSave_Typical'
Timing Path Group  'clk'
----------------------------------------
Levels of Logic:                     63
Critical Path Length:              0.82
Critical Path Slack:               8.28
Critical Path Clk Period:         10.00
Total Negative Slack:              0.00
No. of Violating Paths:               0
Worst Hold Violation:              0.00
Total Hold Violation:              0.00
No. of Hold Violations:               0
----------------------------------------


Cell Count
----------------------------------------
Hierarchical Cell Count:             33
Hierarchical Port Count:           1809
Leaf Cell Count:                   1559
Buf/Inv Cell Count:                 253
Buf Cell Count:                       2
Inv Cell Count:                     251
Combinational Cell Count:          1231
   Single-bit Isolation Cell Count:                        0
   Multi-bit Isolation Cell Count:                         0
   Isolation Cell Banking Ratio:                           0.00%
   Single-bit Level Shifter Cell Count:                    0
   Multi-bit Level Shifter Cell Count:                     0
   Level Shifter Cell Banking Ratio:                       0.00%
   Single-bit ELS Cell Count:                              0
   Multi-bit ELS Cell Count:                               0
   ELS Cell Banking Ratio:                                 0.00%
Sequential Cell Count:              328
   Integrated Clock-Gating Cell Count:                     0
   Sequential Macro Cell Count:                            0
   Single-bit Sequential Cell Count:                       0
   Multi-bit Sequential Cell Count:                        0
   Sequential Cell Banking Ratio:                          0.00%
   BitsPerflop:                                            0.00
Macro Count:                          0
----------------------------------------


Area
----------------------------------------
Combinational Area:              524.01
Noncombinational Area:             0.00
Buf/Inv Area:                     32.32
Total Buffer Area:                 0.00
Total Inverter Area:              32.32
Macro/Black Box Area:              0.00
Net Area:                             0
Net XLength:                    7038.94
Net YLength:                    4343.52
----------------------------------------
Cell Area (netlist):                            524.01
Cell Area (netlist and physical only):          636.43
Net Length:                    11382.46


Design Rules
----------------------------------------
Total Number of Nets:              2196
Nets with Violations:               253
Max Trans Violations:               167
Max Cap Violations:                  86
----------------------------------------

1
