****************************************
Report : timing
        -path_type full
        -delay_type max
        -max_paths 1
        -report_by design
Design : dut_toplevel
Version: V-2023.12
Date   : Wed Jun 18 11:05:46 2025
****************************************

  Startpoint: dut_fifo_INST/fifo_wptr_r_reg[0] (rising edge-triggered flip-flop clocked by clk)
  Endpoint: math_wrapper_INST/out_data_r_reg[34] (rising edge-triggered flip-flop clocked by clk)
  Mode: Normal
  Corner: Slow
  Scenario: Normal_Slow
  Path Group: clk
  Path Type: max

  Point                                            Incr      Path  
  ------------------------------------------------------------------------
  clock clk (rise edge)                            0.00      0.00
  clock network delay (ideal)                      0.00      0.00

  dut_fifo_INST/fifo_wptr_r_reg[0]/CK (SAEDRVT14_FSDPRBQ_V2_1)
                                                   0.00      0.00 r
  dut_fifo_INST/fifo_wptr_r_reg[0]/Q (SAEDRVT14_FSDPRBQ_V2_1)
                                                   0.12      0.12 r
  phfnr_buf_458/X (SAEDRVT14_INV_0P75)             0.01      0.13 f
  ctmi_2073/X (SAEDRVT14_OAI22_0P5)                0.01      0.14 r
  ctmi_2072/X (SAEDRVT14_OAI21_0P5)                0.01      0.15 f
  ctmi_2070/X (SAEDRVT14_AOI21_0P75)               0.01      0.17 r
  ctmi_2076/X (SAEDRVT14_ND2_CDC_0P5)              0.01      0.18 f
  ctmi_2081/X (SAEDRVT14_OAI21_0P5)                0.01      0.19 r
  phfnr_buf_462/X (SAEDRVT14_INV_S_0P5)            0.01      0.20 f
  ctmi_2079/X (SAEDRVT14_NR2_1)                    0.01      0.22 r
  ctmi_2096/X (SAEDRVT14_NR2_MM_1)                 0.01      0.23 f
  ctmi_404/X (SAEDRVT14_OAI21_0P5)                 0.01      0.24 r
  ctmi_333/X (SAEDRVT14_NR4_0P75)                  0.06      0.30 f
  phfnr_buf_464/X (SAEDRVT14_INV_S_0P5)            0.03      0.32 r
  ctmi_332/X (SAEDRVT14_AN2B_MM_4)                 0.04      0.36 r
  ctmi_347/X (SAEDRVT14_AOI222_1)                  0.05      0.41 f
  DP_OP_33_12155_941_J1/ctmi_2278/X (SAEDRVT14_NR2_1)
                                                   0.02      0.43 r
  DP_OP_33_12155_941_J1/U_396/CO (SAEDRVT14_ADDH_0P5)
                                                   0.02      0.45 r
  DP_OP_33_12155_941_J1/U_398/S (SAEDRVT14_ADDF_V1_0P5)
                                                   0.06      0.50 f
  DP_OP_33_12155_941_J1/U_673/CO (SAEDRVT14_ADDF_V1_0P5)
                                                   0.03      0.54 f
  DP_OP_33_12155_941_J1/U_675/CO (SAEDRVT14_ADDF_V1_0P5)
                                                   0.03      0.57 f
  DP_OP_33_12155_941_J1/U_678/CO (SAEDRVT14_ADDF_V1_0P5)
                                                   0.03      0.60 f
  DP_OP_33_12155_941_J1/U_680/CO (SAEDRVT14_ADDF_V1_0P5)
                                                   0.03      0.63 f
  DP_OP_33_12155_941_J1/U_683/CO (SAEDRVT14_ADDF_V1_0P5)
                                                   0.03      0.66 f
  DP_OP_33_12155_941_J1/U_685/CO (SAEDRVT14_ADDF_V1_0P5)
                                                   0.03      0.69 f
  DP_OP_33_12155_941_J1/U_688/CO (SAEDRVT14_ADDF_V1_0P5)
                                                   0.03      0.72 f
  DP_OP_33_12155_941_J1/U_690/CO (SAEDRVT14_ADDF_V1_0P5)
                                                   0.03      0.76 f
  DP_OP_33_12155_941_J1/U_693/CO (SAEDRVT14_ADDF_V1_0P5)
                                                   0.03      0.79 f
  DP_OP_33_12155_941_J1/U_695/CO (SAEDRVT14_ADDF_V1_0P5)
                                                   0.03      0.82 f
  DP_OP_33_12155_941_J1/U_698/CO (SAEDRVT14_ADDF_V1_0P5)
                                                   0.03      0.85 f
  DP_OP_33_12155_941_J1/U_700/CO (SAEDRVT14_ADDF_V1_0P5)
                                                   0.03      0.88 f
  DP_OP_33_12155_941_J1/U_703/CO (SAEDRVT14_ADDF_V1_0P5)
                                                   0.03      0.91 f
  DP_OP_33_12155_941_J1/U_705/CO (SAEDRVT14_ADDF_V1_0P5)
                                                   0.03      0.94 f
  DP_OP_33_12155_941_J1/U_708/CO (SAEDRVT14_ADDF_V1_0P5)
                                                   0.03      0.97 f
  DP_OP_33_12155_941_J1/U_710/CO (SAEDRVT14_ADDF_V1_0P5)
                                                   0.03      1.00 f
  DP_OP_33_12155_941_J1/U_713/CO (SAEDRVT14_ADDF_V1_0P5)
                                                   0.03      1.03 f
  DP_OP_33_12155_941_J1/U_715/CO (SAEDRVT14_ADDF_V1_0P5)
                                                   0.03      1.06 f
  DP_OP_33_12155_941_J1/U_718/CO (SAEDRVT14_ADDF_V1_0P5)
                                                   0.03      1.10 f
  DP_OP_33_12155_941_J1/U_720/CO (SAEDRVT14_ADDF_V1_0P5)
                                                   0.03      1.13 f
  DP_OP_33_12155_941_J1/U_723/CO (SAEDRVT14_ADDF_V1_0P5)
                                                   0.03      1.16 f
  DP_OP_33_12155_941_J1/U_725/CO (SAEDRVT14_ADDF_V1_0P5)
                                                   0.03      1.19 f
  DP_OP_33_12155_941_J1/U_728/CO (SAEDRVT14_ADDF_V1_0P5)
                                                   0.03      1.22 f
  DP_OP_33_12155_941_J1/U_730/CO (SAEDRVT14_ADDF_V1_0P5)
                                                   0.03      1.25 f
  DP_OP_33_12155_941_J1/U_733/CO (SAEDRVT14_ADDF_V1_0P5)
                                                   0.03      1.28 f
  DP_OP_33_12155_941_J1/U_735/CO (SAEDRVT14_ADDF_V1_0P5)
                                                   0.03      1.31 f
  DP_OP_33_12155_941_J1/U_738/CO (SAEDRVT14_ADDF_V1_0P5)
                                                   0.03      1.34 f
  DP_OP_33_12155_941_J1/U_740/CO (SAEDRVT14_ADDF_V1_0P5)
                                                   0.03      1.37 f
  DP_OP_33_12155_941_J1/U_743/CO (SAEDRVT14_ADDF_V1_0P5)
                                                   0.03      1.40 f
  DP_OP_33_12155_941_J1/U_745/CO (SAEDRVT14_ADDF_V1_0P5)
                                                   0.03      1.44 f
  DP_OP_33_12155_941_J1/U_748/CO (SAEDRVT14_ADDF_V1_0P5)
                                                   0.03      1.47 f
  DP_OP_33_12155_941_J1/U_750/S (SAEDRVT14_ADDF_V1_0P5)
                                                   0.05      1.52 r
  math_wrapper_INST/out_data_r_reg[34]/D (SAEDRVT14_FSDPRBQ_V2_1)
                                                   0.00      1.52 r
  data arrival time                                          1.52

  clock clk (rise edge)                            2.10      2.10
  clock network delay (ideal)                      0.00      2.10
  math_wrapper_INST/out_data_r_reg[34]/CK (SAEDRVT14_FSDPRBQ_V2_1)
                                                   0.00      2.10 r
  clock uncertainty                               -0.40      1.70
  library setup time                               0.03      1.73
  data required time                                         1.73
  ------------------------------------------------------------------------
  data required time                                         1.73
  data arrival time                                         -1.52
  ------------------------------------------------------------------------
  slack (MET)                                                0.21


1
