Information: Timer using 12 threads
Information: RDE mode is turned on. (TIM-124)
Information: Corner Fast: no PVT mismatches. (PVT-032)
Information: Corner Typical: no PVT mismatches. (PVT-032)
Information: Corner Slow: no PVT mismatches. (PVT-032)
****************************************
Report : power
        -significant_digits 2
Design : dut_toplevel
Version: V-2023.12
Date   : Sun Jun 29 17:33:37 2025
****************************************
Information: Activity propagation will be performed for scenario Normal_Slow.
Information: Activity propagation will be performed for scenario PowerSave_Fast.
Information: Doing activity propagation for mode 'Normal' and corner 'Slow' with effort level 'medium'. (POW-024)
Information: Timer-derived activity data is cached on scenario Normal_Slow (POW-052)
Infomation: Fast mode activity propagation power.rtl_activity_annotation setup is ignored. Always use accurate mode.
Information: Running switching activity propagation with 12 threads!

 **** Information : No. of simulation cycles = 6 ****
Information: Doing activity propagation for mode 'PowerSave' and corner 'Fast' with effort level 'medium'. (POW-024)
Information: Timer-derived activity data is cached on scenario PowerSave_Fast (POW-052)
Infomation: Fast mode activity propagation power.rtl_activity_annotation setup is ignored. Always use accurate mode.
Information: Running switching activity propagation with 12 threads!

 **** Information : No. of simulation cycles = 6 ****
Information: Propagated activity on scenario Normal_Typical identical to that on Normal_Slow (POW-006)
Information: Propagated activity on scenario PowerSave_Slow identical to that on PowerSave_Fast (POW-006)
Information: Propagated activity on scenario PowerSave_Typical identical to that on PowerSave_Fast (POW-006)
Information: Propagated activity on scenario Normal_Fast identical to that on Normal_Slow (POW-006)
Information: The stitching and editing of coupling caps is turned OFF for design 'dut_toplevel.dlib:dut_toplevel/placement_and_optimization.design'. (TIM-125)
Information: The RC mode used is RDE for design 'dut_toplevel'. (NEX-022)
Information: Design Average RC for design dut_toplevel  (NEX-011)
Information: r = 2.057309 ohm/um, via_r = 1.199439 ohm/cut, c = 0.131812 ff/um, cc = 0.000000 ff/um (X dir) (NEX-017)
Information: r = 2.669338 ohm/um, via_r = 0.909198 ohm/cut, c = 0.124848 ff/um, cc = 0.000000 ff/um (Y dir) (NEX-017)
Information: Update timing completed net estimation for all the timing graph nets (TIM-111)
Information: Net estimation statistics: timing graph nets = 1646, routed nets = 0, across physical hierarchy nets = 0, parasitics cached nets = 1646, delay annotated nets = 0, parasitics annotated nets = 0, multi-voltage nets = 0. (TIM-112)
************************************************************
Timer Settings:
Delay Calculation Style:                   auto
Signal Integrity Analysis:                 disabled
Timing Window Analysis:                    disabled
Advanced Waveform Propagation:             disabled
Variation Type:                            fixed_derate
Clock Reconvergence Pessimism Removal:     disabled
Advanced Receiver Model:                   disabled
LLE:                                       disabled
ML Acceleration:                           off
************************************************************
Mode: Normal
Corner: Fast
Scenario: Normal_Fast
Voltage: 0.88
Temperature: 125.00

Voltage Unit         : 1V
Capacitance Unit     : 1fF
Time Unit            : 1ns
Temperature Unit     : 1C
Dynamic Power Unit   : 1pW
Leakage Power Unit   : 1pW

Switched supply net power scaling:
scaling for leakage power

Supply nets:
VDD (power) probability 1.00 (default)
VSS (ground) probability 1.00 (default)

  Cell Internal Power    = 1.38e+08 pW ( 82.5%)
  Net Switching Power    = 2.92e+07 pW ( 17.5%)
Total Dynamic Power      = 1.67e+08 pW (100.0%)

Cell Leakage Power       = 3.32e+07 pW


  Attributes
  ----------
      u  -  User defined power group
      i  -  Includes clock pin internal power

Power Group         Internal Power        Switching Power          Leakage Power            Total Power    (   %  )    Attrs
-----------------------------------------------------------------------------------------------------------------------------
io_pad                    0.00e+00               0.00e+00               0.00e+00               0.00e+00    (  0.0%)         
memory                    0.00e+00               0.00e+00               0.00e+00               0.00e+00    (  0.0%)         
black_box                 0.00e+00               0.00e+00               0.00e+00               0.00e+00    (  0.0%)         
clock_network             1.22e+08               7.84e+06               3.92e+05               1.30e+08    ( 65.2%)        i
register                  1.12e+07               2.27e+06               1.80e+07               3.14e+07    ( 15.7%)         
sequential                0.00e+00               0.00e+00               0.00e+00               0.00e+00    (  0.0%)         
combinational             4.29e+06               1.91e+07               1.48e+07               3.82e+07    ( 19.1%)         
-----------------------------------------------------------------------------------------------------------------------------
Total                     1.38e+08 pW            2.92e+07 pW            3.32e+07 pW            2.00e+08 pW
Mode: Normal
Corner: Slow
Scenario: Normal_Slow
Voltage: 0.72
Temperature: -40.00

Voltage Unit         : 1V
Capacitance Unit     : 1fF
Time Unit            : 1ns
Temperature Unit     : 1C
Dynamic Power Unit   : 1pW
Leakage Power Unit   : 1pW

Switched supply net power scaling:
scaling for leakage power

Supply nets:
VDD (power) probability 1.00 (default)
VSS (ground) probability 1.00 (default)

  Cell Internal Power    = 2.77e+07 pW ( 60.1%)
  Net Switching Power    = 1.84e+07 pW ( 39.9%)
Total Dynamic Power      = 4.61e+07 pW (100.0%)

Cell Leakage Power       = 1.70e+04 pW


  Attributes
  ----------
      u  -  User defined power group
      i  -  Includes clock pin internal power

Power Group         Internal Power        Switching Power          Leakage Power            Total Power    (   %  )    Attrs
-----------------------------------------------------------------------------------------------------------------------------
io_pad                    0.00e+00               0.00e+00               0.00e+00               0.00e+00    (  0.0%)         
memory                    0.00e+00               0.00e+00               0.00e+00               0.00e+00    (  0.0%)         
black_box                 0.00e+00               0.00e+00               0.00e+00               0.00e+00    (  0.0%)         
clock_network             2.04e+07               4.82e+06               2.50e+02               2.52e+07    ( 54.7%)        i
register                  4.33e+06               1.57e+06               1.05e+04               5.91e+06    ( 12.8%)         
sequential                0.00e+00               0.00e+00               0.00e+00               0.00e+00    (  0.0%)         
combinational             3.00e+06               1.20e+07               6.24e+03               1.50e+07    ( 32.5%)         
-----------------------------------------------------------------------------------------------------------------------------
Total                     2.77e+07 pW            1.84e+07 pW            1.70e+04 pW            4.62e+07 pW
Mode: Normal
Corner: Typical
Scenario: Normal_Typical
Voltage: 0.80
Temperature: 25.00

Voltage Unit         : 1V
Capacitance Unit     : 1fF
Time Unit            : 1ns
Temperature Unit     : 1C
Dynamic Power Unit   : 1pW
Leakage Power Unit   : 1pW

Switched supply net power scaling:
scaling for leakage power

Supply nets:
VDD (power) probability 1.00 (default)
VSS (ground) probability 1.00 (default)

  Cell Internal Power    = 4.76e+07 pW ( 66.8%)
  Net Switching Power    = 2.37e+07 pW ( 33.2%)
Total Dynamic Power      = 7.13e+07 pW (100.0%)

Cell Leakage Power       = 3.16e+05 pW


  Attributes
  ----------
      u  -  User defined power group
      i  -  Includes clock pin internal power

Power Group         Internal Power        Switching Power          Leakage Power            Total Power    (   %  )    Attrs
-----------------------------------------------------------------------------------------------------------------------------
io_pad                    0.00e+00               0.00e+00               0.00e+00               0.00e+00    (  0.0%)         
memory                    0.00e+00               0.00e+00               0.00e+00               0.00e+00    (  0.0%)         
black_box                 0.00e+00               0.00e+00               0.00e+00               0.00e+00    (  0.0%)         
clock_network             3.80e+07               6.27e+06               3.55e+03               4.43e+07    ( 61.8%)        i
register                  6.18e+06               1.95e+06               1.72e+05               8.30e+06    ( 11.6%)         
sequential                0.00e+00               0.00e+00               0.00e+00               0.00e+00    (  0.0%)         
combinational             3.42e+06               1.55e+07               1.41e+05               1.90e+07    ( 26.6%)         
-----------------------------------------------------------------------------------------------------------------------------
Total                     4.76e+07 pW            2.37e+07 pW            3.16e+05 pW            7.16e+07 pW
Mode: PowerSave
Corner: Fast
Scenario: PowerSave_Fast
Voltage: 0.88
Temperature: 125.00

Voltage Unit         : 1V
Capacitance Unit     : 1fF
Time Unit            : 1ns
Temperature Unit     : 1C
Dynamic Power Unit   : 1pW
Leakage Power Unit   : 1pW

Switched supply net power scaling:
scaling for leakage power

Supply nets:
VDD (power) probability 1.00 (default)
VSS (ground) probability 1.00 (default)

  Cell Internal Power    = 6.15e+07 pW ( 90.9%)
  Net Switching Power    = 6.14e+06 pW (  9.1%)
Total Dynamic Power      = 6.76e+07 pW (100.0%)

Cell Leakage Power       = 3.32e+07 pW


  Attributes
  ----------
      u  -  User defined power group
      i  -  Includes clock pin internal power

Power Group         Internal Power        Switching Power          Leakage Power            Total Power    (   %  )    Attrs
-----------------------------------------------------------------------------------------------------------------------------
io_pad                    0.00e+00               0.00e+00               0.00e+00               0.00e+00    (  0.0%)         
memory                    0.00e+00               0.00e+00               0.00e+00               0.00e+00    (  0.0%)         
black_box                 0.00e+00               0.00e+00               0.00e+00               0.00e+00    (  0.0%)         
clock_network             5.75e+07               1.65e+06               3.92e+05               5.95e+07    ( 59.1%)        i
register                  3.06e+06               4.76e+05               1.80e+07               2.15e+07    ( 21.3%)         
sequential                0.00e+00               0.00e+00               0.00e+00               0.00e+00    (  0.0%)         
combinational             9.00e+05               4.01e+06               1.48e+07               1.97e+07    ( 19.6%)         
-----------------------------------------------------------------------------------------------------------------------------
Total                     6.15e+07 pW            6.14e+06 pW            3.32e+07 pW            1.01e+08 pW
Mode: PowerSave
Corner: Slow
Scenario: PowerSave_Slow
Voltage: 0.72
Temperature: -40.00

Voltage Unit         : 1V
Capacitance Unit     : 1fF
Time Unit            : 1ns
Temperature Unit     : 1C
Dynamic Power Unit   : 1pW
Leakage Power Unit   : 1pW

Switched supply net power scaling:
scaling for leakage power

Supply nets:
VDD (power) probability 1.00 (default)
VSS (ground) probability 1.00 (default)

  Cell Internal Power    = 5.66e+06 pW ( 59.4%)
  Net Switching Power    = 3.86e+06 pW ( 40.6%)
Total Dynamic Power      = 9.52e+06 pW (100.0%)

Cell Leakage Power       = 1.70e+04 pW


  Attributes
  ----------
      u  -  User defined power group
      i  -  Includes clock pin internal power

Power Group         Internal Power        Switching Power          Leakage Power            Total Power    (   %  )    Attrs
-----------------------------------------------------------------------------------------------------------------------------
io_pad                    0.00e+00               0.00e+00               0.00e+00               0.00e+00    (  0.0%)         
memory                    0.00e+00               0.00e+00               0.00e+00               0.00e+00    (  0.0%)         
black_box                 0.00e+00               0.00e+00               0.00e+00               0.00e+00    (  0.0%)         
clock_network             4.12e+06               1.01e+06               2.50e+02               5.13e+06    ( 53.8%)        i
register                  9.09e+05               3.30e+05               1.05e+04               1.25e+06    ( 13.1%)         
sequential                0.00e+00               0.00e+00               0.00e+00               0.00e+00    (  0.0%)         
combinational             6.29e+05               2.52e+06               6.24e+03               3.16e+06    ( 33.1%)         
-----------------------------------------------------------------------------------------------------------------------------
Total                     5.66e+06 pW            3.86e+06 pW            1.70e+04 pW            9.54e+06 pW
Mode: PowerSave
Corner: Typical
Scenario: PowerSave_Typical
Voltage: 0.80
Temperature: 25.00

Voltage Unit         : 1V
Capacitance Unit     : 1fF
Time Unit            : 1ns
Temperature Unit     : 1C
Dynamic Power Unit   : 1pW
Leakage Power Unit   : 1pW

Switched supply net power scaling:
scaling for leakage power

Supply nets:
VDD (power) probability 1.00 (default)
VSS (ground) probability 1.00 (default)

  Cell Internal Power    = 1.41e+07 pW ( 73.9%)
  Net Switching Power    = 4.97e+06 pW ( 26.1%)
Total Dynamic Power      = 1.90e+07 pW (100.0%)

Cell Leakage Power       = 3.16e+05 pW


  Attributes
  ----------
      u  -  User defined power group
      i  -  Includes clock pin internal power

Power Group         Internal Power        Switching Power          Leakage Power            Total Power    (   %  )    Attrs
-----------------------------------------------------------------------------------------------------------------------------
io_pad                    0.00e+00               0.00e+00               0.00e+00               0.00e+00    (  0.0%)         
memory                    0.00e+00               0.00e+00               0.00e+00               0.00e+00    (  0.0%)         
black_box                 0.00e+00               0.00e+00               0.00e+00               0.00e+00    (  0.0%)         
clock_network             1.19e+07               1.32e+06               3.55e+03               1.33e+07    ( 68.5%)        i
register                  1.41e+06               4.10e+05               1.72e+05               1.99e+06    ( 10.3%)         
sequential                0.00e+00               0.00e+00               0.00e+00               0.00e+00    (  0.0%)         
combinational             7.19e+05               3.25e+06               1.41e+05               4.11e+06    ( 21.2%)         
-----------------------------------------------------------------------------------------------------------------------------
Total                     1.41e+07 pW            4.97e+06 pW            3.16e+05 pW            1.94e+07 pW
1
