****************************************
Report : timing
        -path_type full
        -delay_type max
        -max_paths 1
        -report_by design
Design : dut_toplevel
Version: V-2023.12
Date   : Sun Jun 29 17:33:38 2025
****************************************

  Startpoint: dut_fifo_INST/fifo_wptr_r_reg[0] (rising edge-triggered flip-flop clocked by clk)
  Endpoint: math_wrapper_INST/out_data_r_reg[34] (rising edge-triggered flip-flop clocked by clk)
  Mode: Normal
  Corner: Slow
  Scenario: Normal_Slow
  Path Group: clk
  Path Type: max

  Point                                            Incr      Path  
  ------------------------------------------------------------------------
  clock clk (rise edge)                            0.00      0.00
  clock network delay (ideal)                      0.00      0.00

  dut_fifo_INST/fifo_wptr_r_reg[0]/CK (SAEDRVT14_FSDPRBQ_V2_2)
                                                   0.00      0.00 r
  dut_fifo_INST/fifo_wptr_r_reg[0]/Q (SAEDRVT14_FSDPRBQ_V2_2)
                                                   0.13      0.13 r
  phfnr_buf_641/X (SAEDRVT14_INV_S_1)              0.01      0.14 f
  place_optctmTdsLR_1_667/X (SAEDRVT14_MUXI2_U_0P5)
                                                   0.01      0.15 r
  ctmi_2072/X (SAEDRVT14_OAI21_0P5)                0.02      0.17 f
  ctmi_2070/X (SAEDRVT14_AOI21_0P75)               0.02      0.19 r
  ctmi_2076/X (SAEDRVT14_ND2_CDC_0P5)              0.02      0.21 f
  ctmi_2081/X (SAEDRVT14_OAI21_2)                  0.02      0.23 r
  phfnr_buf_644/X (SAEDRVT14_INV_S_1)              0.01      0.24 f
  ctmi_2079/X (SAEDRVT14_NR2_MM_1)                 0.02      0.26 r
  ctmi_2096/X (SAEDRVT14_NR2_MM_1)                 0.02      0.28 f
  ctmi_2094/X (SAEDRVT14_OAI21_0P5)                0.02      0.29 r
  ctmi_333/X (SAEDRVT14_NR4_0P75)                  0.08      0.38 f
  phfnr_buf_646/X (SAEDRVT14_INV_S_1P5)            0.03      0.41 r
  ctmi_332/X (SAEDRVT14_AN2B_MM_4)                 0.04      0.45 r
  ctmi_341/X (SAEDRVT14_AOI222_1)                  0.08      0.53 f
  DP_OP_33_12155_941_J1/ctmi_2280/X (SAEDRVT14_NR2_MM_0P5)
                                                   0.03      0.56 r
  DP_OP_33_12155_941_J1/U_396/CO (SAEDRVT14_ADDH_0P5)
                                                   0.02      0.58 r
  DP_OP_33_12155_941_J1/U_398/S (SAEDRVT14_ADDF_V1_0P5)
                                                   0.06      0.64 f
  DP_OP_33_12155_941_J1/U_673/CO (SAEDRVT14_ADDF_V1_0P5)
                                                   0.04      0.68 f
  DP_OP_33_12155_941_J1/U_675/CO (SAEDRVT14_ADDF_V1_0P5)
                                                   0.03      0.71 f
  DP_OP_33_12155_941_J1/U_678/CO (SAEDRVT14_ADDF_V1_0P5)
                                                   0.04      0.75 f
  DP_OP_33_12155_941_J1/U_680/CO (SAEDRVT14_ADDF_V1_1)
                                                   0.03      0.78 f
  DP_OP_33_12155_941_J1/U_683/CO (SAEDRVT14_ADDF_V1_0P5)
                                                   0.03      0.81 f
  DP_OP_33_12155_941_J1/U_685/CO (SAEDRVT14_ADDF_V1_0P5)
                                                   0.03      0.84 f
  DP_OP_33_12155_941_J1/U_688/CO (SAEDRVT14_ADDF_V2_0P5)
                                                   0.02      0.87 f
  DP_OP_33_12155_941_J1/U_690/CO (SAEDRVT14_ADDF_V1_0P5)
                                                   0.03      0.90 f
  DP_OP_33_12155_941_J1/U_693/CO (SAEDRVT14_ADDF_V1_0P5)
                                                   0.03      0.94 f
  DP_OP_33_12155_941_J1/U_695/CO (SAEDRVT14_ADDF_V1_0P5)
                                                   0.04      0.97 f
  DP_OP_33_12155_941_J1/U_698/CO (SAEDRVT14_ADDF_V1_0P5)
                                                   0.04      1.01 f
  DP_OP_33_12155_941_J1/U_700/CO (SAEDRVT14_ADDF_V1_0P5)
                                                   0.04      1.05 f
  DP_OP_33_12155_941_J1/U_703/CO (SAEDRVT14_ADDF_V1_0P5)
                                                   0.04      1.09 f
  DP_OP_33_12155_941_J1/U_705/CO (SAEDRVT14_ADDF_V1_0P5)
                                                   0.04      1.12 f
  DP_OP_33_12155_941_J1/U_708/CO (SAEDRVT14_ADDF_V1_0P5)
                                                   0.04      1.16 f
  DP_OP_33_12155_941_J1/U_710/CO (SAEDRVT14_ADDF_V1_0P5)
                                                   0.04      1.20 f
  DP_OP_33_12155_941_J1/U_713/CO (SAEDRVT14_ADDF_V1_0P5)
                                                   0.05      1.25 f
  DP_OP_33_12155_941_J1/U_715/CO (SAEDRVT14_ADDF_V1_0P5)
                                                   0.04      1.29 f
  DP_OP_33_12155_941_J1/U_718/CO (SAEDRVT14_ADDF_V1_0P5)
                                                   0.04      1.33 f
  DP_OP_33_12155_941_J1/U_720/CO (SAEDRVT14_ADDF_V1_0P5)
                                                   0.05      1.38 f
  DP_OP_33_12155_941_J1/U_723/CO (SAEDRVT14_ADDF_V1_0P5)
                                                   0.05      1.43 f
  DP_OP_33_12155_941_J1/U_725/CO (SAEDRVT14_ADDF_V1_0P5)
                                                   0.05      1.48 f
  DP_OP_33_12155_941_J1/U_728/CO (SAEDRVT14_ADDF_V1_0P5)
                                                   0.05      1.52 f
  DP_OP_33_12155_941_J1/U_730/CO (SAEDRVT14_ADDF_V1_0P5)
                                                   0.05      1.57 f
  DP_OP_33_12155_941_J1/U_733/CO (SAEDRVT14_ADDF_V1_0P5)
                                                   0.04      1.61 f
  DP_OP_33_12155_941_J1/U_735/CO (SAEDRVT14_ADDF_V1_0P5)
                                                   0.03      1.64 f
  DP_OP_33_12155_941_J1/U_738/CO (SAEDRVT14_ADDF_V1_0P5)
                                                   0.03      1.68 f
  DP_OP_33_12155_941_J1/U_740/CO (SAEDRVT14_ADDF_V1_0P5)
                                                   0.03      1.71 f
  DP_OP_33_12155_941_J1/U_743/CO (SAEDRVT14_ADDF_V1_0P5)
                                                   0.03      1.75 f
  DP_OP_33_12155_941_J1/U_745/CO (SAEDRVT14_ADDF_V1_0P5)
                                                   0.03      1.78 f
  DP_OP_33_12155_941_J1/U_748/CO (SAEDRVT14_ADDF_V1_1)
                                                   0.03      1.81 f
  DP_OP_33_12155_941_J1/U_750/S (SAEDRVT14_ADDF_V1_0P5)
                                                   0.05      1.87 r
  math_wrapper_INST/out_data_r_reg[34]/D (SAEDRVT14_FSDPRBQ_V2_0P5)
                                                   0.00      1.87 r
  data arrival time                                          1.87

  clock clk (rise edge)                            2.10      2.10
  clock network delay (ideal)                      0.05      2.15
  math_wrapper_INST/out_data_r_reg[34]/CK (SAEDRVT14_FSDPRBQ_V2_0P5)
                                                   0.00      2.15 r
  clock uncertainty                               -0.40      1.75
  library setup time                               0.03      1.78
  data required time                                         1.78
  ------------------------------------------------------------------------
  data required time                                         1.78
  data arrival time                                         -1.87
  ------------------------------------------------------------------------
  slack (VIOLATED)                                          -0.08


1
