****************************************
Report : report_utilization
Design : dut_toplevel
Version: V-2023.12
Date   : Wed Jun 18 15:05:49 2025
****************************************
Utilization Ratio:			0.6713
Utilization options:
 - Area calculation based on:		site_row of block dut_toplevel/signoff
 - Categories of objects excluded:	hard_macros macro_keepouts soft_macros io_cells hard_blockages
Total Area:				1385.2800
Total Capacity Area:			1385.2800
Total Area of cells:			930.0024
Area of excluded objects:
 - hard_macros         :		0.0000
 - macro_keepouts      :		0.0000
 - soft_macros         :		0.0000
 - io_cells            :		0.0000
 - hard_blockages      :		0.0000
Total Area of excluded objects:		0.0000
Ratio of excluded objects:		0.0000

Utilization of site-rows with:
 - Site 'unit':				0.6713

0.6713
