****************************************
Report : timing
        -path_type full
        -delay_type max
        -max_paths 1
        -report_by design
Design : dut_toplevel
Version: V-2023.12
Date   : Wed Jun 18 15:05:54 2025
****************************************

  Startpoint: dut_fifo_INST/fifo_wptr_r_reg[0] (rising edge-triggered flip-flop clocked by clk)
  Endpoint: math_wrapper_INST/out_data_r_reg[35] (rising edge-triggered flip-flop clocked by clk)
  Mode: Normal
  Corner: Slow
  Scenario: Normal_Slow
  Path Group: clk
  Path Type: max

  Point                                            Incr      Path  
  ------------------------------------------------------------------------
  clock clk (rise edge)                            0.00      0.00
  clock network delay (propagated)                 0.03      0.03

  dut_fifo_INST/fifo_wptr_r_reg[0]/CK (SAEDRVT14_FSDPRBQ_V2_0P5)
                                                   0.00      0.03 r
  dut_fifo_INST/fifo_wptr_r_reg[0]/Q (SAEDRVT14_FSDPRBQ_V2_0P5)
                                                   0.04      0.07 f
  phfnr_buf_641/X (SAEDRVT14_INV_S_1)              0.02      0.09 r
  place_optctmTdsLR_1_667/X (SAEDRVT14_MUXI2_U_0P5)
                                                   0.02      0.11 f
  ctmi_2072/X (SAEDRVT14_OAI21_0P5)                0.01      0.12 r
  ctmi_2070/X (SAEDRVT14_AOI21_0P75)               0.01      0.14 f
  ctmi_2076/X (SAEDRVT14_ND2_CDC_1)                0.02      0.15 r
  ctmi_2081/X (SAEDRVT14_OAI21_1P5)                0.03      0.18 f
  phfnr_buf_644/X (SAEDRVT14_INV_S_1)              0.02      0.20 r
  ctmi_2079/X (SAEDRVT14_NR2_MM_1)                 0.01      0.21 f
  ctmi_2096/X (SAEDRVT14_NR2_1P5)                  0.01      0.22 r
  ctmi_2094/X (SAEDRVT14_OAI21_0P5)                0.02      0.25 f
  ctmi_333/X (SAEDRVT14_NR4_0P75)                  0.09      0.34 r
  phfnr_buf_646/X (SAEDRVT14_INV_S_0P5)            0.04      0.38 f
  ctmi_332/X (SAEDRVT14_AN2B_MM_4)                 0.04      0.42 f
  ctmi_357/X (SAEDRVT14_AOI222_0P5)                0.13      0.55 r
  DP_OP_33_12155_941_J1/ctmi_2337/X (SAEDRVT14_NR2_MM_0P5)
                                                   0.06      0.61 f
  place_optctmTdsLR_2_10649/X (SAEDRVT14_EO2_V1_0P75)
                                                   0.03      0.65 f
  DP_OP_33_12155_941_J1/U_428/S (SAEDRVT14_ADDF_V1_0P5)
                                                   0.06      0.71 r
  DP_OP_33_12155_941_J1/U_430/S (SAEDRVT14_ADDF_V1_0P5)
                                                   0.06      0.76 f
  DP_OP_33_12155_941_J1/U_431/S (SAEDRVT14_ADDF_V1_0P5)
                                                   0.06      0.82 r
  DP_OP_33_12155_941_J1/U_688/CO (SAEDRVT14_ADDF_V2_0P5)
                                                   0.04      0.86 r
  DP_OP_33_12155_941_J1/U_690/CO (SAEDRVT14_ADDF_V1_0P5)
                                                   0.03      0.89 r
  DP_OP_33_12155_941_J1/U_693/CO (SAEDRVT14_ADDF_V1_0P5)
                                                   0.03      0.92 r
  DP_OP_33_12155_941_J1/U_695/CO (SAEDRVT14_ADDF_V1_0P5)
                                                   0.04      0.96 r
  DP_OP_33_12155_941_J1/U_698/CO (SAEDRVT14_ADDF_V1_0P5)
                                                   0.05      1.01 r
  DP_OP_33_12155_941_J1/U_700/CO (SAEDRVT14_ADDF_V1_0P5)
                                                   0.04      1.05 r
  DP_OP_33_12155_941_J1/U_703/CO (SAEDRVT14_ADDF_V1_0P5)
                                                   0.04      1.09 r
  DP_OP_33_12155_941_J1/U_705/CO (SAEDRVT14_ADDF_V1_0P5)
                                                   0.03      1.12 r
  DP_OP_33_12155_941_J1/U_708/CO (SAEDRVT14_ADDF_V1_0P5)
                                                   0.04      1.16 r
  DP_OP_33_12155_941_J1/U_710/CO (SAEDRVT14_ADDF_V1_0P5)
                                                   0.04      1.20 r
  DP_OP_33_12155_941_J1/U_713/CO (SAEDRVT14_ADDF_V1_0P5)
                                                   0.04      1.24 r
  DP_OP_33_12155_941_J1/U_715/CO (SAEDRVT14_ADDF_V1_0P5)
                                                   0.04      1.28 r
  DP_OP_33_12155_941_J1/U_718/CO (SAEDRVT14_ADDF_V1_0P5)
                                                   0.03      1.31 r
  DP_OP_33_12155_941_J1/U_720/CO (SAEDRVT14_ADDF_V1_0P5)
                                                   0.05      1.36 r
  DP_OP_33_12155_941_J1/U_723/CO (SAEDRVT14_ADDF_V2_0P5)
                                                   0.03      1.39 r
  DP_OP_33_12155_941_J1/U_725/CO (SAEDRVT14_ADDF_V1_0P5)
                                                   0.03      1.43 r
  DP_OP_33_12155_941_J1/U_728/CO (SAEDRVT14_ADDF_V1_0P5)
                                                   0.03      1.46 r
  DP_OP_33_12155_941_J1/U_730/CO (SAEDRVT14_ADDF_V1_0P5)
                                                   0.03      1.49 r
  DP_OP_33_12155_941_J1/U_733/CO (SAEDRVT14_ADDF_V1_0P5)
                                                   0.03      1.52 r
  DP_OP_33_12155_941_J1/U_735/CO (SAEDRVT14_ADDF_V1_0P5)
                                                   0.03      1.55 r
  DP_OP_33_12155_941_J1/U_738/CO (SAEDRVT14_ADDF_V1_0P5)
                                                   0.03      1.58 r
  DP_OP_33_12155_941_J1/U_740/CO (SAEDRVT14_ADDF_V1_0P5)
                                                   0.03      1.62 r
  DP_OP_33_12155_941_J1/U_743/CO (SAEDRVT14_ADDF_V1_0P5)
                                                   0.03      1.65 r
  DP_OP_33_12155_941_J1/U_745/CO (SAEDRVT14_ADDF_V1_0P5)
                                                   0.03      1.68 r
  DP_OP_33_12155_941_J1/U_748/CO (SAEDRVT14_ADDF_V2_0P5)
                                                   0.02      1.71 r
  DP_OP_33_12155_941_J1/U_750/CO (SAEDRVT14_ADDF_V2_0P5)
                                                   0.02      1.73 r
  math_wrapper_INST/out_data_r_reg[35]/D (SAEDRVT14_FSDPRBQ_V2_0P5)
                                                   0.00      1.73 r
  data arrival time                                          1.73

  clock clk (rise edge)                            2.10      2.10
  clock network delay (propagated)                 0.03      2.13
  math_wrapper_INST/out_data_r_reg[35]/CK (SAEDRVT14_FSDPRBQ_V2_0P5)
                                                   0.00      2.13 r
  clock uncertainty                               -0.40      1.73
  library setup time                              -0.02      1.71
  data required time                                         1.71
  ------------------------------------------------------------------------
  data required time                                         1.71
  data arrival time                                         -1.73
  ------------------------------------------------------------------------
  slack (VIOLATED)                                          -0.02


1
