****************************************
Report : qor
Design : dut_toplevel
Version: V-2023.12
Date   : Wed Jun 18 15:05:54 2025
****************************************


Scenario           'Normal_Fast'
Timing Path Group  'clk'
----------------------------------------
Levels of Logic:                     49
Critical Path Length:              0.94
Critical Path Slack:               0.74
Critical Path Clk Period:          2.10
Total Negative Slack:              0.00
No. of Violating Paths:               0
Worst Hold Violation:              0.00
Total Hold Violation:              0.00
No. of Hold Violations:               0
----------------------------------------

Scenario           'Normal_Slow'
Timing Path Group  'clk'
----------------------------------------
Levels of Logic:                     45
Critical Path Length:              1.70
Critical Path Slack:              -0.02
Critical Path Clk Period:          2.10
Total Negative Slack:             -0.03
No. of Violating Paths:               2
Worst Hold Violation:             -0.00
Total Hold Violation:             -0.00
No. of Hold Violations:               1
----------------------------------------

Scenario           'Normal_Typical'
Timing Path Group  'clk'
----------------------------------------
Levels of Logic:                     45
Critical Path Length:              1.24
Critical Path Slack:               0.45
Critical Path Clk Period:          2.10
Total Negative Slack:              0.00
No. of Violating Paths:               0
Worst Hold Violation:             -0.00
Total Hold Violation:             -0.00
No. of Hold Violations:               4
----------------------------------------

Scenario           'PowerSave_Fast'
Timing Path Group  'clk'
----------------------------------------
Levels of Logic:                     49
Critical Path Length:              0.94
Critical Path Slack:               8.14
Critical Path Clk Period:         10.00
Total Negative Slack:              0.00
No. of Violating Paths:               0
Worst Hold Violation:              0.00
Total Hold Violation:              0.00
No. of Hold Violations:               0
----------------------------------------

Scenario           'PowerSave_Slow'
Timing Path Group  'clk'
----------------------------------------
Levels of Logic:                     45
Critical Path Length:              1.70
Critical Path Slack:               7.38
Critical Path Clk Period:         10.00
Total Negative Slack:              0.00
No. of Violating Paths:               0
Worst Hold Violation:             -0.00
Total Hold Violation:             -0.00
No. of Hold Violations:               1
----------------------------------------

Scenario           'PowerSave_Typical'
Timing Path Group  'clk'
----------------------------------------
Levels of Logic:                     45
Critical Path Length:              1.24
Critical Path Slack:               7.85
Critical Path Clk Period:         10.00
Total Negative Slack:              0.00
No. of Violating Paths:               0
Worst Hold Violation:             -0.00
Total Hold Violation:             -0.00
No. of Hold Violations:               4
----------------------------------------


Cell Count
----------------------------------------
Hierarchical Cell Count:              0
Hierarchical Port Count:              0
Leaf Cell Count:                   1252
Buf/Inv Cell Count:                  60
Buf Cell Count:                      37
Inv Cell Count:                      23
Combinational Cell Count:           913
   Single-bit Isolation Cell Count:                        0
   Multi-bit Isolation Cell Count:                         0
   Isolation Cell Banking Ratio:                           0.00%
   Single-bit Level Shifter Cell Count:                    0
   Multi-bit Level Shifter Cell Count:                     0
   Level Shifter Cell Banking Ratio:                       0.00%
   Single-bit ELS Cell Count:                              0
   Multi-bit ELS Cell Count:                               0
   ELS Cell Banking Ratio:                                 0.00%
Sequential Cell Count:              339
   Integrated Clock-Gating Cell Count:                     11
   Sequential Macro Cell Count:                            0
   Single-bit Sequential Cell Count:                       328
   Multi-bit Sequential Cell Count:                        0
   Sequential Cell Banking Ratio:                          0.00%
   BitsPerflop:                                            1.00
Macro Count:                          0
----------------------------------------


Area
----------------------------------------
Combinational Area:              498.57
Noncombinational Area:           431.43
Buf/Inv Area:                     16.69
Total Buffer Area:                12.61
Total Inverter Area:               4.08
Macro/Black Box Area:              0.00
Net Area:                             0
Net XLength:                    6461.51
Net YLength:                    5341.25
----------------------------------------
Cell Area (netlist):                            930.00
Cell Area (netlist and physical only):         1385.28
Net Length:                    11802.76


Design Rules
----------------------------------------
Total Number of Nets:              1676
Nets with Violations:                 0
Max Trans Violations:                 0
Max Cap Violations:                   0
----------------------------------------

1
