****************************************
Report : timing
        -path_type full
        -delay_type min
        -max_paths 1
        -report_by design
Design : dut_toplevel
Version: V-2023.12
Date   : Wed Jun 18 15:05:54 2025
****************************************

  Startpoint: math_wrapper_INST/out_data_r_reg[19] (rising edge-triggered flip-flop clocked by clk)
  Endpoint: dut_fifo_INST/fifo_data_r_reg[3][22] (rising edge-triggered flip-flop clocked by clk)
  Mode: PowerSave
  Corner: Typical
  Scenario: PowerSave_Typical
  Path Group: clk
  Path Type: min

  Point                                            Incr      Path  
  ------------------------------------------------------------------------
  clock clk (rise edge)                            0.00      0.00
  clock network delay (propagated)                 0.02      0.02

  math_wrapper_INST/out_data_r_reg[19]/CK (SAEDRVT14_FSDPRBQ_V2_0P5)
                                                   0.00      0.02 r
  math_wrapper_INST/out_data_r_reg[19]/Q (SAEDRVT14_FSDPRBQ_V2_0P5)
                                                   0.04      0.06 f
  dut_fifo_INST/fifo_data_r_reg[3][22]/D (SAEDRVT14_FSDPRBQ_V2_0P5)
                                                   0.00      0.06 f
  data arrival time                                          0.06

  clock clk (rise edge)                            0.00      0.00
  clock network delay (propagated)                 0.06      0.06
  dut_fifo_INST/fifo_data_r_reg[3][22]/CK (SAEDRVT14_FSDPRBQ_V2_0P5)
                                                   0.00      0.06 r
  library hold time                                0.01      0.06
  data required time                                         0.06
  ------------------------------------------------------------------------
  data required time                                         0.06
  data arrival time                                         -0.06
  ------------------------------------------------------------------------
  slack (VIOLATED)                                          -0.00


1
