Information: Corner Typical: no PVT mismatches. (PVT-032)
Information: Corner Slow: no PVT mismatches. (PVT-032)
Information: Corner Fast: no PVT mismatches. (PVT-032)
****************************************
Report : power
        -significant_digits 2
Design : dut_toplevel
Version: V-2023.12
Date   : Wed Jun 18 11:05:29 2025
****************************************
Information: Activity propagation will be performed for scenario PowerSave_Fast.
Information: Activity propagation will be performed for scenario Normal_Typical.
Information: Doing activity propagation for mode 'PowerSave' and corner 'Fast' with effort level 'medium'. (POW-024)
Information: Timer-derived activity data is cached on scenario PowerSave_Fast (POW-052)
Infomation: Fast mode activity propagation power.rtl_activity_annotation setup is ignored. Always use accurate mode.
Information: Running switching activity propagation with 12 threads!

 **** Information : No. of simulation cycles = 6 ****
Information: Doing activity propagation for mode 'Normal' and corner 'Typical' with effort level 'medium'. (POW-024)
Information: Timer-derived activity data is cached on scenario Normal_Typical (POW-052)
Infomation: Fast mode activity propagation power.rtl_activity_annotation setup is ignored. Always use accurate mode.
Information: Running switching activity propagation with 12 threads!

 **** Information : No. of simulation cycles = 6 ****
Information: Propagated activity on scenario PowerSave_Typical identical to that on PowerSave_Fast (POW-006)
Information: Propagated activity on scenario PowerSave_Slow identical to that on PowerSave_Fast (POW-006)
Information: Propagated activity on scenario Normal_Slow identical to that on Normal_Typical (POW-006)
Information: Propagated activity on scenario Normal_Fast identical to that on Normal_Slow (POW-006)
Information: The stitching and editing of coupling caps is turned OFF for design 'dut_toplevel.dlib:dut_toplevel/auto_floorplan.design'. (TIM-125)
Information: Design Average RC for design dut_toplevel  (NEX-011)
Information: r = 2.045109 ohm/um, via_r = 1.176629 ohm/cut, c = 0.126225 ff/um, cc = 0.000000 ff/um (X dir) (NEX-017)
Information: r = 2.637914 ohm/um, via_r = 0.898358 ohm/cut, c = 0.114448 ff/um, cc = 0.000000 ff/um (Y dir) (NEX-017)
Information: The RC mode used is VR for design 'dut_toplevel'. (NEX-022)
Information: Update timing completed net estimation for all the timing graph nets (TIM-111)
Information: Net estimation statistics: timing graph nets = 1607, routed nets = 0, across physical hierarchy nets = 0, parasitics cached nets = 1607, delay annotated nets = 0, parasitics annotated nets = 0, multi-voltage nets = 0. (TIM-112)
************************************************************
Timer Settings:
Delay Calculation Style:                   auto
Signal Integrity Analysis:                 disabled
Timing Window Analysis:                    disabled
Advanced Waveform Propagation:             disabled
Variation Type:                            fixed_derate
Clock Reconvergence Pessimism Removal:     disabled
Advanced Receiver Model:                   disabled
LLE:                                       disabled
ML Acceleration:                           off
************************************************************
Mode: Normal
Corner: Fast
Scenario: Normal_Fast
Voltage: 0.88
Temperature: 125.00

Voltage Unit         : 1V
Capacitance Unit     : 1fF
Time Unit            : 1ns
Temperature Unit     : 1C
Dynamic Power Unit   : 1pW
Leakage Power Unit   : 1pW

Switched supply net power scaling:
scaling for leakage power

Supply nets:
VDD (power) probability 1.00 (default)
VSS (ground) probability 1.00 (default)
Warning: Power table extrapolation (extrapolation mode) for port D on cell dut_input_channel_control_2_INST/in_data_arb_r_reg[11] for parameter Tinp. Lowest table value = 0.003000, highest table value = 0.133000, value = 0.000019 (POW-046)
Warning: Power table extrapolation (extrapolation mode) for port CK on cell dut_input_channel_control_2_INST/in_data_arb_r_reg[11] for parameter Tinp. Lowest table value = 0.003000, highest table value = 0.133000, value = 0.300000 (POW-046)
Warning: Power table extrapolation (extrapolation mode) for port Q on cell dut_input_channel_control_2_INST/in_data_arb_r_reg[11] for parameter Tinp. Lowest table value = 0.003000, highest table value = 0.133000, value = 0.300000 (POW-046)
Warning: Power table extrapolation (extrapolation mode) for port CK on cell math_wrapper_INST/out_data_r_reg[15] for parameter Tinp. Lowest table value = 0.003000, highest table value = 0.133000, value = 0.300000 (POW-046)
Warning: Power table extrapolation (extrapolation mode) for port D on cell dut_input_channel_control_2_INST/in_data_arb_r_reg[10] for parameter Tinp. Lowest table value = 0.003000, highest table value = 0.133000, value = 0.000134 (POW-046)
Warning: Power table extrapolation (extrapolation mode) for port CK on cell dut_input_channel_control_1_INST/in_data_last_arb_r_reg for parameter Tinp. Lowest table value = 0.003000, highest table value = 0.133000, value = 0.300000 (POW-046)
Warning: Power table extrapolation (extrapolation mode) for port CK on cell dut_fifo_INST/fifo_data_r_reg[2][13] for parameter Tinp. Lowest table value = 0.003000, highest table value = 0.133000, value = 0.300000 (POW-046)
Warning: Power table extrapolation (extrapolation mode) for port CK on cell dut_input_channel_control_1_INST/in_valid_arb_r_reg for parameter Tinp. Lowest table value = 0.003000, highest table value = 0.133000, value = 0.300000 (POW-046)
Warning: Power table extrapolation (extrapolation mode) for port CK on cell dut_fifo_INST/fifo_data_r_reg[1][16] for parameter Tinp. Lowest table value = 0.003000, highest table value = 0.133000, value = 0.300000 (POW-046)
Warning: Power table extrapolation (extrapolation mode) for port Q on cell dut_input_channel_control_1_INST/in_valid_arb_r_reg for parameter Tinp. Lowest table value = 0.003000, highest table value = 0.133000, value = 0.300000 (POW-046)

  Cell Internal Power    = 1.38e+08 pW ( 84.3%)
  Net Switching Power    = 2.57e+07 pW ( 15.7%)
Total Dynamic Power      = 1.63e+08 pW (100.0%)

Cell Leakage Power       = 3.39e+07 pW


  Attributes
  ----------
      u  -  User defined power group
      i  -  Includes clock pin internal power

Power Group         Internal Power        Switching Power          Leakage Power            Total Power    (   %  )    Attrs
-----------------------------------------------------------------------------------------------------------------------------
io_pad                    0.00e+00               0.00e+00               0.00e+00               0.00e+00    (  0.0%)         
memory                    0.00e+00               0.00e+00               0.00e+00               0.00e+00    (  0.0%)         
black_box                 0.00e+00               0.00e+00               0.00e+00               0.00e+00    (  0.0%)         
clock_network             1.22e+08               9.93e+06               3.92e+05               1.33e+08    ( 67.2%)        i
register                  1.11e+07               2.66e+06               1.85e+07               3.23e+07    ( 16.4%)         
sequential                0.00e+00               0.00e+00               0.00e+00               0.00e+00    (  0.0%)         
combinational             4.19e+06               1.31e+07               1.51e+07               3.23e+07    ( 16.4%)         
-----------------------------------------------------------------------------------------------------------------------------
Total                     1.38e+08 pW            2.57e+07 pW            3.39e+07 pW            1.97e+08 pW
Mode: Normal
Corner: Slow
Scenario: Normal_Slow
Voltage: 0.72
Temperature: -40.00

Voltage Unit         : 1V
Capacitance Unit     : 1fF
Time Unit            : 1ns
Temperature Unit     : 1C
Dynamic Power Unit   : 1pW
Leakage Power Unit   : 1pW

Switched supply net power scaling:
scaling for leakage power

Supply nets:
VDD (power) probability 1.00 (default)
VSS (ground) probability 1.00 (default)

  Cell Internal Power    = 2.79e+07 pW ( 62.9%)
  Net Switching Power    = 1.64e+07 pW ( 37.1%)
Total Dynamic Power      = 4.43e+07 pW (100.0%)

Cell Leakage Power       = 1.75e+04 pW


  Attributes
  ----------
      u  -  User defined power group
      i  -  Includes clock pin internal power

Power Group         Internal Power        Switching Power          Leakage Power            Total Power    (   %  )    Attrs
-----------------------------------------------------------------------------------------------------------------------------
io_pad                    0.00e+00               0.00e+00               0.00e+00               0.00e+00    (  0.0%)         
memory                    0.00e+00               0.00e+00               0.00e+00               0.00e+00    (  0.0%)         
black_box                 0.00e+00               0.00e+00               0.00e+00               0.00e+00    (  0.0%)         
clock_network             2.05e+07               6.39e+06               2.50e+02               2.68e+07    ( 60.6%)        i
register                  4.42e+06               1.86e+06               1.09e+04               6.29e+06    ( 14.2%)         
sequential                0.00e+00               0.00e+00               0.00e+00               0.00e+00    (  0.0%)         
combinational             2.99e+06               8.20e+06               6.30e+03               1.12e+07    ( 25.3%)         
-----------------------------------------------------------------------------------------------------------------------------
Total                     2.79e+07 pW            1.64e+07 pW            1.75e+04 pW            4.43e+07 pW
Mode: Normal
Corner: Typical
Scenario: Normal_Typical
Voltage: 0.80
Temperature: 25.00

Voltage Unit         : 1V
Capacitance Unit     : 1fF
Time Unit            : 1ns
Temperature Unit     : 1C
Dynamic Power Unit   : 1pW
Leakage Power Unit   : 1pW

Switched supply net power scaling:
scaling for leakage power

Supply nets:
VDD (power) probability 1.00 (default)
VSS (ground) probability 1.00 (default)

  Cell Internal Power    = 4.78e+07 pW ( 69.4%)
  Net Switching Power    = 2.10e+07 pW ( 30.6%)
Total Dynamic Power      = 6.88e+07 pW (100.0%)

Cell Leakage Power       = 3.23e+05 pW


  Attributes
  ----------
      u  -  User defined power group
      i  -  Includes clock pin internal power

Power Group         Internal Power        Switching Power          Leakage Power            Total Power    (   %  )    Attrs
-----------------------------------------------------------------------------------------------------------------------------
io_pad                    0.00e+00               0.00e+00               0.00e+00               0.00e+00    (  0.0%)         
memory                    0.00e+00               0.00e+00               0.00e+00               0.00e+00    (  0.0%)         
black_box                 0.00e+00               0.00e+00               0.00e+00               0.00e+00    (  0.0%)         
clock_network             3.81e+07               8.14e+06               3.55e+03               4.62e+07    ( 66.9%)        i
register                  6.27e+06               2.29e+06               1.77e+05               8.74e+06    ( 12.6%)         
sequential                0.00e+00               0.00e+00               0.00e+00               0.00e+00    (  0.0%)         
combinational             3.42e+06               1.06e+07               1.43e+05               1.42e+07    ( 20.5%)         
-----------------------------------------------------------------------------------------------------------------------------
Total                     4.78e+07 pW            2.10e+07 pW            3.23e+05 pW            6.91e+07 pW
Mode: PowerSave
Corner: Fast
Scenario: PowerSave_Fast
Voltage: 0.88
Temperature: 125.00

Voltage Unit         : 1V
Capacitance Unit     : 1fF
Time Unit            : 1ns
Temperature Unit     : 1C
Dynamic Power Unit   : 1pW
Leakage Power Unit   : 1pW

Switched supply net power scaling:
scaling for leakage power

Supply nets:
VDD (power) probability 1.00 (default)
VSS (ground) probability 1.00 (default)

  Cell Internal Power    = 6.15e+07 pW ( 91.9%)
  Net Switching Power    = 5.39e+06 pW (  8.1%)
Total Dynamic Power      = 6.69e+07 pW (100.0%)

Cell Leakage Power       = 3.39e+07 pW


  Attributes
  ----------
      u  -  User defined power group
      i  -  Includes clock pin internal power

Power Group         Internal Power        Switching Power          Leakage Power            Total Power    (   %  )    Attrs
-----------------------------------------------------------------------------------------------------------------------------
io_pad                    0.00e+00               0.00e+00               0.00e+00               0.00e+00    (  0.0%)         
memory                    0.00e+00               0.00e+00               0.00e+00               0.00e+00    (  0.0%)         
black_box                 0.00e+00               0.00e+00               0.00e+00               0.00e+00    (  0.0%)         
clock_network             5.76e+07               2.08e+06               3.92e+05               6.00e+07    ( 59.6%)        i
register                  3.04e+06               5.59e+05               1.85e+07               2.21e+07    ( 21.9%)         
sequential                0.00e+00               0.00e+00               0.00e+00               0.00e+00    (  0.0%)         
combinational             8.79e+05               2.74e+06               1.51e+07               1.87e+07    ( 18.5%)         
-----------------------------------------------------------------------------------------------------------------------------
Total                     6.15e+07 pW            5.39e+06 pW            3.39e+07 pW            1.01e+08 pW
Mode: PowerSave
Corner: Slow
Scenario: PowerSave_Slow
Voltage: 0.72
Temperature: -40.00

Voltage Unit         : 1V
Capacitance Unit     : 1fF
Time Unit            : 1ns
Temperature Unit     : 1C
Dynamic Power Unit   : 1pW
Leakage Power Unit   : 1pW

Switched supply net power scaling:
scaling for leakage power

Supply nets:
VDD (power) probability 1.00 (default)
VSS (ground) probability 1.00 (default)

  Cell Internal Power    = 5.69e+06 pW ( 62.2%)
  Net Switching Power    = 3.45e+06 pW ( 37.8%)
Total Dynamic Power      = 9.14e+06 pW (100.0%)

Cell Leakage Power       = 1.75e+04 pW


  Attributes
  ----------
      u  -  User defined power group
      i  -  Includes clock pin internal power

Power Group         Internal Power        Switching Power          Leakage Power            Total Power    (   %  )    Attrs
-----------------------------------------------------------------------------------------------------------------------------
io_pad                    0.00e+00               0.00e+00               0.00e+00               0.00e+00    (  0.0%)         
memory                    0.00e+00               0.00e+00               0.00e+00               0.00e+00    (  0.0%)         
black_box                 0.00e+00               0.00e+00               0.00e+00               0.00e+00    (  0.0%)         
clock_network             4.13e+06               1.34e+06               2.50e+02               5.47e+06    ( 59.8%)        i
register                  9.29e+05               3.90e+05               1.09e+04               1.33e+06    ( 14.5%)         
sequential                0.00e+00               0.00e+00               0.00e+00               0.00e+00    (  0.0%)         
combinational             6.28e+05               1.72e+06               6.30e+03               2.36e+06    ( 25.7%)         
-----------------------------------------------------------------------------------------------------------------------------
Total                     5.69e+06 pW            3.45e+06 pW            1.75e+04 pW            9.16e+06 pW
Mode: PowerSave
Corner: Typical
Scenario: PowerSave_Typical
Voltage: 0.80
Temperature: 25.00

Voltage Unit         : 1V
Capacitance Unit     : 1fF
Time Unit            : 1ns
Temperature Unit     : 1C
Dynamic Power Unit   : 1pW
Leakage Power Unit   : 1pW

Switched supply net power scaling:
scaling for leakage power

Supply nets:
VDD (power) probability 1.00 (default)
VSS (ground) probability 1.00 (default)

  Cell Internal Power    = 1.41e+07 pW ( 76.1%)
  Net Switching Power    = 4.42e+06 pW ( 23.9%)
Total Dynamic Power      = 1.85e+07 pW (100.0%)

Cell Leakage Power       = 3.23e+05 pW


  Attributes
  ----------
      u  -  User defined power group
      i  -  Includes clock pin internal power

Power Group         Internal Power        Switching Power          Leakage Power            Total Power    (   %  )    Attrs
-----------------------------------------------------------------------------------------------------------------------------
io_pad                    0.00e+00               0.00e+00               0.00e+00               0.00e+00    (  0.0%)         
memory                    0.00e+00               0.00e+00               0.00e+00               0.00e+00    (  0.0%)         
black_box                 0.00e+00               0.00e+00               0.00e+00               0.00e+00    (  0.0%)         
clock_network             1.20e+07               1.71e+06               3.55e+03               1.37e+07    ( 72.5%)        i
register                  1.43e+06               4.82e+05               1.77e+05               2.09e+06    ( 11.1%)         
sequential                0.00e+00               0.00e+00               0.00e+00               0.00e+00    (  0.0%)         
combinational             7.19e+05               2.22e+06               1.43e+05               3.09e+06    ( 16.4%)         
-----------------------------------------------------------------------------------------------------------------------------
Total                     1.41e+07 pW            4.42e+06 pW            3.23e+05 pW            1.88e+07 pW
1
