****************************************
Report : power
        -significant_digits 2
Design : dut_toplevel
Version: V-2023.12
Date   : Wed Jun 18 13:03:13 2025
****************************************
Information: Activity propagation will be performed for scenario Normal_Fast.
Information: Activity propagation will be performed for scenario PowerSave_Fast.
Information: Doing activity propagation for mode 'Normal' and corner 'Fast' with effort level 'medium'. (POW-024)
Information: Timer-derived activity data is cached on scenario Normal_Fast (POW-052)
Infomation: Fast mode activity propagation power.rtl_activity_annotation setup is ignored. Always use accurate mode.
Information: Running switching activity propagation with 12 threads!

 **** Information : No. of simulation cycles = 6 ****
Information: Doing activity propagation for mode 'PowerSave' and corner 'Fast' with effort level 'medium'. (POW-024)
Information: Timer-derived activity data is cached on scenario PowerSave_Fast (POW-052)
Infomation: Fast mode activity propagation power.rtl_activity_annotation setup is ignored. Always use accurate mode.
Information: Running switching activity propagation with 12 threads!

 **** Information : No. of simulation cycles = 6 ****
Information: Propagated activity on scenario Normal_Slow identical to that on Normal_Fast (POW-006)
Information: Propagated activity on scenario PowerSave_Slow identical to that on PowerSave_Fast (POW-006)
Information: Propagated activity on scenario Normal_Typical identical to that on Normal_Fast (POW-006)
Information: Propagated activity on scenario PowerSave_Typical identical to that on PowerSave_Fast (POW-006)
Information: The stitching and editing of coupling caps is turned OFF for design 'dut_toplevel.dlib:dut_toplevel/placement_and_optimization.design'. (TIM-125)
Information: The RC mode used is RDE for design 'dut_toplevel'. (NEX-022)
Information: Design Average RC for design dut_toplevel  (NEX-011)
Information: r = 2.057309 ohm/um, via_r = 1.199439 ohm/cut, c = 0.130596 ff/um, cc = 0.000000 ff/um (X dir) (NEX-017)
Information: r = 2.669338 ohm/um, via_r = 0.909198 ohm/cut, c = 0.123528 ff/um, cc = 0.000000 ff/um (Y dir) (NEX-017)
Information: Update timing completed net estimation for all the timing graph nets (TIM-111)
Information: Net estimation statistics: timing graph nets = 1646, routed nets = 0, across physical hierarchy nets = 0, parasitics cached nets = 1646, delay annotated nets = 0, parasitics annotated nets = 0, multi-voltage nets = 0. (TIM-112)
Mode: Normal
Corner: Fast
Scenario: Normal_Fast
Voltage: 0.88
Temperature: 125.00

Voltage Unit         : 1V
Capacitance Unit     : 1fF
Time Unit            : 1ns
Temperature Unit     : 1C
Dynamic Power Unit   : 1pW
Leakage Power Unit   : 1pW

Switched supply net power scaling:
scaling for leakage power

Supply nets:
VDD (power) probability 1.00 (default)
VSS (ground) probability 1.00 (default)
Warning: Power table extrapolation (extrapolation mode) for port D on cell dut_input_channel_control_0_INST/in_data_arb_r_reg[18] for parameter Tinp. Lowest table value = 0.003000, highest table value = 0.133000, value = 0.000019 (POW-046)
Warning: Power table extrapolation (extrapolation mode) for port CK on cell dut_input_channel_control_1_INST/in_valid_arb_r_reg for parameter Tinp. Lowest table value = 0.003000, highest table value = 0.133000, value = 0.300000 (POW-046)
Warning: Power table extrapolation (extrapolation mode) for port D on cell dut_input_channel_control_2_INST/in_data_arb_r_reg[1] for parameter Tinp. Lowest table value = 0.003000, highest table value = 0.133000, value = 0.000153 (POW-046)
Warning: Power table extrapolation (extrapolation mode) for port Q on cell dut_input_channel_control_1_INST/in_valid_arb_r_reg for parameter Tinp. Lowest table value = 0.003000, highest table value = 0.133000, value = 0.300000 (POW-046)
Warning: Power table extrapolation (extrapolation mode) for port CK on cell math_wrapper_INST/unconsumed_data_r_reg for parameter Tinp. Lowest table value = 0.003000, highest table value = 0.133000, value = 0.300000 (POW-046)
Warning: Power table extrapolation (extrapolation mode) for port CK on cell dut_input_channel_control_0_INST/in_data_arb_r_reg[18] for parameter Tinp. Lowest table value = 0.003000, highest table value = 0.133000, value = 0.300000 (POW-046)
Warning: Power table extrapolation (extrapolation mode) for port Q on cell math_wrapper_INST/unconsumed_data_r_reg for parameter Tinp. Lowest table value = 0.003000, highest table value = 0.133000, value = 0.300000 (POW-046)
Warning: Power table extrapolation (extrapolation mode) for port Q on cell dut_input_channel_control_0_INST/in_data_arb_r_reg[18] for parameter Tinp. Lowest table value = 0.003000, highest table value = 0.133000, value = 0.300000 (POW-046)
Warning: Power table extrapolation (extrapolation mode) for port D on cell dut_input_channel_control_0_INST/in_data_arb_r_reg[17] for parameter Tinp. Lowest table value = 0.003000, highest table value = 0.133000, value = 0.000019 (POW-046)
Warning: Power table extrapolation (extrapolation mode) for port CK on cell dut_input_channel_control_0_INST/in_data_arb_r_reg[17] for parameter Tinp. Lowest table value = 0.003000, highest table value = 0.133000, value = 0.300000 (POW-046)

  Cell Internal Power    = 1.38e+08 pW ( 82.9%)
  Net Switching Power    = 2.83e+07 pW ( 17.1%)
Total Dynamic Power      = 1.66e+08 pW (100.0%)

Cell Leakage Power       = 3.32e+07 pW


  Attributes
  ----------
      u  -  User defined power group
      i  -  Includes clock pin internal power

Power Group         Internal Power        Switching Power          Leakage Power            Total Power    (   %  )    Attrs
-----------------------------------------------------------------------------------------------------------------------------
io_pad                    0.00e+00               0.00e+00               0.00e+00               0.00e+00    (  0.0%)         
memory                    0.00e+00               0.00e+00               0.00e+00               0.00e+00    (  0.0%)         
black_box                 0.00e+00               0.00e+00               0.00e+00               0.00e+00    (  0.0%)         
clock_network             1.22e+08               7.70e+06               3.92e+05               1.30e+08    ( 65.4%)        i
register                  1.12e+07               2.27e+06               1.80e+07               3.14e+07    ( 15.8%)         
sequential                0.00e+00               0.00e+00               0.00e+00               0.00e+00    (  0.0%)         
combinational             4.27e+06               1.84e+07               1.48e+07               3.75e+07    ( 18.8%)         
-----------------------------------------------------------------------------------------------------------------------------
Total                     1.38e+08 pW            2.83e+07 pW            3.32e+07 pW            1.99e+08 pW
Mode: Normal
Corner: Slow
Scenario: Normal_Slow
Voltage: 0.72
Temperature: -40.00

Voltage Unit         : 1V
Capacitance Unit     : 1fF
Time Unit            : 1ns
Temperature Unit     : 1C
Dynamic Power Unit   : 1pW
Leakage Power Unit   : 1pW

Switched supply net power scaling:
scaling for leakage power

Supply nets:
VDD (power) probability 1.00 (default)
VSS (ground) probability 1.00 (default)

  Cell Internal Power    = 2.77e+07 pW ( 61.0%)
  Net Switching Power    = 1.77e+07 pW ( 39.0%)
Total Dynamic Power      = 4.55e+07 pW (100.0%)

Cell Leakage Power       = 1.70e+04 pW


  Attributes
  ----------
      u  -  User defined power group
      i  -  Includes clock pin internal power

Power Group         Internal Power        Switching Power          Leakage Power            Total Power    (   %  )    Attrs
-----------------------------------------------------------------------------------------------------------------------------
io_pad                    0.00e+00               0.00e+00               0.00e+00               0.00e+00    (  0.0%)         
memory                    0.00e+00               0.00e+00               0.00e+00               0.00e+00    (  0.0%)         
black_box                 0.00e+00               0.00e+00               0.00e+00               0.00e+00    (  0.0%)         
clock_network             2.04e+07               4.71e+06               2.50e+02               2.51e+07    ( 55.2%)        i
register                  4.33e+06               1.57e+06               1.05e+04               5.91e+06    ( 13.0%)         
sequential                0.00e+00               0.00e+00               0.00e+00               0.00e+00    (  0.0%)         
combinational             2.99e+06               1.14e+07               6.24e+03               1.44e+07    ( 31.8%)         
-----------------------------------------------------------------------------------------------------------------------------
Total                     2.77e+07 pW            1.77e+07 pW            1.70e+04 pW            4.55e+07 pW
Mode: Normal
Corner: Typical
Scenario: Normal_Typical
Voltage: 0.80
Temperature: 25.00

Voltage Unit         : 1V
Capacitance Unit     : 1fF
Time Unit            : 1ns
Temperature Unit     : 1C
Dynamic Power Unit   : 1pW
Leakage Power Unit   : 1pW

Switched supply net power scaling:
scaling for leakage power

Supply nets:
VDD (power) probability 1.00 (default)
VSS (ground) probability 1.00 (default)

  Cell Internal Power    = 4.76e+07 pW ( 67.5%)
  Net Switching Power    = 2.29e+07 pW ( 32.5%)
Total Dynamic Power      = 7.05e+07 pW (100.0%)

Cell Leakage Power       = 3.16e+05 pW


  Attributes
  ----------
      u  -  User defined power group
      i  -  Includes clock pin internal power

Power Group         Internal Power        Switching Power          Leakage Power            Total Power    (   %  )    Attrs
-----------------------------------------------------------------------------------------------------------------------------
io_pad                    0.00e+00               0.00e+00               0.00e+00               0.00e+00    (  0.0%)         
memory                    0.00e+00               0.00e+00               0.00e+00               0.00e+00    (  0.0%)         
black_box                 0.00e+00               0.00e+00               0.00e+00               0.00e+00    (  0.0%)         
clock_network             3.80e+07               6.14e+06               3.55e+03               4.42e+07    ( 62.4%)        i
register                  6.18e+06               1.95e+06               1.72e+05               8.31e+06    ( 11.7%)         
sequential                0.00e+00               0.00e+00               0.00e+00               0.00e+00    (  0.0%)         
combinational             3.42e+06               1.48e+07               1.41e+05               1.84e+07    ( 25.9%)         
-----------------------------------------------------------------------------------------------------------------------------
Total                     4.76e+07 pW            2.29e+07 pW            3.16e+05 pW            7.08e+07 pW
Mode: PowerSave
Corner: Fast
Scenario: PowerSave_Fast
Voltage: 0.88
Temperature: 125.00

Voltage Unit         : 1V
Capacitance Unit     : 1fF
Time Unit            : 1ns
Temperature Unit     : 1C
Dynamic Power Unit   : 1pW
Leakage Power Unit   : 1pW

Switched supply net power scaling:
scaling for leakage power

Supply nets:
VDD (power) probability 1.00 (default)
VSS (ground) probability 1.00 (default)

  Cell Internal Power    = 6.14e+07 pW ( 91.2%)
  Net Switching Power    = 5.95e+06 pW (  8.8%)
Total Dynamic Power      = 6.74e+07 pW (100.0%)

Cell Leakage Power       = 3.32e+07 pW


  Attributes
  ----------
      u  -  User defined power group
      i  -  Includes clock pin internal power

Power Group         Internal Power        Switching Power          Leakage Power            Total Power    (   %  )    Attrs
-----------------------------------------------------------------------------------------------------------------------------
io_pad                    0.00e+00               0.00e+00               0.00e+00               0.00e+00    (  0.0%)         
memory                    0.00e+00               0.00e+00               0.00e+00               0.00e+00    (  0.0%)         
black_box                 0.00e+00               0.00e+00               0.00e+00               0.00e+00    (  0.0%)         
clock_network             5.75e+07               1.62e+06               3.92e+05               5.95e+07    ( 59.2%)        i
register                  3.06e+06               4.76e+05               1.80e+07               2.15e+07    ( 21.4%)         
sequential                0.00e+00               0.00e+00               0.00e+00               0.00e+00    (  0.0%)         
combinational             8.97e+05               3.86e+06               1.48e+07               1.96e+07    ( 19.5%)         
-----------------------------------------------------------------------------------------------------------------------------
Total                     6.14e+07 pW            5.95e+06 pW            3.32e+07 pW            1.01e+08 pW
Mode: PowerSave
Corner: Slow
Scenario: PowerSave_Slow
Voltage: 0.72
Temperature: -40.00

Voltage Unit         : 1V
Capacitance Unit     : 1fF
Time Unit            : 1ns
Temperature Unit     : 1C
Dynamic Power Unit   : 1pW
Leakage Power Unit   : 1pW

Switched supply net power scaling:
scaling for leakage power

Supply nets:
VDD (power) probability 1.00 (default)
VSS (ground) probability 1.00 (default)

  Cell Internal Power    = 5.66e+06 pW ( 60.3%)
  Net Switching Power    = 3.72e+06 pW ( 39.7%)
Total Dynamic Power      = 9.38e+06 pW (100.0%)

Cell Leakage Power       = 1.70e+04 pW


  Attributes
  ----------
      u  -  User defined power group
      i  -  Includes clock pin internal power

Power Group         Internal Power        Switching Power          Leakage Power            Total Power    (   %  )    Attrs
-----------------------------------------------------------------------------------------------------------------------------
io_pad                    0.00e+00               0.00e+00               0.00e+00               0.00e+00    (  0.0%)         
memory                    0.00e+00               0.00e+00               0.00e+00               0.00e+00    (  0.0%)         
black_box                 0.00e+00               0.00e+00               0.00e+00               0.00e+00    (  0.0%)         
clock_network             4.12e+06               9.89e+05               2.50e+02               5.11e+06    ( 54.4%)        i
register                  9.09e+05               3.30e+05               1.05e+04               1.25e+06    ( 13.3%)         
sequential                0.00e+00               0.00e+00               0.00e+00               0.00e+00    (  0.0%)         
combinational             6.29e+05               2.40e+06               6.24e+03               3.04e+06    ( 32.3%)         
-----------------------------------------------------------------------------------------------------------------------------
Total                     5.66e+06 pW            3.72e+06 pW            1.70e+04 pW            9.40e+06 pW
Mode: PowerSave
Corner: Typical
Scenario: PowerSave_Typical
Voltage: 0.80
Temperature: 25.00

Voltage Unit         : 1V
Capacitance Unit     : 1fF
Time Unit            : 1ns
Temperature Unit     : 1C
Dynamic Power Unit   : 1pW
Leakage Power Unit   : 1pW

Switched supply net power scaling:
scaling for leakage power

Supply nets:
VDD (power) probability 1.00 (default)
VSS (ground) probability 1.00 (default)

  Cell Internal Power    = 1.41e+07 pW ( 74.5%)
  Net Switching Power    = 4.81e+06 pW ( 25.5%)
Total Dynamic Power      = 1.89e+07 pW (100.0%)

Cell Leakage Power       = 3.16e+05 pW


  Attributes
  ----------
      u  -  User defined power group
      i  -  Includes clock pin internal power

Power Group         Internal Power        Switching Power          Leakage Power            Total Power    (   %  )    Attrs
-----------------------------------------------------------------------------------------------------------------------------
io_pad                    0.00e+00               0.00e+00               0.00e+00               0.00e+00    (  0.0%)         
memory                    0.00e+00               0.00e+00               0.00e+00               0.00e+00    (  0.0%)         
black_box                 0.00e+00               0.00e+00               0.00e+00               0.00e+00    (  0.0%)         
clock_network             1.19e+07               1.29e+06               3.55e+03               1.32e+07    ( 68.9%)        i
register                  1.41e+06               4.10e+05               1.72e+05               1.99e+06    ( 10.4%)         
sequential                0.00e+00               0.00e+00               0.00e+00               0.00e+00    (  0.0%)         
combinational             7.18e+05               3.11e+06               1.41e+05               3.97e+06    ( 20.7%)         
-----------------------------------------------------------------------------------------------------------------------------
Total                     1.41e+07 pW            4.81e+06 pW            3.16e+05 pW            1.92e+07 pW
1
